2025-12-12 02:49:40,849 - UNI_v7 - INFO - Google Suggest: Iniciando coleta para 'bitcoin' (limite: 15)
2025-12-12 02:49:40,894 - urllib3.connectionpool - DEBUG - Starting new HTTPS connection (1): suggestqueries.google.com:443
2025-12-12 02:49:41,089 - urllib3.connectionpool - DEBUG - https://suggestqueries.google.com:443 "GET /complete/search?q=bitcoin&gl=br&client=chrome&hl=top&ds=web HTTP/1.1" 200 95
2025-12-12 02:49:41,091 - UNI_v7 - INFO - Google Suggest: Coletados 0 resultados com sucesso
2025-12-12 02:49:41,091 - UNI_v7 - INFO - Google Suggest: Iniciando coleta para 'bitcoin' (limite: 15)
2025-12-12 02:49:41,184 - urllib3.connectionpool - DEBUG - https://suggestqueries.google.com:443 "GET /complete/search?q=bitcoin&gl=br&client=chrome&hl=a-z&ds=web HTTP/1.1" 200 95
2025-12-12 02:49:41,185 - UNI_v7 - INFO - Google Suggest: Coletados 0 resultados com sucesso
2025-12-12 02:49:41,185 - UNI_v7 - INFO - Google Suggest: Iniciando coleta para 'bitcoin' (limite: 15)
2025-12-12 02:49:41,278 - urllib3.connectionpool - DEBUG - https://suggestqueries.google.com:443 "GET /complete/search?q=bitcoin&gl=br&client=chrome&hl=0-9&ds=web HTTP/1.1" 200 95
2025-12-12 02:49:41,278 - UNI_v7 - INFO - Google Suggest: Coletados 0 resultados com sucesso
2025-12-12 02:49:41,279 - UNI_v7 - INFO - Google Suggest: Iniciando coleta para 'bitcoin' (limite: 15)
2025-12-12 02:49:41,377 - urllib3.connectionpool - DEBUG - https://suggestqueries.google.com:443 "GET /complete/search?q=bitcoin&gl=br&client=chrome&hl=other&ds=web HTTP/1.1" 200 95
2025-12-12 02:49:41,377 - UNI_v7 - INFO - Google Suggest: Coletados 0 resultados com sucesso
2025-12-12 02:49:41,377 - UNI_v7 - INFO - Google Suggest: Iniciando coleta para 'bitcoin' (limite: 15)
2025-12-12 02:49:41,466 - urllib3.connectionpool - DEBUG - https://suggestqueries.google.com:443 "GET /complete/search?q=bitcoin&gl=br&client=chrome&hl=top&ds=youtube HTTP/1.1" 200 95
2025-12-12 02:49:41,466 - UNI_v7 - INFO - Google Suggest: Coletados 0 resultados com sucesso
2025-12-12 02:49:41,466 - UNI_v7 - INFO - Google Suggest: Iniciando coleta para 'bitcoin' (limite: 15)
2025-12-12 02:49:41,559 - urllib3.connectionpool - DEBUG - https://suggestqueries.google.com:443 "GET /complete/search?q=bitcoin&gl=br&client=chrome&hl=a-z&ds=youtube HTTP/1.1" 200 95
2025-12-12 02:49:41,560 - UNI_v7 - INFO - Google Suggest: Coletados 0 resultados com sucesso
2025-12-12 02:49:41,560 - UNI_v7 - INFO - Google Suggest: Iniciando coleta para 'bitcoin' (limite: 15)
2025-12-12 02:49:41,651 - urllib3.connectionpool - DEBUG - https://suggestqueries.google.com:443 "GET /complete/search?q=bitcoin&gl=br&client=chrome&hl=0-9&ds=youtube HTTP/1.1" 200 95
2025-12-12 02:49:41,651 - UNI_v7 - INFO - Google Suggest: Coletados 0 resultados com sucesso
2025-12-12 02:49:41,651 - UNI_v7 - INFO - Google Suggest: Iniciando coleta para 'bitcoin' (limite: 15)
2025-12-12 02:49:41,759 - urllib3.connectionpool - DEBUG - https://suggestqueries.google.com:443 "GET /complete/search?q=bitcoin&gl=br&client=chrome&hl=other&ds=youtube HTTP/1.1" 200 95
2025-12-12 02:49:41,760 - UNI_v7 - INFO - Google Suggest: Coletados 0 resultados com sucesso
2025-12-12 02:49:41,760 - UNI_v7 - INFO - Google: Iniciando coleta para 'bitcoin' (limite: 20, tentativa 1/3)
2025-12-12 02:49:41,760 - UNI_v7 - INFO - Bing: Iniciando coleta para 'bitcoin' (limite: 20, tentativa 1/3)
2025-12-12 02:49:41,761 - UNI_v7 - INFO - Brave: Iniciando coleta para 'bitcoin' (limite: 20, tentativa 1/3)
2025-12-12 02:49:41,761 - UNI_v7 - INFO - DuckDuckGo: Iniciando coleta para 'bitcoin' (limite: 20, tentativa 1/3)
2025-12-12 02:49:41,765 - googleapiclient.discovery_cache - INFO - file_cache is only supported with oauth2client<4.0.0
2025-12-12 02:49:41,769 - googleapiclient.discovery - DEBUG - URL being requested: GET https://customsearch.googleapis.com/customsearch/v1?q=bitcoin&cx=f07ccd3b922d6437b&gl=br&lr=lang_pt&start=1&num=10&safe=off&key=AIzaSyBj80B2fwVvFEMtcQU8tPV_NCNaEmQvzhc&alt=json
2025-12-12 02:49:41,786 - urllib3.connectionpool - DEBUG - Starting new HTTPS connection (1): api.search.brave.com:443
2025-12-12 02:49:41,911 - urllib3.connectionpool - DEBUG - Starting new HTTPS connection (1): serpapi.com:443
2025-12-12 02:49:41,957 - primp.utils - DEBUG - Loaded CA certs
2025-12-12 02:49:41,964 - primp.utils - DEBUG - Loaded CA certs
2025-12-12 02:49:41,965 - primp.utils - DEBUG - Loaded CA certs
2025-12-12 02:49:41,965 - primp.utils - DEBUG - Loaded CA certs
2025-12-12 02:49:41,965 - primp.utils - DEBUG - Loaded CA certs
2025-12-12 02:49:41,965 - primp.utils - DEBUG - Loaded CA certs
2025-12-12 02:49:41,965 - primp.utils - DEBUG - Loaded CA certs
2025-12-12 02:49:41,965 - primp.utils - DEBUG - Loaded CA certs
2025-12-12 02:49:41,966 - httpcore.connection - DEBUG - connect_tcp.started host='html.duckduckgo.com' port=443 local_address=None timeout=5 socket_options=None
2025-12-12 02:49:41,966 - ddgs.ddgs - INFO - Error in engine wikipedia: ValueError('not enough values to unpack (expected 2, got 1)')
2025-12-12 02:49:41,968 - rquest.connect - DEBUG - starting new connection: https://search.yahoo.com/
2025-12-12 02:49:41,968 - rquest.connect - DEBUG - starting new connection: https://yandex.com/
2025-12-12 02:49:41,968 - rquest.util.client.connect.dns - DEBUG - resolving search.yahoo.com
2025-12-12 02:49:41,968 - rquest.util.client.connect.dns - DEBUG - resolving yandex.com
2025-12-12 02:49:41,977 - rquest.util.client.connect.http - DEBUG - connecting to 77.88.55.88:443
2025-12-12 02:49:41,978 - rquest.util.client.connect.http - DEBUG - connecting to 66.218.84.137:443
2025-12-12 02:49:42,001 - httpcore.connection - DEBUG - connect_tcp.complete return_value=<httpcore._backends.sync.SyncStream object at 0x10e20b5b0>
2025-12-12 02:49:42,001 - httpcore.connection - DEBUG - start_tls.started ssl_context=<ssl.SSLContext object at 0x10e17e890> server_hostname='html.duckduckgo.com' timeout=5
2025-12-12 02:49:42,039 - httpcore.connection - DEBUG - start_tls.complete return_value=<httpcore._backends.sync.SyncStream object at 0x10e20b580>
2025-12-12 02:49:42,039 - httpcore.http2 - DEBUG - send_connection_init.started request=<Request [b'POST']>
2025-12-12 02:49:42,040 - httpcore.http2 - DEBUG - send_connection_init.complete
2025-12-12 02:49:42,040 - httpcore.http2 - DEBUG - send_request_headers.started request=<Request [b'POST']> stream_id=1
2025-12-12 02:49:42,040 - hpack.hpack - DEBUG - Adding (b':method', b'POST') to the header table, sensitive:False, huffman:True
2025-12-12 02:49:42,040 - hpack.hpack - DEBUG - Encoding 3 with 7 bits
2025-12-12 02:49:42,040 - hpack.hpack - DEBUG - Adding (b':authority', b'html.duckduckgo.com') to the header table, sensitive:False, huffman:True
2025-12-12 02:49:42,040 - hpack.hpack - DEBUG - Encoding 1 with 6 bits
2025-12-12 02:49:42,040 - hpack.hpack - DEBUG - Encoding 14 with 7 bits
2025-12-12 02:49:42,040 - hpack.hpack - DEBUG - Adding (b':scheme', b'https') to the header table, sensitive:False, huffman:True
2025-12-12 02:49:42,041 - hpack.hpack - DEBUG - Encoding 7 with 7 bits
2025-12-12 02:49:42,041 - hpack.hpack - DEBUG - Adding (b':path', b'/html/') to the header table, sensitive:False, huffman:True
2025-12-12 02:49:42,041 - hpack.hpack - DEBUG - Encoding 4 with 6 bits
2025-12-12 02:49:42,041 - hpack.hpack - DEBUG - Encoding 5 with 7 bits
2025-12-12 02:49:42,041 - hpack.hpack - DEBUG - Adding (b'accept', b'*/*') to the header table, sensitive:False, huffman:True
2025-12-12 02:49:42,041 - hpack.hpack - DEBUG - Encoding 19 with 6 bits
2025-12-12 02:49:42,041 - hpack.hpack - DEBUG - Encoding 3 with 7 bits
2025-12-12 02:49:42,041 - hpack.hpack - DEBUG - Adding (b'accept-encoding', b'gzip, deflate, br') to the header table, sensitive:False, huffman:True
2025-12-12 02:49:42,041 - hpack.hpack - DEBUG - Encoding 16 with 6 bits
2025-12-12 02:49:42,042 - hpack.hpack - DEBUG - Encoding 13 with 7 bits
2025-12-12 02:49:42,042 - hpack.hpack - DEBUG - Adding (b'user-agent', b'python-httpx/0.28.1') to the header table, sensitive:False, huffman:True
2025-12-12 02:49:42,042 - hpack.hpack - DEBUG - Encoding 58 with 6 bits
2025-12-12 02:49:42,042 - hpack.hpack - DEBUG - Encoding 14 with 7 bits
2025-12-12 02:49:42,042 - hpack.hpack - DEBUG - Adding (b'content-length', b'17') to the header table, sensitive:False, huffman:True
2025-12-12 02:49:42,042 - hpack.hpack - DEBUG - Encoding 28 with 6 bits
2025-12-12 02:49:42,042 - hpack.hpack - DEBUG - Encoding 2 with 7 bits
2025-12-12 02:49:42,042 - hpack.hpack - DEBUG - Adding (b'content-type', b'application/x-www-form-urlencoded') to the header table, sensitive:False, huffman:True
2025-12-12 02:49:42,042 - hpack.hpack - DEBUG - Encoding 31 with 6 bits
2025-12-12 02:49:42,042 - hpack.hpack - DEBUG - Encoding 24 with 7 bits
2025-12-12 02:49:42,042 - hpack.hpack - DEBUG - Encoded header block to b"\x83A\x8e\x9d4\xd0\xbc\x96\x93\xac\x96\x93\xac\xc7\\\x87\xa7\x87D\x85bt\xd3C\x1fS\x83\xf9c\xe7P\x8d\x9b\xd9\xab\xfaRB\xcb@\xd2_\xa5#\xb3z\x8e\xaf\xd2g=KN\x94\xd7\xe5\x80.'\x97\x0f\\\x82\x0b\xbf_\x98\x1du\xd0b\r&=Ly[\xc7\x8f\x0bJ{)Z\xdb(-D<\x85\x93"
2025-12-12 02:49:42,042 - httpcore.http2 - DEBUG - send_request_headers.complete
2025-12-12 02:49:42,042 - httpcore.http2 - DEBUG - send_request_body.started request=<Request [b'POST']> stream_id=1
2025-12-12 02:49:42,043 - httpcore.http2 - DEBUG - send_request_body.complete
2025-12-12 02:49:42,043 - httpcore.http2 - DEBUG - receive_response_headers.started request=<Request [b'POST']> stream_id=1
2025-12-12 02:49:42,043 - httpcore.http2 - DEBUG - receive_remote_settings.started
2025-12-12 02:49:42,043 - httpcore.http2 - DEBUG - receive_remote_settings.complete return_value=<RemoteSettingsChanged changed_settings:{ChangedSetting(setting=SettingCodes.MAX_CONCURRENT_STREAMS, original_value=None, new_value=100), ChangedSetting(setting=SettingCodes.INITIAL_WINDOW_SIZE, original_value=65535, new_value=65536), ChangedSetting(setting=SettingCodes.MAX_FRAME_SIZE, original_value=16384, new_value=16777215)}>
2025-12-12 02:49:42,087 - hpack.hpack - DEBUG - Decoding b' H\x03202v\x84\xaacU\xe7a\x96\xc3a\xbe\x94\x08\x94\xbeR( \t\xb5\x00\xdd\xc6\x9f\xb8\xd0\x94\xc5\xa3\x7f_\x92I|\xa5\x89\xd3M\x1fj\x12q\xd8\x82\xa6\x0e\x1b\xf0\xac\xf7\x00\x8aAl\xee[\x16I\xa95S\x7f\x9eI\xd2:>\xe4\xb6\xc8\x04\xd7\xdc\x85A \xfen\x8c\x9dKT\x8ao:GB\x9f\xfb\xab\xff\x9f\xcf\x00\x04vary\x85\xd5a\xa65_\x00\x91Bl1\x12\xb2l\x1dH\xac\xf6%d\x14\x96\xd8d\xfa\x8c\xa4~V\x1c\xc5\x81\x90\xb6\xcb\x80\x00?\x00\x89\xf2\xb5\x87\x8c\xe9B\xc9\x1c\xdf\x85\xa8\xe6\xaaB\xf9\x00\x8d\xac\xb6Rd \xc7\xa9\x0bVz\x0cO_\x8e5I-\x85BV!\xe7=\x89\x83\xfa\xfe\xff\x00\x90!\xeaIjJ\xc8)-\xb0\xc9\xf4\xb5g\xa0\xc4\xf5\xff\xe4\t\x90\xb2\x8e\xda\x12\xb2,"\x9f\xea\xa3\xd4_\xf4\xa7\xda\x84=U\x14\x89Y\x16\x11E\'JkE\xc6\x18\x92\xd2u\\fRt\xa6\xb4\\a\x8f\x95\xe4\xb4\x9dW\x19\x94\x9d)\xad\x17\x18bKI\xd6KI\xd6c\xaeC\xd2\xa4\xe9Mh\xb8\xc3\x1f+\xc9i:\xc9i:\xccu\xc8zT\x9d)\xad\x17\x18bKI\xd6KI\xd6c\xcd3B\xf3\xd0\xe4t^YGA\xa0\xfe\x0e;%\x8ebS\xdeSR9R\x97\x13\xe0s#\xc7\xb2{\x1c\x8b\x9e\xa3\x1e\xa6\x14\x9d)\xad\x17\x18a\x15\xd8Q\xc9]\x86\xee2z\\\x87\xa5O\xb5)\x1dF\x94\xa8J\xc8\xb0\x8a):SZ.0\xc4\x96\x93\xaa\xe32\x93\xa55\xa2\xe3\x0c|\xaf%\xa4\xea\xb8\xcc\xa4\xe9Mh\xb8\xc3\x12ZN\xb2ZN\xb3\x1dr\x1e\x95\'JkE\xc6\x18\xf9^KI\xd6KI\xd6c\xaeC\xd2\xa4\xe9Mh\xb8\xc3\x12ZN\xb2ZN\xb3\x1ei\x9a\x17\x9e\x87#\xa2\xf2\xca:\r\x07\xf0q\xd9,s\x12\x9e\xf2\x9a\x91\xca\x94\xb8\x9f\x03\x99\x1e=\x93\xd8\xe4\\\xf5\x18\xf50\xa4\xe9Mh\xb8\xc3\x08\xae\xc2\x8eJ\xec7q\x93\xd2\xe4=*}\xa9Id0\xd6E\x84QI\xd2\x9a\xd1q\x86$\xb4\x9dW\x19\x94\x9d)\xad\x17\x18c\xe5y-\'U\xc6e\'JkE\xc6\x18\x92\xd2u\x92\xd2u\x98\xeb\x90\xf4\xa9:SZ.0\xc7\xca\xf2ZN\xb2ZN\xb3\x1dr\x1e\x95\'JkE\xc6\x18\x92\xd2u\x92\xd2u\x98\xf3L\xd0\xbc\xf49\x1d\x17\x96Q\xd0h?\x83\x8e\xc9c\x98\x94\xf7\x94\xd4\x8eT\xa5\xc4\xf8\x1c\xc8\xf1\xec\x9e\xc7"\xe7\xa8\xc7\xa9\x85\'JkE\xc6\x18Ev\x14rWa\xbb\x8c\x9e\x97!\xe9S\xedD\x12\xc3V\x95\x91a\x14\x8e\x83\xc7qE\'JkE\xc6\x18\x92\xd2u\\fRt\xa6\xb4\\a\x8f\x95\xe4\xb4\x9dW\x19\x94\x9d)\xad\x17\x18bKI\xd6KI\xd6c\xaeC\xd2\xa4\xe9Mh\xb8\xc3\x1f+\xc9i:\xc9i:\xccu\xc8zT\x9d)\xad\x17\x18bKI\xd6KI\xd6c\xcd3B\xf3\xd0\xe4t^YGA\xa0\xfe\x0e;%\x8ebS\xdeSR9R\x97\x13\xe0s#\xc7\xb2{\x1c\x8b\x9e\xa3\x1e\xa6\x14\x9d)\xad\x17\x18a\x15\xd8Q\xc9]\x86\xee2z\\\x87\xa5O\xb5%=IY\x16\x11I\x06\x91\xdcQI\xd2\x9a\xd1q\x86$\xb4\x9dW\x19\x94\x9d)\xad\x17\x18c\xe5y-\'U\xc6e\'JkE\xc6\x18\x92\xd2u\x92\xd2u\x98\xeb\x90\xf4\xa9:SZ.0\xc7\xca\xf2ZN\xb2ZN\xb3\x1dr\x1e\x95\'JkE\xc6\x18\x92\xd2u\x92\xd2u\x98\xf3L\xd0\xbc\xf49\x1d\x17\x96Q\xd0h?\x83\x8e\xc9c\x98\x94\xf7\x94\xd4\x8eT\xa5\xc4\xf8\x1c\xc8\xf1\xec\x9e\xc7"\xe7\xa8\xc7\xa9\x85\'JkE\xc6\x18Ev\x14rWa\xbb\x8c\x9e\x97!\xe9S\xedCS2\xc8\xb0\x8aH4\x8e\xe2\x8aN\x94\xd6\x8b\x8c1%\xa4\xea\xb8\xcc\xa4\xe9Mh\xb8\xc3\x1f+\xc9i:\xae3):SZ.0\xc4\x96\x93\xac\x96\x93\xac\xc7\\\x87\xa5I\xd2\x9a\xd1q\x86>W\x92\xd2u\x92\xd2u\x98\xeb\x90\xf4\xa9:SZ.0\xc4\x96\x93\xac\x96\x93\xac\xc7\x9af\x85\xe7\xa1\xc8\xe8\xbc\xb2\x8e\x83A\xfc\x1cvK\x1c\xc4\xa7\xbc\xa6\xa4r\xa5.\'\xc0\xe6G\x8fd\xf69\x17=F=L):SZ.0\xc2+\xb0\xa3\x92\xbb\r\xdcd\xf4\xb9\x0fJ\x9fj!>\xa8*\xc8\xb0\x8a):SZ.0\xc4\x96\x93\xaa\xe32\x93\xa55\xa2\xe3\x0c|\xaf%\xa4\xea\xb8\xcc\xa4\xe9Mh\xb8\xc3\x12ZN\xb2ZN\xb3\x1dr\x1e\x95\'JkE\xc6\x18\xf9^KI\xd6KI\xd6c\xaeC\xd2\xa4\xe9Mh\xb8\xc3\x12ZN\xb2ZN\xb3\x1ei\x9a\x17\x9e\x87#\xa2\xf2\xca:\r\x07\xf0q\xd9,s\x12\x9e\xf2\x9a\x91\xca\x94\xb8\x9f\x03\x99\x1e=\x93\xd8\xe4\\\xf5\x18\xf50\xa4\xe9Mh\xb8\xc3\x08\xae\xc2\x8eJ\xec7q\x93\xd2\xe4=*}\xa8x\xfa\x14\x89Y\x16\x11O\xf5Q\xea/\xfaS\xedO\x07\xb3\xa9lY\x16\x11H\xe8<w\x14\xfbP\x93\x9a\x89\x16E\x84R:\x0f\x1d\xc5\x14\x9d)\xad\x17\x18bKI\xd5q\x99I\xd2\x9a\xd1q\x86>W\x92\xd2u\\fRt\xa6\xb4\\a\x89-\'Y-\'Y\x8e\xb9\x0fJ\x93\xa55\xa2\xe3\x0c|\xaf%\xa4\xeb%\xa4\xeb1\xd7!\xe9Rt\xa6\xb4\\a\x89-\'Y-\'Y\x8f4\xcd\x0b\xcfC\x91\xd1ye\x1d\x06\x83\xf88\xec\x969\x89OyMH\xe5J\\O\x81\xcc\x8f\x1e\xc9\xecr.z\x8cz\x98Rt\xa6\xb4\\a\x84WaG%v\x1b\xb8\xc9\xe9r\x1e\x95>\xd4\x96\xc1\xd2U\x91a\x14\x8e\x83\xc7qE\'JkE\xc6\x18\x92\xd2u\\fRt\xa6\xb4\\a\x8f\x95\xe4\xb4\x9dW\x19\x94\x9d)\xad\x17\x18bKI\xd6KI\xd6c\xaeC\xd2\xa4\xe9Mh\xb8\xc3\x1f+\xc9i:\xc9i:\xccu\xc8zT\x9d)\xad\x17\x18bKI\xd6KI\xd6c\xcd3B\xf3\xd0\xe4t^YGA\xa0\xfe\x0e;%\x8ebS\xdeSR9R\x97\x13\xe0s#\xc7\xb2{\x1c\x8b\x9e\xa3\x1e\xa6\x14\x9d)\xad\x17\x18a\x15\xd8Q\xc9]\x86\xee2z\\\x87\xa5O\xb5%\xb0t\x95a\xd4B\xa1\'\xb1\n\x7f\xa4\x16\x89\x7f\xd2\x9fjF4\x15kl2\x9f\xe9\x05\xa2_\xf4\xa7\xda\x91\xd0ruXtP\xb5&\xf2Y\x16!\xeaIjJ\x9f\x7f\x00\x8b\xf2\xb4\xb6\x0e\x92\xacz\xd2c\xd4\x8f\x89\xdd\x0e\x8c\x1a\xb6\xe4\xc5\x93O\x00\x8c\xf2\xb7\x94!j\xec:JD\x98\xf5\x7f\x89\x0f\xdd\'\x90\xb0GA\xc9\xd7\x00\x90\xf2\xb1\x0fRKRVO\xaa\xca\xb1\xebI\x8fR?\x85\xa8\xe8\xa8\xd2\xcb\x00\x8b\xb0\xb2\x96\xcb\x0bb\xd5\x9e\x83\x13\xd7\x85=\x86\x98\xd5\x7f\x00\x87/\x9a\xcaD\xacD\xff\x87\xa4~V\x1c\xc5\x80\x1f'
2025-12-12 02:49:42,087 - hpack.hpack - DEBUG - Decoded 0, consumed 1 bytes
2025-12-12 02:49:42,087 - hpack.table - DEBUG - Resizing header table to 0 from 4096
2025-12-12 02:49:42,087 - hpack.hpack - DEBUG - Decoded 8, consumed 1 bytes
2025-12-12 02:49:42,087 - hpack.hpack - DEBUG - Decoded 3, consumed 1 bytes
2025-12-12 02:49:42,087 - hpack.hpack - DEBUG - Decoded (b':status', <memory at 0x10e237100>), total consumed 5 bytes, indexed True
2025-12-12 02:49:42,088 - hpack.hpack - DEBUG - Decoded 54, consumed 1 bytes
2025-12-12 02:49:42,088 - hpack.hpack - DEBUG - Decoded 4, consumed 1 bytes
2025-12-12 02:49:42,088 - hpack.hpack - DEBUG - Decoded (b'server', b'nginx'), total consumed 6 bytes, indexed True
2025-12-12 02:49:42,088 - hpack.hpack - DEBUG - Decoded 33, consumed 1 bytes
2025-12-12 02:49:42,088 - hpack.hpack - DEBUG - Decoded 22, consumed 1 bytes
2025-12-12 02:49:42,088 - hpack.hpack - DEBUG - Decoded (b'date', b'Fri, 12 Dec 2025 05:49:42 GMT'), total consumed 24 bytes, indexed True
2025-12-12 02:49:42,088 - hpack.hpack - DEBUG - Decoded 31, consumed 1 bytes
2025-12-12 02:49:42,088 - hpack.hpack - DEBUG - Decoded 18, consumed 1 bytes
2025-12-12 02:49:42,088 - hpack.hpack - DEBUG - Decoded (b'content-type', b'text/html; charset=UTF-8'), total consumed 20 bytes, indexed True
2025-12-12 02:49:42,088 - hpack.hpack - DEBUG - Decoded 10, consumed 1 bytes
2025-12-12 02:49:42,088 - hpack.hpack - DEBUG - Decoded 30, consumed 1 bytes
2025-12-12 02:49:42,088 - hpack.hpack - DEBUG - Decoded (b'server-timing', b'total;dur=24;desc="Backend Total [n]"'), total consumed 43 bytes, indexed False
2025-12-12 02:49:42,088 - hpack.hpack - DEBUG - Decoded 4, consumed 1 bytes
2025-12-12 02:49:42,088 - hpack.hpack - DEBUG - Decoded 5, consumed 1 bytes
2025-12-12 02:49:42,089 - hpack.hpack - DEBUG - Decoded (<memory at 0x10e237040>, b'Origin'), total consumed 12 bytes, indexed False
2025-12-12 02:49:42,089 - hpack.hpack - DEBUG - Decoded 17, consumed 1 bytes
2025-12-12 02:49:42,089 - hpack.hpack - DEBUG - Decoded 12, consumed 1 bytes
2025-12-12 02:49:42,089 - hpack.hpack - DEBUG - Decoded (b'strict-transport-security', b'max-age=31536000'), total consumed 32 bytes, indexed False
2025-12-12 02:49:42,089 - hpack.hpack - DEBUG - Decoded 9, consumed 1 bytes
2025-12-12 02:49:42,089 - hpack.hpack - DEBUG - Decoded 5, consumed 1 bytes
2025-12-12 02:49:42,089 - hpack.hpack - DEBUG - Decoded (b'x-robots-tag', b'noindex'), total consumed 17 bytes, indexed False
2025-12-12 02:49:42,089 - hpack.hpack - DEBUG - Decoded 13, consumed 1 bytes
2025-12-12 02:49:42,089 - hpack.hpack - DEBUG - Decoded 14, consumed 1 bytes
2025-12-12 02:49:42,089 - hpack.hpack - DEBUG - Decoded (b'permissions-policy', b'interest-cohort=()'), total consumed 30 bytes, indexed False
2025-12-12 02:49:42,089 - hpack.hpack - DEBUG - Decoded 16, consumed 1 bytes
2025-12-12 02:49:42,089 - hpack.hpack - DEBUG - Decoded 1379, consumed 3 bytes
2025-12-12 02:49:42,090 - hpack.hpack - DEBUG - Decoded (b'content-security-policy', b"default-src 'none' ; connect-src  https://duck.ai https://*.duck.ai https://duckduckgo.com https://*.duckduckgo.com https://duckduckgogg42xjoc72x3sjasowoarfbgcmvfimaftt6twagswzczad.onion/ https://spreadprivacy.com ; manifest-src  https://duck.ai https://*.duck.ai https://duckduckgo.com https://*.duckduckgo.com https://duckduckgogg42xjoc72x3sjasowoarfbgcmvfimaftt6twagswzczad.onion/ https://spreadprivacy.com ; media-src  https://duck.ai https://*.duck.ai https://duckduckgo.com https://*.duckduckgo.com https://duckduckgogg42xjoc72x3sjasowoarfbgcmvfimaftt6twagswzczad.onion/ https://spreadprivacy.com ; script-src blob:  https://duck.ai https://*.duck.ai https://duckduckgo.com https://*.duckduckgo.com https://duckduckgogg42xjoc72x3sjasowoarfbgcmvfimaftt6twagswzczad.onion/ https://spreadprivacy.com ; font-src data:  https://duck.ai https://*.duck.ai https://duckduckgo.com https://*.duckduckgo.com https://duckduckgogg42xjoc72x3sjasowoarfbgcmvfimaftt6twagswzczad.onion/ https://spreadprivacy.com ; img-src data:  https://duck.ai https://*.duck.ai https://duckduckgo.com https://*.duckduckgo.com https://duckduckgogg42xjoc72x3sjasowoarfbgcmvfimaftt6twagswzczad.onion/ https://spreadprivacy.com ; style-src  https://duck.ai https://*.duck.ai https://duckduckgo.com https://*.duckduckgo.com https://duckduckgogg42xjoc72x3sjasowoarfbgcmvfimaftt6twagswzczad.onion/ https://spreadprivacy.com ; object-src 'none' ; worker-src blob: ; child-src blob:  https://duck.ai https://*.duck.ai https://duckduckgo.com https://*.duckduckgo.com https://duckduckgogg42xjoc72x3sjasowoarfbgcmvfimaftt6twagswzczad.onion/ https://spreadprivacy.com ; frame-src blob:  https://duck.ai https://*.duck.ai https://duckduckgo.com https://*.duckduckgo.com https://duckduckgogg42xjoc72x3sjasowoarfbgcmvfimaftt6twagswzczad.onion/ https://spreadprivacy.com ; frame-ancestors 'self' ; base-uri 'self' ; block-all-mixed-content ;"), total consumed 1400 bytes, indexed False
2025-12-12 02:49:42,090 - hpack.hpack - DEBUG - Decoded 11, consumed 1 bytes
2025-12-12 02:49:42,090 - hpack.hpack - DEBUG - Decoded 9, consumed 1 bytes
2025-12-12 02:49:42,090 - hpack.hpack - DEBUG - Decoded (b'x-frame-options', b'SAMEORIGIN'), total consumed 23 bytes, indexed False
2025-12-12 02:49:42,090 - hpack.hpack - DEBUG - Decoded 12, consumed 1 bytes
2025-12-12 02:49:42,090 - hpack.hpack - DEBUG - Decoded 9, consumed 1 bytes
2025-12-12 02:49:42,090 - hpack.hpack - DEBUG - Decoded (b'x-xss-protection', b'1;mode=block'), total consumed 24 bytes, indexed False
2025-12-12 02:49:42,090 - hpack.hpack - DEBUG - Decoded 16, consumed 1 bytes
2025-12-12 02:49:42,090 - hpack.hpack - DEBUG - Decoded 5, consumed 1 bytes
2025-12-12 02:49:42,090 - hpack.hpack - DEBUG - Decoded (b'x-content-type-options', b'nosniff'), total consumed 24 bytes, indexed False
2025-12-12 02:49:42,090 - hpack.hpack - DEBUG - Decoded 11, consumed 1 bytes
2025-12-12 02:49:42,091 - hpack.hpack - DEBUG - Decoded 5, consumed 1 bytes
2025-12-12 02:49:42,091 - hpack.hpack - DEBUG - Decoded (b'referrer-policy', b'origin'), total consumed 19 bytes, indexed False
2025-12-12 02:49:42,091 - hpack.hpack - DEBUG - Decoded 7, consumed 1 bytes
2025-12-12 02:49:42,091 - hpack.hpack - DEBUG - Decoded 7, consumed 1 bytes
2025-12-12 02:49:42,091 - hpack.hpack - DEBUG - Decoded (b'expect-ct', b'max-age=0'), total consumed 17 bytes, indexed False
2025-12-12 02:49:42,091 - httpcore.http2 - DEBUG - receive_response_headers.complete return_value=(202, [(b'server', b'nginx'), (b'date', b'Fri, 12 Dec 2025 05:49:42 GMT'), (b'content-type', b'text/html; charset=UTF-8'), (b'server-timing', b'total;dur=24;desc="Backend Total [n]"'), (b'vary', b'Origin'), (b'strict-transport-security', b'max-age=31536000'), (b'x-robots-tag', b'noindex'), (b'permissions-policy', b'interest-cohort=()'), (b'content-security-policy', b"default-src 'none' ; connect-src  https://duck.ai https://*.duck.ai https://duckduckgo.com https://*.duckduckgo.com https://duckduckgogg42xjoc72x3sjasowoarfbgcmvfimaftt6twagswzczad.onion/ https://spreadprivacy.com ; manifest-src  https://duck.ai https://*.duck.ai https://duckduckgo.com https://*.duckduckgo.com https://duckduckgogg42xjoc72x3sjasowoarfbgcmvfimaftt6twagswzczad.onion/ https://spreadprivacy.com ; media-src  https://duck.ai https://*.duck.ai https://duckduckgo.com https://*.duckduckgo.com https://duckduckgogg42xjoc72x3sjasowoarfbgcmvfimaftt6twagswzczad.onion/ https://spreadprivacy.com ; script-src blob:  https://duck.ai https://*.duck.ai https://duckduckgo.com https://*.duckduckgo.com https://duckduckgogg42xjoc72x3sjasowoarfbgcmvfimaftt6twagswzczad.onion/ https://spreadprivacy.com ; font-src data:  https://duck.ai https://*.duck.ai https://duckduckgo.com https://*.duckduckgo.com https://duckduckgogg42xjoc72x3sjasowoarfbgcmvfimaftt6twagswzczad.onion/ https://spreadprivacy.com ; img-src data:  https://duck.ai https://*.duck.ai https://duckduckgo.com https://*.duckduckgo.com https://duckduckgogg42xjoc72x3sjasowoarfbgcmvfimaftt6twagswzczad.onion/ https://spreadprivacy.com ; style-src  https://duck.ai https://*.duck.ai https://duckduckgo.com https://*.duckduckgo.com https://duckduckgogg42xjoc72x3sjasowoarfbgcmvfimaftt6twagswzczad.onion/ https://spreadprivacy.com ; object-src 'none' ; worker-src blob: ; child-src blob:  https://duck.ai https://*.duck.ai https://duckduckgo.com https://*.duckduckgo.com https://duckduckgogg42xjoc72x3sjasowoarfbgcmvfimaftt6twagswzczad.onion/ https://spreadprivacy.com ; frame-src blob:  https://duck.ai https://*.duck.ai https://duckduckgo.com https://*.duckduckgo.com https://duckduckgogg42xjoc72x3sjasowoarfbgcmvfimaftt6twagswzczad.onion/ https://spreadprivacy.com ; frame-ancestors 'self' ; base-uri 'self' ; block-all-mixed-content ;"), (b'x-frame-options', b'SAMEORIGIN'), (b'x-xss-protection', b'1;mode=block'), (b'x-content-type-options', b'nosniff'), (b'referrer-policy', b'origin'), (b'expect-ct', b'max-age=0')])
2025-12-12 02:49:42,092 - httpx - INFO - HTTP Request: POST https://html.duckduckgo.com/html/ "HTTP/2 202 Accepted"
2025-12-12 02:49:42,092 - httpcore.http2 - DEBUG - receive_response_body.started request=<Request [b'POST']> stream_id=1
2025-12-12 02:49:42,103 - httpcore.http2 - DEBUG - receive_response_body.complete
2025-12-12 02:49:42,103 - httpcore.http2 - DEBUG - response_closed.started stream_id=1
2025-12-12 02:49:42,103 - httpcore.http2 - DEBUG - response_closed.complete
2025-12-12 02:49:42,145 - rquest.util.client.connect.http - DEBUG - connected to 66.218.84.137:443
2025-12-12 02:49:42,181 - UNI_v7 - WARNING - Google: Tentativa 1 falhou (HTTP 429): <HttpError 429 when requesting https://customsearch.googleapis.com/customsearch/v1?q=bitcoin&cx=f07c
2025-12-12 02:49:42,253 - urllib3.connectionpool - DEBUG - https://serpapi.com:443 "GET /search?engine=bing&q=bitcoin&cc=br&count=20&api_key=e71430bcff8bdc906f7a5ed9ae1538355c2efb0fb88ffa071f7125a76cc2b142&safe=off HTTP/1.1" 200 None
2025-12-12 02:49:42,254 - UNI_v7 - INFO - Bing: Coletados 10 resultados com sucesso
2025-12-12 02:49:42,301 - rquest.util.client.connect.http - DEBUG - connected to 77.88.55.88:443
2025-12-12 02:49:42,314 - rquest.util.client.pool - DEBUG - pooling idle connection for PoolKey { uri: https://search.yahoo.com/, alpn_protos: None, network: default }
2025-12-12 02:49:42,630 - rquest.util.client.pool - DEBUG - pooling idle connection for PoolKey { uri: https://yandex.com/, alpn_protos: None, network: default }
2025-12-12 02:49:42,863 - cookie_store.cookie_store - DEBUG - inserting secure cookie 'lkl'
2025-12-12 02:49:42,863 - cookie_store.cookie_store - DEBUG - inserting secure cookie 'A1'
2025-12-12 02:49:42,863 - cookie_store.cookie_store - DEBUG - inserting secure cookie 'A3'
2025-12-12 02:49:42,863 - cookie_store.cookie_store - DEBUG - inserting secure cookie 'A1S'
2025-12-12 02:49:42,863 - cookie_store.cookie_store - DEBUG - inserting secure cookie 'dflow'
2025-12-12 02:49:42,863 - primp - INFO - response: https://search.yahoo.com/search;_ylt=z9nF7LdVfQFesIOkgGuIlivL;_ylu=F-iFw2EuuPas7gcUerPVAOW_H-kkn1fPMZ7e0ZWE1vsICt4?p=bitcoin 200
2025-12-12 02:49:42,907 - urllib3.connectionpool - DEBUG - https://api.search.brave.com:443 "GET /res/v1/web/search?q=bitcoin&count=20&offset=0&country=br&safesearch=off HTTP/1.1" 200 None
2025-12-12 02:49:43,080 - UNI_v7 - INFO - Brave: Coletados 20 resultados com sucesso
2025-12-12 02:49:43,700 - cookie_store.cookie_store - DEBUG - inserting secure cookie 'is_gdpr'
2025-12-12 02:49:43,737 - cookie_store.cookie_store - DEBUG - inserting secure cookie 'is_gdpr_b'
2025-12-12 02:49:43,737 - cookie_store.cookie_store - DEBUG - inserting secure cookie '_yasc'
2025-12-12 02:49:43,737 - cookie_store.cookie_store - DEBUG - inserting secure cookie 'i'
2025-12-12 02:49:43,737 - cookie_store.cookie_store - DEBUG - inserting secure cookie 'yandexuid'
2025-12-12 02:49:43,737 - cookie_store.cookie_store - DEBUG - inserting secure cookie 'yashr'
2025-12-12 02:49:43,737 - cookie_store.cookie_store - DEBUG - inserting secure cookie 'bh'
2025-12-12 02:49:43,741 - primp - INFO - response: https://yandex.com/search/site/?text=bitcoin&web=1&searchid=1706097 200
2025-12-12 02:49:43,791 - ddgs.ddgs - INFO - Error in engine brave: ValueError('not enough values to unpack (expected 2, got 1)')
2025-12-12 02:49:43,794 - ddgs.ddgs - INFO - Error in engine mojeek: ValueError('not enough values to unpack (expected 2, got 1)')
2025-12-12 02:49:43,794 - ddgs.ddgs - INFO - Error in engine mullvad_brave: ValueError('not enough values to unpack (expected 2, got 1)')
2025-12-12 02:49:43,795 - ddgs.ddgs - INFO - Error in engine mullvad_google: ValueError('not enough values to unpack (expected 2, got 1)')
2025-12-12 02:49:43,799 - UNI_v7 - INFO - DuckDuckGo: Coletados 17 resultados com sucesso
2025-12-12 02:49:44,184 - UNI_v7 - INFO - Google: Iniciando coleta para 'bitcoin' (limite: 20, tentativa 2/3)
2025-12-12 02:49:44,193 - googleapiclient.discovery_cache - INFO - file_cache is only supported with oauth2client<4.0.0
2025-12-12 02:49:44,205 - googleapiclient.discovery - DEBUG - URL being requested: GET https://customsearch.googleapis.com/customsearch/v1?q=bitcoin&cx=f07ccd3b922d6437b&gl=br&lr=lang_pt&start=1&num=10&safe=off&key=AIzaSyBj80B2fwVvFEMtcQU8tPV_NCNaEmQvzhc&alt=json
2025-12-12 02:49:44,846 - googleapiclient.discovery - DEBUG - URL being requested: GET https://customsearch.googleapis.com/customsearch/v1?q=bitcoin&cx=f07ccd3b922d6437b&gl=br&lr=lang_pt&start=11&num=10&safe=off&key=AIzaSyBj80B2fwVvFEMtcQU8tPV_NCNaEmQvzhc&alt=json
2025-12-12 02:49:44,931 - UNI_v7 - WARNING - Google: Tentativa 2 falhou (HTTP 429): <HttpError 429 when requesting https://customsearch.googleapis.com/customsearch/v1?q=bitcoin&cx=f07c
2025-12-12 02:49:46,936 - UNI_v7 - INFO - Google: Iniciando coleta para 'bitcoin' (limite: 20, tentativa 3/3)
2025-12-12 02:49:46,942 - googleapiclient.discovery_cache - INFO - file_cache is only supported with oauth2client<4.0.0
2025-12-12 02:49:46,976 - googleapiclient.discovery - DEBUG - URL being requested: GET https://customsearch.googleapis.com/customsearch/v1?q=bitcoin&cx=f07ccd3b922d6437b&gl=br&lr=lang_pt&start=1&num=10&safe=off&key=AIzaSyBj80B2fwVvFEMtcQU8tPV_NCNaEmQvzhc&alt=json
2025-12-12 02:49:47,696 - googleapiclient.discovery - DEBUG - URL being requested: GET https://customsearch.googleapis.com/customsearch/v1?q=bitcoin&cx=f07ccd3b922d6437b&gl=br&lr=lang_pt&start=11&num=10&safe=off&key=AIzaSyBj80B2fwVvFEMtcQU8tPV_NCNaEmQvzhc&alt=json
2025-12-12 02:49:47,780 - UNI_v7 - WARNING - Google: Tentativa 3 falhou (HTTP 429): <HttpError 429 when requesting https://customsearch.googleapis.com/customsearch/v1?q=bitcoin&cx=f07c
2025-12-12 02:49:47,780 - UNI_v7 - ERROR - Google: Todas as tentativas falharam
2025-12-12 02:49:47,781 - UNI_v7 - INFO - YouTube: Iniciando coleta para 'bitcoin' (limite: 20)
2025-12-12 02:49:47,782 - googleapiclient.discovery_cache - INFO - file_cache is only supported with oauth2client<4.0.0
2025-12-12 02:49:47,786 - googleapiclient.discovery - DEBUG - URL being requested: GET https://youtube.googleapis.com/youtube/v3/search?part=snippet&q=bitcoin&type=video&maxResults=20&order=viewCount&regionCode=BR&relevanceLanguage=pt&key=AIzaSyBj80B2fwVvFEMtcQU8tPV_NCNaEmQvzhc&alt=json
2025-12-12 02:49:48,310 - googleapiclient.discovery - DEBUG - URL being requested: GET https://youtube.googleapis.com/youtube/v3/videos?part=statistics%2CcontentDetails%2Csnippet%2Cstatus&id=8aYr2ueCFvs%2CtrVmDXMaj-M%2CGztiW6DOhck%2CkFgQBPtPfgc%2CqLKADDR7t0E%2Ct_eN9r6-hKQ%2CzhPqD19DjYw%2CYMIZ5mHRO4E%2CwN0OaLUYI2I%2CdQ8b4E6vX-4%2CCYyUbSHSR6M%2C3aWyRWPBLTk%2ChHQl63HuAtU%2CTGhgfrioBhU%2CD3m-7GNeP6M%2CzTbXc92cgg4%2CZznpMh0DegE%2CJNDKNWYTqNs%2CDrfU1Aa8dK4%2CpsnfySnzeRo&key=AIzaSyBj80B2fwVvFEMtcQU8tPV_NCNaEmQvzhc&alt=json
2025-12-12 02:49:48,662 - UNI_v7 - INFO - YouTube: Coletados 20 resultados com sucesso
2025-12-12 02:49:48,662 - UNI_v7 - ERROR - Erro ao coletar YouTube: name 'coletar_comentarios_youtube' is not defined
2025-12-12 02:49:48,669 - UNI_v7 - DEBUG - Traceback (most recent call last):
  File "/Users/eas/Desktop/github/emersonalmeida/emersonalmeida.github.io/project/uni/uni_v7.py", line 3515, in modo_personalizado
    comentarios = coletar_comentarios_youtube(
NameError: name 'coletar_comentarios_youtube' is not defined

2025-12-12 02:49:48,669 - UNI_v7 - INFO - YouTube: Iniciando coleta para 'bitcoin' (limite: 20)
2025-12-12 02:49:48,670 - googleapiclient.discovery_cache - INFO - file_cache is only supported with oauth2client<4.0.0
2025-12-12 02:49:48,675 - googleapiclient.discovery - DEBUG - URL being requested: GET https://youtube.googleapis.com/youtube/v3/search?part=snippet&q=bitcoin&type=video&maxResults=20&order=date&regionCode=BR&relevanceLanguage=pt&key=AIzaSyBj80B2fwVvFEMtcQU8tPV_NCNaEmQvzhc&alt=json
2025-12-12 02:49:49,138 - googleapiclient.discovery - DEBUG - URL being requested: GET https://youtube.googleapis.com/youtube/v3/videos?part=statistics%2CcontentDetails%2Csnippet%2Cstatus&id=CskX_k6gzHY%2CM-AZVCOQVgU%2CpyrTi9kkh28%2Cy-Q5yrIZQYc%2CWUWMiskLCyc%2CTTw8DNkHMHQ%2CAlpuLg-C0No%2CFYHRBlGoUfg%2CuW5KeyITivw%2CqedWBAAJSLU%2CmwfNYrXd47Y%2Cu_Y9xBy4RZM%2Cu_H9gXNc630%2CGk7N5_42oOQ%2CdgUpfAGOpGI%2CGN00YmQ8Tv8%2C5Qt4QVdYxbQ%2CbCP9EbFyeeo%2C-dHFJ25H8p0%2CI3rIx6BCtj8&key=AIzaSyBj80B2fwVvFEMtcQU8tPV_NCNaEmQvzhc&alt=json
2025-12-12 02:49:49,495 - UNI_v7 - INFO - YouTube: Coletados 20 resultados com sucesso
2025-12-12 02:49:49,496 - UNI_v7 - ERROR - Erro ao coletar YouTube: name 'coletar_comentarios_youtube' is not defined
2025-12-12 02:49:49,496 - UNI_v7 - DEBUG - Traceback (most recent call last):
  File "/Users/eas/Desktop/github/emersonalmeida/emersonalmeida.github.io/project/uni/uni_v7.py", line 3515, in modo_personalizado
    comentarios = coletar_comentarios_youtube(
NameError: name 'coletar_comentarios_youtube' is not defined

2025-12-12 02:49:49,496 - UNI_v7 - INFO - YouTube: Iniciando coleta para 'bitcoin' (limite: 20)
2025-12-12 02:49:49,496 - googleapiclient.discovery_cache - INFO - file_cache is only supported with oauth2client<4.0.0
2025-12-12 02:49:49,499 - googleapiclient.discovery - DEBUG - URL being requested: GET https://youtube.googleapis.com/youtube/v3/search?part=snippet&q=bitcoin&type=video&maxResults=20&order=relevance&regionCode=BR&relevanceLanguage=pt&key=AIzaSyBj80B2fwVvFEMtcQU8tPV_NCNaEmQvzhc&alt=json
2025-12-12 02:49:49,820 - googleapiclient.discovery - DEBUG - URL being requested: GET https://youtube.googleapis.com/youtube/v3/videos?part=statistics%2CcontentDetails%2Csnippet%2Cstatus&id=4r5G_EWUGqM%2CGqdi1B7jKsI%2CdloBqocJ39I%2CuYro8SWqirM%2CNsX0dhmdGwk%2CrH6PLR7-2ps%2CR4dVZbD1ZdI%2CWUWMiskLCyc%2C81PC3PYSVBA%2CnrXsD5kJYYs%2CEV_TftnS-dI%2C-dHFJ25H8p0%2CH12gMVRjIns%2C3yuFhsv8FXA%2CUJ15dLYUFiA%2CBgxhP4RA7o4%2CZ1_Fq5oH0C0%2CYy4ku6dEPlI%2CeNNxW0kt_h4%2CHU6nJNbjpZc&key=AIzaSyBj80B2fwVvFEMtcQU8tPV_NCNaEmQvzhc&alt=json
2025-12-12 02:49:50,163 - UNI_v7 - INFO - YouTube: Coletados 20 resultados com sucesso
2025-12-12 02:49:50,163 - UNI_v7 - ERROR - Erro ao coletar YouTube: name 'coletar_comentarios_youtube' is not defined
2025-12-12 02:49:50,163 - UNI_v7 - DEBUG - Traceback (most recent call last):
  File "/Users/eas/Desktop/github/emersonalmeida/emersonalmeida.github.io/project/uni/uni_v7.py", line 3515, in modo_personalizado
    comentarios = coletar_comentarios_youtube(
NameError: name 'coletar_comentarios_youtube' is not defined

2025-12-12 02:49:50,166 - UNI_v7 - INFO - Apple App Store: Iniciando coleta para 'bitcoin' (limite: 20, tentativa 1/3)
2025-12-12 02:49:50,166 - Base - INFO - Searching for app id
2025-12-12 02:49:50,167 - Base - DEBUG - Making a GET request: https://www.google.com/search
2025-12-12 02:49:50,177 - urllib3.connectionpool - DEBUG - Starting new HTTPS connection (1): www.google.com:443
2025-12-12 02:49:50,365 - urllib3.connectionpool - DEBUG - https://www.google.com:443 "GET /search?q=app+store+bitcoin HTTP/1.1" 200 None
2025-12-12 02:49:50,448 - UNI_v7 - WARNING - Apple App Store: Tentativa 1 falhou: 'NoneType' object has no attribute 'group'
2025-12-12 02:49:52,454 - UNI_v7 - INFO - Apple App Store: Iniciando coleta para 'bitcoin' (limite: 20, tentativa 2/3)
2025-12-12 02:49:52,455 - Base - INFO - Searching for app id
2025-12-12 02:49:52,456 - Base - DEBUG - Making a GET request: https://www.google.com/search
2025-12-12 02:49:52,461 - urllib3.connectionpool - DEBUG - Starting new HTTPS connection (1): www.google.com:443
2025-12-12 02:49:52,652 - urllib3.connectionpool - DEBUG - https://www.google.com:443 "GET /search?q=app+store+bitcoin HTTP/1.1" 200 None
2025-12-12 02:49:52,668 - UNI_v7 - WARNING - Apple App Store: Tentativa 2 falhou: 'NoneType' object has no attribute 'group'
2025-12-12 02:49:54,672 - UNI_v7 - INFO - Apple App Store: Iniciando coleta para 'bitcoin' (limite: 20, tentativa 3/3)
2025-12-12 02:49:54,672 - Base - INFO - Searching for app id
2025-12-12 02:49:54,672 - Base - DEBUG - Making a GET request: https://www.google.com/search
2025-12-12 02:49:54,674 - urllib3.connectionpool - DEBUG - Starting new HTTPS connection (1): www.google.com:443
2025-12-12 02:49:54,849 - urllib3.connectionpool - DEBUG - https://www.google.com:443 "GET /search?q=app+store+bitcoin HTTP/1.1" 200 None
2025-12-12 02:49:54,866 - UNI_v7 - WARNING - Apple App Store: Tentativa 3 falhou: 'NoneType' object has no attribute 'group'
2025-12-12 02:49:54,867 - UNI_v7 - ERROR - Apple App Store: Todas as tentativas falharam
2025-12-12 02:49:54,878 - UNI_v7 - DEBUG - Traceback (most recent call last):
  File "/Users/eas/Desktop/github/emersonalmeida/emersonalmeida.github.io/project/uni/uni_v7.py", line 2114, in coletar_apple_store
    store = AppStore(country=country, app_name=term)
  File "/Users/eas/Library/Python/3.9/lib/python/site-packages/app_store_scraper/app_store.py", line 23, in __init__
    super().__init__(
  File "/Users/eas/Library/Python/3.9/lib/python/site-packages/app_store_scraper/base.py", line 47, in __init__
    app_id = self.search_id()
  File "/Users/eas/Library/Python/3.9/lib/python/site-packages/app_store_scraper/base.py", line 175, in search_id
    app_id = re.search(pattern, self._response.text).group(1)
AttributeError: 'NoneType' object has no attribute 'group'

2025-12-12 02:49:54,885 - UNI_v7 - INFO - Google Play: Iniciando coleta para 'bitcoin' (limite: 20, tentativa 1/3)
2025-12-12 02:50:02,371 - UNI_v7 - INFO - Google Play: Coletados 20 resultados com sucesso
2025-12-12 02:50:02,374 - UNI_v7 - ERROR - Google Play Reviews: Erro inesperado: OLDEST
2025-12-12 02:50:02,379 - UNI_v7 - DEBUG - Traceback (most recent call last):
  File "/Users/eas/Desktop/github/emersonalmeida/emersonalmeida.github.io/project/uni/uni_v7.py", line 1966, in coletar_reviews_google_play
    "oldest": Sort.OLDEST,
  File "/Library/Developer/CommandLineTools/Library/Frameworks/Python3.framework/Versions/3.9/lib/python3.9/enum.py", line 429, in __getattr__
    raise AttributeError(name) from None
AttributeError: OLDEST

2025-12-12 02:50:02,379 - UNI_v7 - ERROR - Google Play Reviews: Erro inesperado: OLDEST
2025-12-12 02:50:02,379 - UNI_v7 - DEBUG - Traceback (most recent call last):
  File "/Users/eas/Desktop/github/emersonalmeida/emersonalmeida.github.io/project/uni/uni_v7.py", line 1966, in coletar_reviews_google_play
    "oldest": Sort.OLDEST,
  File "/Library/Developer/CommandLineTools/Library/Frameworks/Python3.framework/Versions/3.9/lib/python3.9/enum.py", line 429, in __getattr__
    raise AttributeError(name) from None
AttributeError: OLDEST

2025-12-12 02:50:02,379 - UNI_v7 - ERROR - Google Play Reviews: Erro inesperado: OLDEST
2025-12-12 02:50:02,379 - UNI_v7 - DEBUG - Traceback (most recent call last):
  File "/Users/eas/Desktop/github/emersonalmeida/emersonalmeida.github.io/project/uni/uni_v7.py", line 1966, in coletar_reviews_google_play
    "oldest": Sort.OLDEST,
  File "/Library/Developer/CommandLineTools/Library/Frameworks/Python3.framework/Versions/3.9/lib/python3.9/enum.py", line 429, in __getattr__
    raise AttributeError(name) from None
AttributeError: OLDEST

2025-12-12 02:50:02,380 - UNI_v7 - ERROR - Google Play Reviews: Erro inesperado: OLDEST
2025-12-12 02:50:02,380 - UNI_v7 - DEBUG - Traceback (most recent call last):
  File "/Users/eas/Desktop/github/emersonalmeida/emersonalmeida.github.io/project/uni/uni_v7.py", line 1966, in coletar_reviews_google_play
    "oldest": Sort.OLDEST,
  File "/Library/Developer/CommandLineTools/Library/Frameworks/Python3.framework/Versions/3.9/lib/python3.9/enum.py", line 429, in __getattr__
    raise AttributeError(name) from None
AttributeError: OLDEST

2025-12-12 02:50:02,380 - UNI_v7 - ERROR - Google Play Reviews: Erro inesperado: OLDEST
2025-12-12 02:50:02,380 - UNI_v7 - DEBUG - Traceback (most recent call last):
  File "/Users/eas/Desktop/github/emersonalmeida/emersonalmeida.github.io/project/uni/uni_v7.py", line 1966, in coletar_reviews_google_play
    "oldest": Sort.OLDEST,
  File "/Library/Developer/CommandLineTools/Library/Frameworks/Python3.framework/Versions/3.9/lib/python3.9/enum.py", line 429, in __getattr__
    raise AttributeError(name) from None
AttributeError: OLDEST

2025-12-12 02:50:02,380 - UNI_v7 - ERROR - Google Play Reviews: Erro inesperado: OLDEST
2025-12-12 02:50:02,380 - UNI_v7 - DEBUG - Traceback (most recent call last):
  File "/Users/eas/Desktop/github/emersonalmeida/emersonalmeida.github.io/project/uni/uni_v7.py", line 1966, in coletar_reviews_google_play
    "oldest": Sort.OLDEST,
  File "/Library/Developer/CommandLineTools/Library/Frameworks/Python3.framework/Versions/3.9/lib/python3.9/enum.py", line 429, in __getattr__
    raise AttributeError(name) from None
AttributeError: OLDEST

2025-12-12 02:50:02,380 - UNI_v7 - ERROR - Google Play Reviews: Erro inesperado: OLDEST
2025-12-12 02:50:02,380 - UNI_v7 - DEBUG - Traceback (most recent call last):
  File "/Users/eas/Desktop/github/emersonalmeida/emersonalmeida.github.io/project/uni/uni_v7.py", line 1966, in coletar_reviews_google_play
    "oldest": Sort.OLDEST,
  File "/Library/Developer/CommandLineTools/Library/Frameworks/Python3.framework/Versions/3.9/lib/python3.9/enum.py", line 429, in __getattr__
    raise AttributeError(name) from None
AttributeError: OLDEST

2025-12-12 02:50:02,380 - UNI_v7 - ERROR - Google Play Reviews: Erro inesperado: OLDEST
2025-12-12 02:50:02,380 - UNI_v7 - DEBUG - Traceback (most recent call last):
  File "/Users/eas/Desktop/github/emersonalmeida/emersonalmeida.github.io/project/uni/uni_v7.py", line 1966, in coletar_reviews_google_play
    "oldest": Sort.OLDEST,
  File "/Library/Developer/CommandLineTools/Library/Frameworks/Python3.framework/Versions/3.9/lib/python3.9/enum.py", line 429, in __getattr__
    raise AttributeError(name) from None
AttributeError: OLDEST

2025-12-12 02:50:02,380 - UNI_v7 - ERROR - Google Play Reviews: Erro inesperado: OLDEST
2025-12-12 02:50:02,380 - UNI_v7 - DEBUG - Traceback (most recent call last):
  File "/Users/eas/Desktop/github/emersonalmeida/emersonalmeida.github.io/project/uni/uni_v7.py", line 1966, in coletar_reviews_google_play
    "oldest": Sort.OLDEST,
  File "/Library/Developer/CommandLineTools/Library/Frameworks/Python3.framework/Versions/3.9/lib/python3.9/enum.py", line 429, in __getattr__
    raise AttributeError(name) from None
AttributeError: OLDEST

2025-12-12 02:50:02,381 - UNI_v7 - ERROR - Google Play Reviews: Erro inesperado: OLDEST
2025-12-12 02:50:02,381 - UNI_v7 - DEBUG - Traceback (most recent call last):
  File "/Users/eas/Desktop/github/emersonalmeida/emersonalmeida.github.io/project/uni/uni_v7.py", line 1966, in coletar_reviews_google_play
    "oldest": Sort.OLDEST,
  File "/Library/Developer/CommandLineTools/Library/Frameworks/Python3.framework/Versions/3.9/lib/python3.9/enum.py", line 429, in __getattr__
    raise AttributeError(name) from None
AttributeError: OLDEST

2025-12-12 02:50:02,381 - UNI_v7 - ERROR - Google Play Reviews: Erro inesperado: OLDEST
2025-12-12 02:50:02,381 - UNI_v7 - DEBUG - Traceback (most recent call last):
  File "/Users/eas/Desktop/github/emersonalmeida/emersonalmeida.github.io/project/uni/uni_v7.py", line 1966, in coletar_reviews_google_play
    "oldest": Sort.OLDEST,
  File "/Library/Developer/CommandLineTools/Library/Frameworks/Python3.framework/Versions/3.9/lib/python3.9/enum.py", line 429, in __getattr__
    raise AttributeError(name) from None
AttributeError: OLDEST

2025-12-12 02:50:02,381 - UNI_v7 - ERROR - Google Play Reviews: Erro inesperado: OLDEST
2025-12-12 02:50:02,381 - UNI_v7 - DEBUG - Traceback (most recent call last):
  File "/Users/eas/Desktop/github/emersonalmeida/emersonalmeida.github.io/project/uni/uni_v7.py", line 1966, in coletar_reviews_google_play
    "oldest": Sort.OLDEST,
  File "/Library/Developer/CommandLineTools/Library/Frameworks/Python3.framework/Versions/3.9/lib/python3.9/enum.py", line 429, in __getattr__
    raise AttributeError(name) from None
AttributeError: OLDEST

2025-12-12 02:50:02,381 - UNI_v7 - ERROR - Google Play Reviews: Erro inesperado: OLDEST
2025-12-12 02:50:02,381 - UNI_v7 - DEBUG - Traceback (most recent call last):
  File "/Users/eas/Desktop/github/emersonalmeida/emersonalmeida.github.io/project/uni/uni_v7.py", line 1966, in coletar_reviews_google_play
    "oldest": Sort.OLDEST,
  File "/Library/Developer/CommandLineTools/Library/Frameworks/Python3.framework/Versions/3.9/lib/python3.9/enum.py", line 429, in __getattr__
    raise AttributeError(name) from None
AttributeError: OLDEST

2025-12-12 02:50:02,381 - UNI_v7 - ERROR - Google Play Reviews: Erro inesperado: OLDEST
2025-12-12 02:50:02,381 - UNI_v7 - DEBUG - Traceback (most recent call last):
  File "/Users/eas/Desktop/github/emersonalmeida/emersonalmeida.github.io/project/uni/uni_v7.py", line 1966, in coletar_reviews_google_play
    "oldest": Sort.OLDEST,
  File "/Library/Developer/CommandLineTools/Library/Frameworks/Python3.framework/Versions/3.9/lib/python3.9/enum.py", line 429, in __getattr__
    raise AttributeError(name) from None
AttributeError: OLDEST

2025-12-12 02:50:02,381 - UNI_v7 - ERROR - Google Play Reviews: Erro inesperado: OLDEST
2025-12-12 02:50:02,381 - UNI_v7 - DEBUG - Traceback (most recent call last):
  File "/Users/eas/Desktop/github/emersonalmeida/emersonalmeida.github.io/project/uni/uni_v7.py", line 1966, in coletar_reviews_google_play
    "oldest": Sort.OLDEST,
  File "/Library/Developer/CommandLineTools/Library/Frameworks/Python3.framework/Versions/3.9/lib/python3.9/enum.py", line 429, in __getattr__
    raise AttributeError(name) from None
AttributeError: OLDEST

2025-12-12 02:50:02,381 - UNI_v7 - ERROR - Google Play Reviews: Erro inesperado: OLDEST
2025-12-12 02:50:02,381 - UNI_v7 - DEBUG - Traceback (most recent call last):
  File "/Users/eas/Desktop/github/emersonalmeida/emersonalmeida.github.io/project/uni/uni_v7.py", line 1966, in coletar_reviews_google_play
    "oldest": Sort.OLDEST,
  File "/Library/Developer/CommandLineTools/Library/Frameworks/Python3.framework/Versions/3.9/lib/python3.9/enum.py", line 429, in __getattr__
    raise AttributeError(name) from None
AttributeError: OLDEST

2025-12-12 02:50:02,382 - UNI_v7 - ERROR - Google Play Reviews: Erro inesperado: OLDEST
2025-12-12 02:50:02,382 - UNI_v7 - DEBUG - Traceback (most recent call last):
  File "/Users/eas/Desktop/github/emersonalmeida/emersonalmeida.github.io/project/uni/uni_v7.py", line 1966, in coletar_reviews_google_play
    "oldest": Sort.OLDEST,
  File "/Library/Developer/CommandLineTools/Library/Frameworks/Python3.framework/Versions/3.9/lib/python3.9/enum.py", line 429, in __getattr__
    raise AttributeError(name) from None
AttributeError: OLDEST

2025-12-12 02:50:02,382 - UNI_v7 - ERROR - Google Play Reviews: Erro inesperado: OLDEST
2025-12-12 02:50:02,382 - UNI_v7 - DEBUG - Traceback (most recent call last):
  File "/Users/eas/Desktop/github/emersonalmeida/emersonalmeida.github.io/project/uni/uni_v7.py", line 1966, in coletar_reviews_google_play
    "oldest": Sort.OLDEST,
  File "/Library/Developer/CommandLineTools/Library/Frameworks/Python3.framework/Versions/3.9/lib/python3.9/enum.py", line 429, in __getattr__
    raise AttributeError(name) from None
AttributeError: OLDEST

2025-12-12 02:50:02,382 - UNI_v7 - ERROR - Google Play Reviews: Erro inesperado: OLDEST
2025-12-12 02:50:02,382 - UNI_v7 - DEBUG - Traceback (most recent call last):
  File "/Users/eas/Desktop/github/emersonalmeida/emersonalmeida.github.io/project/uni/uni_v7.py", line 1966, in coletar_reviews_google_play
    "oldest": Sort.OLDEST,
  File "/Library/Developer/CommandLineTools/Library/Frameworks/Python3.framework/Versions/3.9/lib/python3.9/enum.py", line 429, in __getattr__
    raise AttributeError(name) from None
AttributeError: OLDEST

2025-12-12 02:50:02,382 - UNI_v7 - ERROR - Google Play Reviews: Erro inesperado: OLDEST
2025-12-12 02:50:02,382 - UNI_v7 - DEBUG - Traceback (most recent call last):
  File "/Users/eas/Desktop/github/emersonalmeida/emersonalmeida.github.io/project/uni/uni_v7.py", line 1966, in coletar_reviews_google_play
    "oldest": Sort.OLDEST,
  File "/Library/Developer/CommandLineTools/Library/Frameworks/Python3.framework/Versions/3.9/lib/python3.9/enum.py", line 429, in __getattr__
    raise AttributeError(name) from None
AttributeError: OLDEST

2025-12-12 02:50:02,382 - UNI_v7 - ERROR - Google Play Reviews: Erro inesperado: OLDEST
2025-12-12 02:50:02,382 - UNI_v7 - DEBUG - Traceback (most recent call last):
  File "/Users/eas/Desktop/github/emersonalmeida/emersonalmeida.github.io/project/uni/uni_v7.py", line 1966, in coletar_reviews_google_play
    "oldest": Sort.OLDEST,
  File "/Library/Developer/CommandLineTools/Library/Frameworks/Python3.framework/Versions/3.9/lib/python3.9/enum.py", line 429, in __getattr__
    raise AttributeError(name) from None
AttributeError: OLDEST

2025-12-12 02:50:02,382 - UNI_v7 - ERROR - Google Play Reviews: Erro inesperado: OLDEST
2025-12-12 02:50:02,382 - UNI_v7 - DEBUG - Traceback (most recent call last):
  File "/Users/eas/Desktop/github/emersonalmeida/emersonalmeida.github.io/project/uni/uni_v7.py", line 1966, in coletar_reviews_google_play
    "oldest": Sort.OLDEST,
  File "/Library/Developer/CommandLineTools/Library/Frameworks/Python3.framework/Versions/3.9/lib/python3.9/enum.py", line 429, in __getattr__
    raise AttributeError(name) from None
AttributeError: OLDEST

2025-12-12 02:50:02,382 - UNI_v7 - ERROR - Google Play Reviews: Erro inesperado: OLDEST
2025-12-12 02:50:02,382 - UNI_v7 - DEBUG - Traceback (most recent call last):
  File "/Users/eas/Desktop/github/emersonalmeida/emersonalmeida.github.io/project/uni/uni_v7.py", line 1966, in coletar_reviews_google_play
    "oldest": Sort.OLDEST,
  File "/Library/Developer/CommandLineTools/Library/Frameworks/Python3.framework/Versions/3.9/lib/python3.9/enum.py", line 429, in __getattr__
    raise AttributeError(name) from None
AttributeError: OLDEST

2025-12-12 02:50:02,382 - UNI_v7 - ERROR - Google Play Reviews: Erro inesperado: OLDEST
2025-12-12 02:50:02,382 - UNI_v7 - DEBUG - Traceback (most recent call last):
  File "/Users/eas/Desktop/github/emersonalmeida/emersonalmeida.github.io/project/uni/uni_v7.py", line 1966, in coletar_reviews_google_play
    "oldest": Sort.OLDEST,
  File "/Library/Developer/CommandLineTools/Library/Frameworks/Python3.framework/Versions/3.9/lib/python3.9/enum.py", line 429, in __getattr__
    raise AttributeError(name) from None
AttributeError: OLDEST

2025-12-12 02:50:02,382 - UNI_v7 - ERROR - Google Play Reviews: Erro inesperado: OLDEST
2025-12-12 02:50:02,383 - UNI_v7 - DEBUG - Traceback (most recent call last):
  File "/Users/eas/Desktop/github/emersonalmeida/emersonalmeida.github.io/project/uni/uni_v7.py", line 1966, in coletar_reviews_google_play
    "oldest": Sort.OLDEST,
  File "/Library/Developer/CommandLineTools/Library/Frameworks/Python3.framework/Versions/3.9/lib/python3.9/enum.py", line 429, in __getattr__
    raise AttributeError(name) from None
AttributeError: OLDEST

2025-12-12 02:50:02,383 - UNI_v7 - ERROR - Google Play Reviews: Erro inesperado: OLDEST
2025-12-12 02:50:02,383 - UNI_v7 - DEBUG - Traceback (most recent call last):
  File "/Users/eas/Desktop/github/emersonalmeida/emersonalmeida.github.io/project/uni/uni_v7.py", line 1966, in coletar_reviews_google_play
    "oldest": Sort.OLDEST,
  File "/Library/Developer/CommandLineTools/Library/Frameworks/Python3.framework/Versions/3.9/lib/python3.9/enum.py", line 429, in __getattr__
    raise AttributeError(name) from None
AttributeError: OLDEST

2025-12-12 02:50:02,383 - UNI_v7 - ERROR - Google Play Reviews: Erro inesperado: OLDEST
2025-12-12 02:50:02,383 - UNI_v7 - DEBUG - Traceback (most recent call last):
  File "/Users/eas/Desktop/github/emersonalmeida/emersonalmeida.github.io/project/uni/uni_v7.py", line 1966, in coletar_reviews_google_play
    "oldest": Sort.OLDEST,
  File "/Library/Developer/CommandLineTools/Library/Frameworks/Python3.framework/Versions/3.9/lib/python3.9/enum.py", line 429, in __getattr__
    raise AttributeError(name) from None
AttributeError: OLDEST

2025-12-12 02:50:02,383 - UNI_v7 - ERROR - Google Play Reviews: Erro inesperado: OLDEST
2025-12-12 02:50:02,383 - UNI_v7 - DEBUG - Traceback (most recent call last):
  File "/Users/eas/Desktop/github/emersonalmeida/emersonalmeida.github.io/project/uni/uni_v7.py", line 1966, in coletar_reviews_google_play
    "oldest": Sort.OLDEST,
  File "/Library/Developer/CommandLineTools/Library/Frameworks/Python3.framework/Versions/3.9/lib/python3.9/enum.py", line 429, in __getattr__
    raise AttributeError(name) from None
AttributeError: OLDEST

2025-12-12 02:50:02,383 - UNI_v7 - ERROR - Google Play Reviews: Erro inesperado: OLDEST
2025-12-12 02:50:02,383 - UNI_v7 - DEBUG - Traceback (most recent call last):
  File "/Users/eas/Desktop/github/emersonalmeida/emersonalmeida.github.io/project/uni/uni_v7.py", line 1966, in coletar_reviews_google_play
    "oldest": Sort.OLDEST,
  File "/Library/Developer/CommandLineTools/Library/Frameworks/Python3.framework/Versions/3.9/lib/python3.9/enum.py", line 429, in __getattr__
    raise AttributeError(name) from None
AttributeError: OLDEST

2025-12-12 02:50:02,383 - UNI_v7 - ERROR - Google Play Reviews: Erro inesperado: OLDEST
2025-12-12 02:50:02,383 - UNI_v7 - DEBUG - Traceback (most recent call last):
  File "/Users/eas/Desktop/github/emersonalmeida/emersonalmeida.github.io/project/uni/uni_v7.py", line 1966, in coletar_reviews_google_play
    "oldest": Sort.OLDEST,
  File "/Library/Developer/CommandLineTools/Library/Frameworks/Python3.framework/Versions/3.9/lib/python3.9/enum.py", line 429, in __getattr__
    raise AttributeError(name) from None
AttributeError: OLDEST

2025-12-12 02:50:02,383 - UNI_v7 - ERROR - Google Play Reviews: Erro inesperado: OLDEST
2025-12-12 02:50:02,383 - UNI_v7 - DEBUG - Traceback (most recent call last):
  File "/Users/eas/Desktop/github/emersonalmeida/emersonalmeida.github.io/project/uni/uni_v7.py", line 1966, in coletar_reviews_google_play
    "oldest": Sort.OLDEST,
  File "/Library/Developer/CommandLineTools/Library/Frameworks/Python3.framework/Versions/3.9/lib/python3.9/enum.py", line 429, in __getattr__
    raise AttributeError(name) from None
AttributeError: OLDEST

2025-12-12 02:50:02,383 - UNI_v7 - ERROR - Google Play Reviews: Erro inesperado: OLDEST
2025-12-12 02:50:02,383 - UNI_v7 - DEBUG - Traceback (most recent call last):
  File "/Users/eas/Desktop/github/emersonalmeida/emersonalmeida.github.io/project/uni/uni_v7.py", line 1966, in coletar_reviews_google_play
    "oldest": Sort.OLDEST,
  File "/Library/Developer/CommandLineTools/Library/Frameworks/Python3.framework/Versions/3.9/lib/python3.9/enum.py", line 429, in __getattr__
    raise AttributeError(name) from None
AttributeError: OLDEST

2025-12-12 02:50:02,383 - UNI_v7 - ERROR - Google Play Reviews: Erro inesperado: OLDEST
2025-12-12 02:50:02,383 - UNI_v7 - DEBUG - Traceback (most recent call last):
  File "/Users/eas/Desktop/github/emersonalmeida/emersonalmeida.github.io/project/uni/uni_v7.py", line 1966, in coletar_reviews_google_play
    "oldest": Sort.OLDEST,
  File "/Library/Developer/CommandLineTools/Library/Frameworks/Python3.framework/Versions/3.9/lib/python3.9/enum.py", line 429, in __getattr__
    raise AttributeError(name) from None
AttributeError: OLDEST

2025-12-12 02:50:02,384 - UNI_v7 - ERROR - Google Play Reviews: Erro inesperado: OLDEST
2025-12-12 02:50:02,384 - UNI_v7 - DEBUG - Traceback (most recent call last):
  File "/Users/eas/Desktop/github/emersonalmeida/emersonalmeida.github.io/project/uni/uni_v7.py", line 1966, in coletar_reviews_google_play
    "oldest": Sort.OLDEST,
  File "/Library/Developer/CommandLineTools/Library/Frameworks/Python3.framework/Versions/3.9/lib/python3.9/enum.py", line 429, in __getattr__
    raise AttributeError(name) from None
AttributeError: OLDEST

2025-12-12 02:50:02,384 - UNI_v7 - ERROR - Google Play Reviews: Erro inesperado: OLDEST
2025-12-12 02:50:02,384 - UNI_v7 - DEBUG - Traceback (most recent call last):
  File "/Users/eas/Desktop/github/emersonalmeida/emersonalmeida.github.io/project/uni/uni_v7.py", line 1966, in coletar_reviews_google_play
    "oldest": Sort.OLDEST,
  File "/Library/Developer/CommandLineTools/Library/Frameworks/Python3.framework/Versions/3.9/lib/python3.9/enum.py", line 429, in __getattr__
    raise AttributeError(name) from None
AttributeError: OLDEST

2025-12-12 02:50:02,384 - UNI_v7 - ERROR - Google Play Reviews: Erro inesperado: OLDEST
2025-12-12 02:50:02,384 - UNI_v7 - DEBUG - Traceback (most recent call last):
  File "/Users/eas/Desktop/github/emersonalmeida/emersonalmeida.github.io/project/uni/uni_v7.py", line 1966, in coletar_reviews_google_play
    "oldest": Sort.OLDEST,
  File "/Library/Developer/CommandLineTools/Library/Frameworks/Python3.framework/Versions/3.9/lib/python3.9/enum.py", line 429, in __getattr__
    raise AttributeError(name) from None
AttributeError: OLDEST

2025-12-12 02:50:02,384 - UNI_v7 - ERROR - Google Play Reviews: Erro inesperado: OLDEST
2025-12-12 02:50:02,384 - UNI_v7 - DEBUG - Traceback (most recent call last):
  File "/Users/eas/Desktop/github/emersonalmeida/emersonalmeida.github.io/project/uni/uni_v7.py", line 1966, in coletar_reviews_google_play
    "oldest": Sort.OLDEST,
  File "/Library/Developer/CommandLineTools/Library/Frameworks/Python3.framework/Versions/3.9/lib/python3.9/enum.py", line 429, in __getattr__
    raise AttributeError(name) from None
AttributeError: OLDEST

2025-12-12 02:50:02,384 - UNI_v7 - ERROR - Google Play Reviews: Erro inesperado: OLDEST
2025-12-12 02:50:02,385 - UNI_v7 - DEBUG - Traceback (most recent call last):
  File "/Users/eas/Desktop/github/emersonalmeida/emersonalmeida.github.io/project/uni/uni_v7.py", line 1966, in coletar_reviews_google_play
    "oldest": Sort.OLDEST,
  File "/Library/Developer/CommandLineTools/Library/Frameworks/Python3.framework/Versions/3.9/lib/python3.9/enum.py", line 429, in __getattr__
    raise AttributeError(name) from None
AttributeError: OLDEST

2025-12-12 02:50:02,386 - UNI_v7 - ERROR - Google Play Reviews: Erro inesperado: OLDEST
2025-12-12 02:50:02,386 - UNI_v7 - DEBUG - Traceback (most recent call last):
  File "/Users/eas/Desktop/github/emersonalmeida/emersonalmeida.github.io/project/uni/uni_v7.py", line 1966, in coletar_reviews_google_play
    "oldest": Sort.OLDEST,
  File "/Library/Developer/CommandLineTools/Library/Frameworks/Python3.framework/Versions/3.9/lib/python3.9/enum.py", line 429, in __getattr__
    raise AttributeError(name) from None
AttributeError: OLDEST

2025-12-12 02:50:02,386 - UNI_v7 - ERROR - Google Play Reviews: Erro inesperado: OLDEST
2025-12-12 02:50:02,388 - UNI_v7 - DEBUG - Traceback (most recent call last):
  File "/Users/eas/Desktop/github/emersonalmeida/emersonalmeida.github.io/project/uni/uni_v7.py", line 1966, in coletar_reviews_google_play
    "oldest": Sort.OLDEST,
  File "/Library/Developer/CommandLineTools/Library/Frameworks/Python3.framework/Versions/3.9/lib/python3.9/enum.py", line 429, in __getattr__
    raise AttributeError(name) from None
AttributeError: OLDEST

2025-12-12 02:50:02,388 - UNI_v7 - ERROR - Google Play Reviews: Erro inesperado: OLDEST
2025-12-12 02:50:02,390 - UNI_v7 - DEBUG - Traceback (most recent call last):
  File "/Users/eas/Desktop/github/emersonalmeida/emersonalmeida.github.io/project/uni/uni_v7.py", line 1966, in coletar_reviews_google_play
    "oldest": Sort.OLDEST,
  File "/Library/Developer/CommandLineTools/Library/Frameworks/Python3.framework/Versions/3.9/lib/python3.9/enum.py", line 429, in __getattr__
    raise AttributeError(name) from None
AttributeError: OLDEST

2025-12-12 02:50:02,390 - UNI_v7 - ERROR - Google Play Reviews: Erro inesperado: OLDEST
2025-12-12 02:50:02,390 - UNI_v7 - DEBUG - Traceback (most recent call last):
  File "/Users/eas/Desktop/github/emersonalmeida/emersonalmeida.github.io/project/uni/uni_v7.py", line 1966, in coletar_reviews_google_play
    "oldest": Sort.OLDEST,
  File "/Library/Developer/CommandLineTools/Library/Frameworks/Python3.framework/Versions/3.9/lib/python3.9/enum.py", line 429, in __getattr__
    raise AttributeError(name) from None
AttributeError: OLDEST

2025-12-12 02:50:02,392 - UNI_v7 - ERROR - Google Play Reviews: Erro inesperado: OLDEST
2025-12-12 02:50:02,392 - UNI_v7 - DEBUG - Traceback (most recent call last):
  File "/Users/eas/Desktop/github/emersonalmeida/emersonalmeida.github.io/project/uni/uni_v7.py", line 1966, in coletar_reviews_google_play
    "oldest": Sort.OLDEST,
  File "/Library/Developer/CommandLineTools/Library/Frameworks/Python3.framework/Versions/3.9/lib/python3.9/enum.py", line 429, in __getattr__
    raise AttributeError(name) from None
AttributeError: OLDEST

2025-12-12 02:50:02,392 - UNI_v7 - ERROR - Google Play Reviews: Erro inesperado: OLDEST
2025-12-12 02:50:02,392 - UNI_v7 - DEBUG - Traceback (most recent call last):
  File "/Users/eas/Desktop/github/emersonalmeida/emersonalmeida.github.io/project/uni/uni_v7.py", line 1966, in coletar_reviews_google_play
    "oldest": Sort.OLDEST,
  File "/Library/Developer/CommandLineTools/Library/Frameworks/Python3.framework/Versions/3.9/lib/python3.9/enum.py", line 429, in __getattr__
    raise AttributeError(name) from None
AttributeError: OLDEST

2025-12-12 02:50:02,392 - UNI_v7 - ERROR - Google Play Reviews: Erro inesperado: OLDEST
2025-12-12 02:50:02,392 - UNI_v7 - DEBUG - Traceback (most recent call last):
  File "/Users/eas/Desktop/github/emersonalmeida/emersonalmeida.github.io/project/uni/uni_v7.py", line 1966, in coletar_reviews_google_play
    "oldest": Sort.OLDEST,
  File "/Library/Developer/CommandLineTools/Library/Frameworks/Python3.framework/Versions/3.9/lib/python3.9/enum.py", line 429, in __getattr__
    raise AttributeError(name) from None
AttributeError: OLDEST

2025-12-12 02:50:02,392 - UNI_v7 - ERROR - Google Play Reviews: Erro inesperado: OLDEST
2025-12-12 02:50:02,392 - UNI_v7 - DEBUG - Traceback (most recent call last):
  File "/Users/eas/Desktop/github/emersonalmeida/emersonalmeida.github.io/project/uni/uni_v7.py", line 1966, in coletar_reviews_google_play
    "oldest": Sort.OLDEST,
  File "/Library/Developer/CommandLineTools/Library/Frameworks/Python3.framework/Versions/3.9/lib/python3.9/enum.py", line 429, in __getattr__
    raise AttributeError(name) from None
AttributeError: OLDEST

2025-12-12 02:50:02,392 - UNI_v7 - ERROR - Google Play Reviews: Erro inesperado: OLDEST
2025-12-12 02:50:02,393 - UNI_v7 - DEBUG - Traceback (most recent call last):
  File "/Users/eas/Desktop/github/emersonalmeida/emersonalmeida.github.io/project/uni/uni_v7.py", line 1966, in coletar_reviews_google_play
    "oldest": Sort.OLDEST,
  File "/Library/Developer/CommandLineTools/Library/Frameworks/Python3.framework/Versions/3.9/lib/python3.9/enum.py", line 429, in __getattr__
    raise AttributeError(name) from None
AttributeError: OLDEST

2025-12-12 02:50:02,393 - UNI_v7 - ERROR - Google Play Reviews: Erro inesperado: OLDEST
2025-12-12 02:50:02,393 - UNI_v7 - DEBUG - Traceback (most recent call last):
  File "/Users/eas/Desktop/github/emersonalmeida/emersonalmeida.github.io/project/uni/uni_v7.py", line 1966, in coletar_reviews_google_play
    "oldest": Sort.OLDEST,
  File "/Library/Developer/CommandLineTools/Library/Frameworks/Python3.framework/Versions/3.9/lib/python3.9/enum.py", line 429, in __getattr__
    raise AttributeError(name) from None
AttributeError: OLDEST

2025-12-12 02:50:02,393 - UNI_v7 - ERROR - Google Play Reviews: Erro inesperado: OLDEST
2025-12-12 02:50:02,393 - UNI_v7 - DEBUG - Traceback (most recent call last):
  File "/Users/eas/Desktop/github/emersonalmeida/emersonalmeida.github.io/project/uni/uni_v7.py", line 1966, in coletar_reviews_google_play
    "oldest": Sort.OLDEST,
  File "/Library/Developer/CommandLineTools/Library/Frameworks/Python3.framework/Versions/3.9/lib/python3.9/enum.py", line 429, in __getattr__
    raise AttributeError(name) from None
AttributeError: OLDEST

2025-12-12 02:50:02,393 - UNI_v7 - ERROR - Google Play Reviews: Erro inesperado: OLDEST
2025-12-12 02:50:02,393 - UNI_v7 - DEBUG - Traceback (most recent call last):
  File "/Users/eas/Desktop/github/emersonalmeida/emersonalmeida.github.io/project/uni/uni_v7.py", line 1966, in coletar_reviews_google_play
    "oldest": Sort.OLDEST,
  File "/Library/Developer/CommandLineTools/Library/Frameworks/Python3.framework/Versions/3.9/lib/python3.9/enum.py", line 429, in __getattr__
    raise AttributeError(name) from None
AttributeError: OLDEST

2025-12-12 02:50:02,393 - UNI_v7 - ERROR - Google Play Reviews: Erro inesperado: OLDEST
2025-12-12 02:50:02,393 - UNI_v7 - DEBUG - Traceback (most recent call last):
  File "/Users/eas/Desktop/github/emersonalmeida/emersonalmeida.github.io/project/uni/uni_v7.py", line 1966, in coletar_reviews_google_play
    "oldest": Sort.OLDEST,
  File "/Library/Developer/CommandLineTools/Library/Frameworks/Python3.framework/Versions/3.9/lib/python3.9/enum.py", line 429, in __getattr__
    raise AttributeError(name) from None
AttributeError: OLDEST

2025-12-12 02:50:02,393 - UNI_v7 - ERROR - Google Play Reviews: Erro inesperado: OLDEST
2025-12-12 02:50:02,393 - UNI_v7 - DEBUG - Traceback (most recent call last):
  File "/Users/eas/Desktop/github/emersonalmeida/emersonalmeida.github.io/project/uni/uni_v7.py", line 1966, in coletar_reviews_google_play
    "oldest": Sort.OLDEST,
  File "/Library/Developer/CommandLineTools/Library/Frameworks/Python3.framework/Versions/3.9/lib/python3.9/enum.py", line 429, in __getattr__
    raise AttributeError(name) from None
AttributeError: OLDEST

2025-12-12 02:50:02,393 - UNI_v7 - ERROR - Google Play Reviews: Erro inesperado: OLDEST
2025-12-12 02:50:02,393 - UNI_v7 - DEBUG - Traceback (most recent call last):
  File "/Users/eas/Desktop/github/emersonalmeida/emersonalmeida.github.io/project/uni/uni_v7.py", line 1966, in coletar_reviews_google_play
    "oldest": Sort.OLDEST,
  File "/Library/Developer/CommandLineTools/Library/Frameworks/Python3.framework/Versions/3.9/lib/python3.9/enum.py", line 429, in __getattr__
    raise AttributeError(name) from None
AttributeError: OLDEST

2025-12-12 02:50:02,394 - UNI_v7 - ERROR - Google Play Reviews: Erro inesperado: OLDEST
2025-12-12 02:50:02,394 - UNI_v7 - DEBUG - Traceback (most recent call last):
  File "/Users/eas/Desktop/github/emersonalmeida/emersonalmeida.github.io/project/uni/uni_v7.py", line 1966, in coletar_reviews_google_play
    "oldest": Sort.OLDEST,
  File "/Library/Developer/CommandLineTools/Library/Frameworks/Python3.framework/Versions/3.9/lib/python3.9/enum.py", line 429, in __getattr__
    raise AttributeError(name) from None
AttributeError: OLDEST

2025-12-12 02:50:02,394 - UNI_v7 - ERROR - Google Play Reviews: Erro inesperado: OLDEST
2025-12-12 02:50:02,394 - UNI_v7 - DEBUG - Traceback (most recent call last):
  File "/Users/eas/Desktop/github/emersonalmeida/emersonalmeida.github.io/project/uni/uni_v7.py", line 1966, in coletar_reviews_google_play
    "oldest": Sort.OLDEST,
  File "/Library/Developer/CommandLineTools/Library/Frameworks/Python3.framework/Versions/3.9/lib/python3.9/enum.py", line 429, in __getattr__
    raise AttributeError(name) from None
AttributeError: OLDEST

2025-12-12 02:50:02,394 - UNI_v7 - ERROR - Google Play Reviews: Erro inesperado: OLDEST
2025-12-12 02:50:02,394 - UNI_v7 - DEBUG - Traceback (most recent call last):
  File "/Users/eas/Desktop/github/emersonalmeida/emersonalmeida.github.io/project/uni/uni_v7.py", line 1966, in coletar_reviews_google_play
    "oldest": Sort.OLDEST,
  File "/Library/Developer/CommandLineTools/Library/Frameworks/Python3.framework/Versions/3.9/lib/python3.9/enum.py", line 429, in __getattr__
    raise AttributeError(name) from None
AttributeError: OLDEST

2025-12-12 02:50:02,394 - UNI_v7 - ERROR - Google Play Reviews: Erro inesperado: OLDEST
2025-12-12 02:50:02,394 - UNI_v7 - DEBUG - Traceback (most recent call last):
  File "/Users/eas/Desktop/github/emersonalmeida/emersonalmeida.github.io/project/uni/uni_v7.py", line 1966, in coletar_reviews_google_play
    "oldest": Sort.OLDEST,
  File "/Library/Developer/CommandLineTools/Library/Frameworks/Python3.framework/Versions/3.9/lib/python3.9/enum.py", line 429, in __getattr__
    raise AttributeError(name) from None
AttributeError: OLDEST

2025-12-12 02:50:02,394 - UNI_v7 - ERROR - Google Play Reviews: Erro inesperado: OLDEST
2025-12-12 02:50:02,394 - UNI_v7 - DEBUG - Traceback (most recent call last):
  File "/Users/eas/Desktop/github/emersonalmeida/emersonalmeida.github.io/project/uni/uni_v7.py", line 1966, in coletar_reviews_google_play
    "oldest": Sort.OLDEST,
  File "/Library/Developer/CommandLineTools/Library/Frameworks/Python3.framework/Versions/3.9/lib/python3.9/enum.py", line 429, in __getattr__
    raise AttributeError(name) from None
AttributeError: OLDEST

2025-12-12 02:50:02,394 - UNI_v7 - ERROR - Google Play Reviews: Erro inesperado: OLDEST
2025-12-12 02:50:02,395 - UNI_v7 - DEBUG - Traceback (most recent call last):
  File "/Users/eas/Desktop/github/emersonalmeida/emersonalmeida.github.io/project/uni/uni_v7.py", line 1966, in coletar_reviews_google_play
    "oldest": Sort.OLDEST,
  File "/Library/Developer/CommandLineTools/Library/Frameworks/Python3.framework/Versions/3.9/lib/python3.9/enum.py", line 429, in __getattr__
    raise AttributeError(name) from None
AttributeError: OLDEST

2025-12-12 02:50:02,395 - UNI_v7 - ERROR - Google Play Reviews: Erro inesperado: OLDEST
2025-12-12 02:50:02,395 - UNI_v7 - DEBUG - Traceback (most recent call last):
  File "/Users/eas/Desktop/github/emersonalmeida/emersonalmeida.github.io/project/uni/uni_v7.py", line 1966, in coletar_reviews_google_play
    "oldest": Sort.OLDEST,
  File "/Library/Developer/CommandLineTools/Library/Frameworks/Python3.framework/Versions/3.9/lib/python3.9/enum.py", line 429, in __getattr__
    raise AttributeError(name) from None
AttributeError: OLDEST

2025-12-12 02:50:02,395 - UNI_v7 - INFO - Reddit: Iniciando coleta para 'bitcoin' (subreddit: all, limite: 10)
2025-12-12 02:50:02,410 - urllib3.connectionpool - DEBUG - Starting new HTTPS connection (1): pypi.org:443
2025-12-12 02:50:02,566 - urllib3.connectionpool - DEBUG - https://pypi.org:443 "GET /pypi/praw/json HTTP/1.1" 200 36290
2025-12-12 02:50:02,572 - prawcore - DEBUG - Fetching: GET https://oauth.reddit.com/r/all/search/ at 1765518602.5727518
2025-12-12 02:50:02,572 - prawcore - DEBUG - Data: None
2025-12-12 02:50:02,573 - prawcore - DEBUG - Params: {'limit': 10,
 'q': 'bitcoin',
 'raw_json': 1,
 'restrict_sr': False,
 'sort': 'relevance',
 'syntax': 'lucene',
 't': 'all'}
2025-12-12 02:50:02,584 - urllib3.connectionpool - DEBUG - Starting new HTTPS connection (1): www.reddit.com:443
2025-12-12 02:50:02,772 - urllib3.connectionpool - DEBUG - https://www.reddit.com:443 "POST /api/v1/access_token HTTP/1.1" 200 655
2025-12-12 02:50:02,774 - urllib3.connectionpool - DEBUG - Starting new HTTPS connection (1): oauth.reddit.com:443
2025-12-12 02:50:03,265 - urllib3.connectionpool - DEBUG - https://oauth.reddit.com:443 "GET /r/all/search/?q=bitcoin&restrict_sr=False&sort=relevance&syntax=lucene&t=all&limit=10&raw_json=1 HTTP/1.1" 200 8393
2025-12-12 02:50:03,267 - prawcore - DEBUG - Response: 200 (8393 bytes) (rst-596:rem-999.0:used-1 ratelimit) at 1765518603.2670121
2025-12-12 02:50:03,268 - prawcore - DEBUG - Fetching: GET https://oauth.reddit.com/r/Buttcoin/about/ at 1765518603.2685661
2025-12-12 02:50:03,268 - prawcore - DEBUG - Data: None
2025-12-12 02:50:03,268 - prawcore - DEBUG - Params: {'raw_json': 1}
2025-12-12 02:50:03,468 - urllib3.connectionpool - DEBUG - https://oauth.reddit.com:443 "GET /r/Buttcoin/about/?raw_json=1 HTTP/1.1" 200 3589
2025-12-12 02:50:03,486 - prawcore - DEBUG - Response: 200 (3589 bytes) (rst-596:rem-998.0:used-2 ratelimit) at 1765518603.486142
2025-12-12 02:50:03,493 - prawcore - DEBUG - Fetching: GET https://oauth.reddit.com/user/FUMoney/about/ at 1765518603.493234
2025-12-12 02:50:03,493 - prawcore - DEBUG - Data: None
2025-12-12 02:50:03,493 - prawcore - DEBUG - Params: {'raw_json': 1}
2025-12-12 02:50:03,708 - urllib3.connectionpool - DEBUG - https://oauth.reddit.com:443 "GET /user/FUMoney/about/?raw_json=1 HTTP/1.1" 200 852
2025-12-12 02:50:03,710 - prawcore - DEBUG - Response: 200 (852 bytes) (rst-596:rem-997.0:used-3 ratelimit) at 1765518603.71078
2025-12-12 02:50:03,723 - prawcore - DEBUG - Fetching: GET https://oauth.reddit.com/comments/1p2ppaz/ at 1765518603.723069
2025-12-12 02:50:03,723 - prawcore - DEBUG - Data: None
2025-12-12 02:50:03,723 - prawcore - DEBUG - Params: {'limit': 2048, 'raw_json': 1, 'sort': 'confidence'}
2025-12-12 02:50:04,845 - urllib3.connectionpool - DEBUG - https://oauth.reddit.com:443 "GET /comments/1p2ppaz/?limit=2048&sort=confidence&raw_json=1 HTTP/1.1" 200 20295
2025-12-12 02:50:04,847 - prawcore - DEBUG - Response: 200 (20295 bytes) (rst-595:rem-996.0:used-4 ratelimit) at 1765518604.847154
2025-12-12 02:50:04,854 - prawcore - DEBUG - Fetching: GET https://oauth.reddit.com/r/Bitcoin/about/ at 1765518604.854885
2025-12-12 02:50:04,855 - prawcore - DEBUG - Data: None
2025-12-12 02:50:04,855 - prawcore - DEBUG - Params: {'raw_json': 1}
2025-12-12 02:50:05,046 - urllib3.connectionpool - DEBUG - https://oauth.reddit.com:443 "GET /r/Bitcoin/about/?raw_json=1 HTTP/1.1" 200 5252
2025-12-12 02:50:05,047 - prawcore - DEBUG - Response: 200 (5252 bytes) (rst-594:rem-995.0:used-5 ratelimit) at 1765518605.047275
2025-12-12 02:50:05,047 - prawcore - DEBUG - Fetching: GET https://oauth.reddit.com/user/Green_Candler/about/ at 1765518605.047678
2025-12-12 02:50:05,047 - prawcore - DEBUG - Data: None
2025-12-12 02:50:05,047 - prawcore - DEBUG - Params: {'raw_json': 1}
2025-12-12 02:50:05,240 - urllib3.connectionpool - DEBUG - https://oauth.reddit.com:443 "GET /user/Green_Candler/about/?raw_json=1 HTTP/1.1" 200 844
2025-12-12 02:50:05,240 - prawcore - DEBUG - Response: 200 (844 bytes) (rst-594:rem-994.0:used-6 ratelimit) at 1765518605.2409751
2025-12-12 02:50:05,242 - prawcore - DEBUG - Fetching: GET https://oauth.reddit.com/r/Bitcoin/about/ at 1765518605.242744
2025-12-12 02:50:05,242 - prawcore - DEBUG - Data: None
2025-12-12 02:50:05,242 - prawcore - DEBUG - Params: {'raw_json': 1}
2025-12-12 02:50:05,436 - urllib3.connectionpool - DEBUG - https://oauth.reddit.com:443 "GET /r/Bitcoin/about/?raw_json=1 HTTP/1.1" 200 5252
2025-12-12 02:50:05,437 - prawcore - DEBUG - Response: 200 (5252 bytes) (rst-594:rem-993.0:used-7 ratelimit) at 1765518605.437821
2025-12-12 02:50:05,438 - prawcore - DEBUG - Fetching: GET https://oauth.reddit.com/user/Ashamed-Designer-174/about/ at 1765518605.438268
2025-12-12 02:50:05,438 - prawcore - DEBUG - Data: None
2025-12-12 02:50:05,438 - prawcore - DEBUG - Params: {'raw_json': 1}
2025-12-12 02:50:05,631 - urllib3.connectionpool - DEBUG - https://oauth.reddit.com:443 "GET /user/Ashamed-Designer-174/about/?raw_json=1 HTTP/1.1" 200 746
2025-12-12 02:50:05,632 - prawcore - DEBUG - Response: 200 (746 bytes) (rst-594:rem-992.0:used-8 ratelimit) at 1765518605.632142
2025-12-12 02:50:05,633 - prawcore - DEBUG - Fetching: GET https://oauth.reddit.com/r/Bitcoin/about/ at 1765518605.633708
2025-12-12 02:50:05,633 - prawcore - DEBUG - Data: None
2025-12-12 02:50:05,633 - prawcore - DEBUG - Params: {'raw_json': 1}
2025-12-12 02:50:05,819 - urllib3.connectionpool - DEBUG - https://oauth.reddit.com:443 "GET /r/Bitcoin/about/?raw_json=1 HTTP/1.1" 200 5252
2025-12-12 02:50:05,820 - prawcore - DEBUG - Response: 200 (5252 bytes) (rst-594:rem-991.0:used-9 ratelimit) at 1765518605.820108
2025-12-12 02:50:05,828 - prawcore - DEBUG - Fetching: GET https://oauth.reddit.com/user/I_killed_the_kraken/about/ at 1765518605.828705
2025-12-12 02:50:05,829 - prawcore - DEBUG - Data: None
2025-12-12 02:50:05,829 - prawcore - DEBUG - Params: {'raw_json': 1}
2025-12-12 02:50:06,041 - urllib3.connectionpool - DEBUG - https://oauth.reddit.com:443 "GET /user/I_killed_the_kraken/about/?raw_json=1 HTTP/1.1" 200 1010
2025-12-12 02:50:06,059 - prawcore - DEBUG - Response: 200 (1010 bytes) (rst-593:rem-990.0:used-10 ratelimit) at 1765518606.059071
2025-12-12 02:50:06,116 - prawcore - DEBUG - Fetching: GET https://oauth.reddit.com/comments/1pf7oou/ at 1765518606.116547
2025-12-12 02:50:06,116 - prawcore - DEBUG - Data: None
2025-12-12 02:50:06,117 - prawcore - DEBUG - Params: {'limit': 2048, 'raw_json': 1, 'sort': 'confidence'}
2025-12-12 02:50:07,826 - urllib3.connectionpool - DEBUG - https://oauth.reddit.com:443 "GET /comments/1pf7oou/?limit=2048&sort=confidence&raw_json=1 HTTP/1.1" 200 50151
2025-12-12 02:50:07,950 - prawcore - DEBUG - Response: 200 (50151 bytes) (rst-593:rem-989.0:used-11 ratelimit) at 1765518607.9508538
2025-12-12 02:50:07,976 - prawcore - DEBUG - Fetching: GET https://oauth.reddit.com/r/Anticonsumption/about/ at 1765518607.976396
2025-12-12 02:50:07,976 - prawcore - DEBUG - Data: None
2025-12-12 02:50:07,976 - prawcore - DEBUG - Params: {'raw_json': 1}
2025-12-12 02:50:08,164 - urllib3.connectionpool - DEBUG - https://oauth.reddit.com:443 "GET /r/Anticonsumption/about/?raw_json=1 HTTP/1.1" 200 4913
2025-12-12 02:50:08,164 - prawcore - DEBUG - Response: 200 (4913 bytes) (rst-591:rem-988.0:used-12 ratelimit) at 1765518608.164948
2025-12-12 02:50:08,165 - prawcore - DEBUG - Fetching: GET https://oauth.reddit.com/user/gnarlytabby/about/ at 1765518608.1653628
2025-12-12 02:50:08,165 - prawcore - DEBUG - Data: None
2025-12-12 02:50:08,165 - prawcore - DEBUG - Params: {'raw_json': 1}
2025-12-12 02:50:08,357 - urllib3.connectionpool - DEBUG - https://oauth.reddit.com:443 "GET /user/gnarlytabby/about/?raw_json=1 HTTP/1.1" 200 771
2025-12-12 02:50:08,358 - prawcore - DEBUG - Response: 200 (771 bytes) (rst-591:rem-987.0:used-13 ratelimit) at 1765518608.3583171
2025-12-12 02:50:08,360 - prawcore - DEBUG - Fetching: GET https://oauth.reddit.com/r/Bitcoin/about/ at 1765518608.360044
2025-12-12 02:50:08,360 - prawcore - DEBUG - Data: None
2025-12-12 02:50:08,360 - prawcore - DEBUG - Params: {'raw_json': 1}
2025-12-12 02:50:08,546 - urllib3.connectionpool - DEBUG - https://oauth.reddit.com:443 "GET /r/Bitcoin/about/?raw_json=1 HTTP/1.1" 200 5252
2025-12-12 02:50:08,546 - prawcore - DEBUG - Response: 200 (5252 bytes) (rst-591:rem-986.0:used-14 ratelimit) at 1765518608.546942
2025-12-12 02:50:08,547 - prawcore - DEBUG - Fetching: GET https://oauth.reddit.com/user/Realistts/about/ at 1765518608.547348
2025-12-12 02:50:08,547 - prawcore - DEBUG - Data: None
2025-12-12 02:50:08,547 - prawcore - DEBUG - Params: {'raw_json': 1}
2025-12-12 02:50:08,739 - urllib3.connectionpool - DEBUG - https://oauth.reddit.com:443 "GET /user/Realistts/about/?raw_json=1 HTTP/1.1" 404 None
2025-12-12 02:50:08,740 - prawcore - DEBUG - Response: 404 (None bytes) (rst-591:rem-985.0:used-15 ratelimit) at 1765518608.740051
2025-12-12 02:50:08,740 - UNI_v7 - ERROR - Reddit: Erro na coleta: received 404 HTTP response
2025-12-12 02:50:08,755 - UNI_v7 - DEBUG - Traceback (most recent call last):
  File "/Users/eas/Desktop/github/emersonalmeida/emersonalmeida.github.io/project/uni/uni_v7.py", line 1383, in coletar_reddit
    "author_flair": getattr(post.author, 'flair_text', '') if post.author else "",
  File "/Users/eas/Library/Python/3.9/lib/python/site-packages/praw/models/reddit/base.py", line 38, in __getattr__
    self._fetch()
  File "/Users/eas/Library/Python/3.9/lib/python/site-packages/praw/models/reddit/redditor.py", line 181, in _fetch
    data = self._fetch_data()
  File "/Users/eas/Library/Python/3.9/lib/python/site-packages/praw/models/reddit/base.py", line 89, in _fetch_data
    return self._reddit.request(method="GET", params=params, path=path)
  File "/Users/eas/Library/Python/3.9/lib/python/site-packages/praw/util/deprecate_args.py", line 46, in wrapped
    return func(**dict(zip(_old_args, args)), **kwargs)
  File "/Users/eas/Library/Python/3.9/lib/python/site-packages/praw/reddit.py", line 963, in request
    return self._core.request(
  File "/Users/eas/Library/Python/3.9/lib/python/site-packages/prawcore/sessions.py", line 328, in request
    return self._request_with_retries(
  File "/Users/eas/Library/Python/3.9/lib/python/site-packages/prawcore/sessions.py", line 267, in _request_with_retries
    raise self.STATUS_EXCEPTIONS[response.status_code](response)
prawcore.exceptions.NotFound: received 404 HTTP response

2025-12-12 02:50:08,755 - UNI_v7 - INFO - Google News: Iniciando coleta para 'bitcoin' (limite: 10)
2025-12-12 02:50:08,775 - urllib3.connectionpool - DEBUG - Starting new HTTPS connection (1): gnews.io:443
2025-12-12 02:50:09,333 - urllib3.connectionpool - DEBUG - https://gnews.io:443 "GET /api/v4/search?q=bitcoin&lang=pt&country=br&max=10&apikey=91a7bc222ecfdac6c60019c4fb1ec87c&from=20 HTTP/1.1" 200 None
2025-12-12 02:50:09,335 - UNI_v7 - INFO - Google News: Coletados 10 resultados com sucesso
2025-12-12 02:50:09,335 - UNI_v7 - INFO - arXiv: Iniciando coleta para 'bitcoin' (limite: 20)
2025-12-12 02:50:09,462 - urllib3.connectionpool - DEBUG - Starting new HTTP connection (1): export.arxiv.org:80
2025-12-12 02:50:09,476 - urllib3.connectionpool - DEBUG - http://export.arxiv.org:80 "GET /api/query?search_query=all:bitcoin&start=0&max_results=20&sortBy=relevance HTTP/1.1" 301 0
2025-12-12 02:50:09,479 - urllib3.connectionpool - DEBUG - Starting new HTTPS connection (1): export.arxiv.org:443
2025-12-12 02:50:09,874 - urllib3.connectionpool - DEBUG - https://export.arxiv.org:443 "GET /api/query?search_query=all:bitcoin&start=0&max_results=20&sortBy=relevance HTTP/1.1" 200 38212
2025-12-12 02:50:09,987 - UNI_v7 - INFO - arXiv: Coletados 20 resultados com sucesso
2025-12-12 02:50:09,987 - UNI_v7 - INFO - Google Scholar: Iniciando coleta para 'bitcoin' (limite: 20, tentativa 1/3)
2025-12-12 02:50:10,027 - urllib3.connectionpool - DEBUG - Starting new HTTPS connection (1): api.semanticscholar.org:443
2025-12-12 02:50:11,271 - urllib3.connectionpool - DEBUG - https://api.semanticscholar.org:443 "GET /graph/v1/paper/search?query=bitcoin&limit=20&fields=title%2Cauthors%2Cyear%2Curl%2Cabstract%2CcitationCount%2CreferenceCount%2Cvenue%2CfieldsOfStudy%2CpublicationTypes%2CpublicationDate%2Cjournal%2CexternalIds%2CisOpenAccess%2CopenAccessPdf HTTP/1.1" 200 42010
2025-12-12 02:50:11,277 - UNI_v7 - INFO - Google Scholar: Coletados 20 resultados com sucesso
2025-12-12 02:50:11,277 - UNI_v7 - INFO - Wikipedia: Iniciando coleta para 'bitcoin' (limite: 20, lang: pt)
2025-12-12 02:50:11,288 - urllib3.connectionpool - DEBUG - Starting new HTTPS connection (1): pt.wikipedia.org:443
2025-12-12 02:50:11,873 - urllib3.connectionpool - DEBUG - https://pt.wikipedia.org:443 "GET /w/api.php?action=query&format=json&list=search&srsearch=bitcoin&srlimit=20&srnamespace=0 HTTP/1.1" 200 None
2025-12-12 02:50:11,876 - urllib3.connectionpool - DEBUG - Starting new HTTPS connection (1): pt.wikipedia.org:443
2025-12-12 02:50:11,980 - urllib3.connectionpool - DEBUG - https://pt.wikipedia.org:443 "GET /api/rest_v1/page/summary/Bitcoin HTTP/1.1" 200 633
2025-12-12 02:50:11,983 - urllib3.connectionpool - DEBUG - Starting new HTTPS connection (1): pt.wikipedia.org:443
2025-12-12 02:50:12,087 - urllib3.connectionpool - DEBUG - https://pt.wikipedia.org:443 "GET /api/rest_v1/page/summary/Satoshi_Nakamoto HTTP/1.1" 200 996
2025-12-12 02:50:12,091 - urllib3.connectionpool - DEBUG - Starting new HTTPS connection (1): pt.wikipedia.org:443
2025-12-12 02:50:12,192 - urllib3.connectionpool - DEBUG - https://pt.wikipedia.org:443 "GET /api/rest_v1/page/summary/Mercado_Bitcoin HTTP/1.1" 200 779
2025-12-12 02:50:12,196 - urllib3.connectionpool - DEBUG - Starting new HTTPS connection (1): pt.wikipedia.org:443
2025-12-12 02:50:12,443 - urllib3.connectionpool - DEBUG - https://pt.wikipedia.org:443 "GET /api/rest_v1/page/summary/Minera%C3%A7%C3%A3o_de_Bitcoin HTTP/1.1" 200 795
2025-12-12 02:50:12,447 - urllib3.connectionpool - DEBUG - Starting new HTTPS connection (1): pt.wikipedia.org:443
2025-12-12 02:50:12,546 - urllib3.connectionpool - DEBUG - https://pt.wikipedia.org:443 "GET /api/rest_v1/page/summary/Litecoin HTTP/1.1" 200 723
2025-12-12 02:50:12,549 - urllib3.connectionpool - DEBUG - Starting new HTTPS connection (1): pt.wikipedia.org:443
2025-12-12 02:50:12,649 - urllib3.connectionpool - DEBUG - https://pt.wikipedia.org:443 "GET /api/rest_v1/page/summary/Monero HTTP/1.1" 200 656
2025-12-12 02:50:12,652 - urllib3.connectionpool - DEBUG - Starting new HTTPS connection (1): pt.wikipedia.org:443
2025-12-12 02:50:12,759 - urllib3.connectionpool - DEBUG - https://pt.wikipedia.org:443 "GET /api/rest_v1/page/summary/Hal_Finney HTTP/1.1" 200 775
2025-12-12 02:50:12,829 - urllib3.connectionpool - DEBUG - Starting new HTTPS connection (1): pt.wikipedia.org:443
2025-12-12 02:50:13,080 - urllib3.connectionpool - DEBUG - https://pt.wikipedia.org:443 "GET /api/rest_v1/page/summary/Vitalik_Buterin HTTP/1.1" 200 631
2025-12-12 02:50:13,105 - urllib3.connectionpool - DEBUG - Starting new HTTPS connection (1): pt.wikipedia.org:443
2025-12-12 02:50:13,272 - urllib3.connectionpool - DEBUG - https://pt.wikipedia.org:443 "GET /api/rest_v1/page/summary/El_Salvador HTTP/1.1" 200 903
2025-12-12 02:50:13,280 - urllib3.connectionpool - DEBUG - Starting new HTTPS connection (1): pt.wikipedia.org:443
2025-12-12 02:50:13,397 - urllib3.connectionpool - DEBUG - https://pt.wikipedia.org:443 "GET /api/rest_v1/page/summary/Criptomoeda HTTP/1.1" 200 946
2025-12-12 02:50:13,420 - urllib3.connectionpool - DEBUG - Starting new HTTPS connection (1): pt.wikipedia.org:443
2025-12-12 02:50:13,535 - urllib3.connectionpool - DEBUG - https://pt.wikipedia.org:443 "GET /api/rest_v1/page/summary/Lista_de_criptomoedas HTTP/1.1" 200 713
2025-12-12 02:50:13,545 - urllib3.connectionpool - DEBUG - Starting new HTTPS connection (1): pt.wikipedia.org:443
2025-12-12 02:50:13,652 - urllib3.connectionpool - DEBUG - https://pt.wikipedia.org:443 "GET /api/rest_v1/page/summary/Lista_de_portas_dos_protocolos_TCP_e_UDP HTTP/1.1" 200 824
2025-12-12 02:50:13,660 - urllib3.connectionpool - DEBUG - Starting new HTTPS connection (1): pt.wikipedia.org:443
2025-12-12 02:50:13,768 - urllib3.connectionpool - DEBUG - https://pt.wikipedia.org:443 "GET /api/rest_v1/page/summary/Blockchain HTTP/1.1" 200 1002
2025-12-12 02:50:13,771 - urllib3.connectionpool - DEBUG - Starting new HTTPS connection (1): pt.wikipedia.org:443
2025-12-12 02:50:13,871 - urllib3.connectionpool - DEBUG - https://pt.wikipedia.org:443 "GET /api/rest_v1/page/summary/Tether_(criptomoeda) HTTP/1.1" 200 683
2025-12-12 02:50:13,875 - urllib3.connectionpool - DEBUG - Starting new HTTPS connection (1): pt.wikipedia.org:443
2025-12-12 02:50:13,977 - urllib3.connectionpool - DEBUG - https://pt.wikipedia.org:443 "GET /api/rest_v1/page/summary/Bitcoin_Cash HTTP/1.1" 200 1160
2025-12-12 02:50:13,981 - urllib3.connectionpool - DEBUG - Starting new HTTPS connection (1): pt.wikipedia.org:443
2025-12-12 02:50:14,078 - urllib3.connectionpool - DEBUG - https://pt.wikipedia.org:443 "GET /api/rest_v1/page/summary/Reserva_estrat%C3%A9gica_de_bitcoin HTTP/1.1" 200 663
2025-12-12 02:50:14,081 - urllib3.connectionpool - DEBUG - Starting new HTTPS connection (1): pt.wikipedia.org:443
2025-12-12 02:50:14,180 - urllib3.connectionpool - DEBUG - https://pt.wikipedia.org:443 "GET /api/rest_v1/page/summary/Fazendas_de_Bitcoin HTTP/1.1" 200 732
2025-12-12 02:50:14,183 - urllib3.connectionpool - DEBUG - Starting new HTTPS connection (1): pt.wikipedia.org:443
2025-12-12 02:50:14,284 - urllib3.connectionpool - DEBUG - https://pt.wikipedia.org:443 "GET /api/rest_v1/page/summary/Nayib_Bukele HTTP/1.1" 200 747
2025-12-12 02:50:14,288 - urllib3.connectionpool - DEBUG - Starting new HTTPS connection (1): pt.wikipedia.org:443
2025-12-12 02:50:14,390 - urllib3.connectionpool - DEBUG - https://pt.wikipedia.org:443 "GET /api/rest_v1/page/summary/Nick_Szabo HTTP/1.1" 200 776
2025-12-12 02:50:14,394 - urllib3.connectionpool - DEBUG - Starting new HTTPS connection (1): pt.wikipedia.org:443
2025-12-12 02:50:14,493 - urllib3.connectionpool - DEBUG - https://pt.wikipedia.org:443 "GET /api/rest_v1/page/summary/Kraken_(empresa) HTTP/1.1" 200 579
2025-12-12 02:50:14,495 - UNI_v7 - INFO - Wikipedia: Coletados 20 resultados com sucesso
2025-12-12 02:50:14,505 - urllib3.connectionpool - DEBUG - Starting new HTTPS connection (1): api.github.com:443
2025-12-12 02:50:15,244 - urllib3.connectionpool - DEBUG - https://api.github.com:443 "GET /search/repositories?q=bitcoin&sort=stars&order=desc&per_page=20 HTTP/1.1" 200 None
2025-12-12 02:50:15,261 - UNI_v7 - INFO - GitHub: Coletados 20 resultados com sucesso
2025-12-12 02:50:15,262 - UNI_v7 - INFO - Hacker News: Iniciando coleta para 'bitcoin' (limite: 20)
2025-12-12 02:50:15,434 - urllib3.connectionpool - DEBUG - Starting new HTTPS connection (1): hn.algolia.com:443
2025-12-12 02:50:15,836 - urllib3.connectionpool - DEBUG - https://hn.algolia.com:443 "GET /api/v1/search?query=bitcoin&tags=story&hitsPerPage=20&numericFilters= HTTP/1.1" 200 28417
2025-12-12 02:50:15,885 - UNI_v7 - INFO - Hacker News: Coletados 20 resultados com sucesso
2025-12-12 02:50:15,887 - UNI_v7 - INFO - : JSON salvo em metadados_coleta.json
2025-12-12 02:50:15,902 - UNI_v7 - INFO - SERP-Bing: Salvo 10 registros com 13 colunas em serp_bing.csv (4.0 KB)
2025-12-12 02:50:16,090 - UNI_v7 - INFO - SERP-Brave: Salvo 20 registros com 13 colunas em serp_brave.csv (7.7 KB)
2025-12-12 02:50:16,102 - UNI_v7 - INFO - SERP-Duckduckgo: Salvo 17 registros com 8 colunas em serp_duckduckgo.csv (6.0 KB)
2025-12-12 02:50:16,129 - UNI_v7 - INFO - SERP-Google: Salvo 20 registros com 19 colunas em serp_google.csv (17.7 KB)
2025-12-12 02:50:16,169 - UNI_v7 - INFO - YouTube-viewCount: Salvo 20 registros com 30 colunas em youtube_viewcount.csv (18.4 KB)
2025-12-12 02:50:16,209 - UNI_v7 - INFO - YouTube-date: Salvo 20 registros com 30 colunas em youtube_date.csv (36.2 KB)
2025-12-12 02:50:16,240 - UNI_v7 - INFO - YouTube-relevance: Salvo 20 registros com 30 colunas em youtube_relevance.csv (42.6 KB)
2025-12-12 02:50:16,264 - UNI_v7 - INFO - AppStore-Google Play: Salvo 20 registros com 28 colunas em appstore_google_play.csv (80.9 KB)
2025-12-12 02:50:16,365 - UNI_v7 - INFO - Reddit: Salvo 5 registros com 37 colunas em reddit.csv (8.0 KB)
2025-12-12 02:50:16,386 - UNI_v7 - INFO - Google News: Salvo 10 registros com 13 colunas em google_news.csv (8.4 KB)
2025-12-12 02:50:16,424 - UNI_v7 - INFO - arXiv: Salvo 20 registros com 18 colunas em arxiv.csv (27.2 KB)
2025-12-12 02:50:16,440 - UNI_v7 - INFO - Google Scholar: Salvo 20 registros com 20 colunas em google_scholar.csv (28.9 KB)
2025-12-12 02:50:16,462 - UNI_v7 - INFO - Wikipedia: Salvo 20 registros com 24 colunas em wikipedia.csv (29.8 KB)
2025-12-12 02:50:16,465 - UNI_v7 - INFO - GitHub: Salvo 20 registros com 38 colunas em github.csv (13.9 KB)
2025-12-12 02:50:16,466 - UNI_v7 - INFO - Hacker News: Salvo 20 registros com 18 colunas em hacker_news.csv (4.2 KB)
2025-12-12 02:50:16,467 - UNI_v7 - INFO - Iniciando criação da base de dados consolidada...
2025-12-12 02:50:16,505 - UNI_v7 - INFO - Base de dados consolidada salva: 262 registros, 198 colunas, 399.6 KB
2025-12-12 02:50:16,508 - UNI_v7 - WARNING - Não foi possível salvar Excel: No module named 'openpyxl'
2025-12-12 02:50:16,508 - UNI_v7 - WARNING - Não foi possível salvar Parquet: Unable to find a usable engine; tried using: 'pyarrow', 'fastparquet'.
A suitable version of pyarrow or fastparquet is required for parquet support.
Trying to import the above resulted in these errors:
 - Missing optional dependency 'pyarrow'. pyarrow is required for parquet support. Use pip or conda to install pyarrow.
 - Missing optional dependency 'fastparquet'. fastparquet is required for parquet support. Use pip or conda to install fastparquet.
2025-12-12 02:50:16,573 - UNI_v7 - INFO - Resumo: JSON salvo em resumo_estatistico_bitcoin_20251212_025016.json
2025-12-12 02:50:16,640 - UNI_v7 - INFO - : JSON salvo em resultados_completos.json
2025-12-12 02:50:16,691 - UNI_v7 - INFO - Qualidade: JSON salvo em analise_qualidade.json
