2025-12-11 23:48:45,280 - UNI_v3 - INFO - Iniciando coleta de Google Suggest para termo 'bitcoin'
2025-12-11 23:48:45,281 - UNI_v3 - INFO - Google Suggest: Iniciando coleta para 'bitcoin' (limite: 100)
2025-12-11 23:48:45,331 - urllib3.connectionpool - DEBUG - Starting new HTTPS connection (1): suggestqueries.google.com:443
2025-12-11 23:48:45,550 - urllib3.connectionpool - DEBUG - https://suggestqueries.google.com:443 "GET /complete/search?q=bitcoin&gl=br&client=chrome&hl=pt HTTP/1.1" 200 None
2025-12-11 23:48:45,553 - UNI_v3 - INFO - Google Suggest: Coletados 15 resultados com sucesso
2025-12-11 23:48:45,553 - UNI_v3 - INFO - Google Suggest: 15/15 itens válidos após validação
2025-12-11 23:48:45,553 - UNI_v3 - INFO - Google Suggest: 15 resultados coletados com sucesso
2025-12-11 23:48:46,280 - UNI_v3 - INFO - Iniciando coleta de SERP - DuckDuckGo para termo 'bitcoin'
2025-12-11 23:48:46,281 - UNI_v3 - INFO - DuckDuckGo: Iniciando coleta para 'bitcoin' (limite: 50)
2025-12-11 23:48:46,459 - primp.utils - DEBUG - Loaded CA certs
2025-12-11 23:48:46,462 - primp.utils - DEBUG - Loaded CA certs
2025-12-11 23:48:46,467 - UNI_v3 - ERROR - DuckDuckGo: Erro na coleta: Unsupported protocol version 0x304
2025-12-11 23:48:46,474 - UNI_v3 - DEBUG - Traceback (most recent call last):
  File "/Users/eas/Desktop/github/emersonalmeida/emersonalmeida.github.io/project/uni/uni_v3.py", line 402, in coletar_duckduckgo
    for i, r in enumerate(ddgs.text(term, region=region, safesearch="off", max_results=limite), 1):
  File "/Users/eas/Library/Python/3.9/lib/python/site-packages/ddgs/ddgs.py", line 220, in text
    return self._search("text", query, **kwargs)
  File "/Users/eas/Library/Python/3.9/lib/python/site-packages/ddgs/ddgs.py", line 166, in _search
    engines = self._get_engines(category, backend)
  File "/Users/eas/Library/Python/3.9/lib/python/site-packages/ddgs/ddgs.py", line 116, in _get_engines
    engine_instance = engine_class(proxy=self._proxy, timeout=self._timeout, verify=self._verify)
  File "/Users/eas/Library/Python/3.9/lib/python/site-packages/ddgs/engines/duckduckgo.py", line 30, in __init__
    self.http_client = HttpClient2(proxy=proxy, timeout=timeout, verify=verify)  # type: ignore
  File "/Users/eas/Library/Python/3.9/lib/python/site-packages/ddgs/http_client2.py", line 48, in __init__
    verify=_get_random_ssl_context(verify) if verify else False,
  File "/Users/eas/Library/Python/3.9/lib/python/site-packages/ddgs/http_client2.py", line 102, in _get_random_ssl_context
    random_command(ssl_context)
  File "/Users/eas/Library/Python/3.9/lib/python/site-packages/ddgs/http_client2.py", line 98, in <lambda>
    lambda context: setattr(context, "minimum_version", ssl.TLSVersion.TLSv1_3),
  File "/Library/Developer/CommandLineTools/Library/Frameworks/Python3.framework/Versions/3.9/lib/python3.9/ssl.py", line 586, in minimum_version
    super(SSLContext, SSLContext).minimum_version.__set__(self, value)
ValueError: Unsupported protocol version 0x304

2025-12-11 23:48:46,475 - UNI_v3 - WARNING - SERP - DuckDuckGo: Nenhum resultado válido encontrado
2025-12-11 23:48:46,676 - UNI_v3 - INFO - Iniciando coleta de SERP - Google para termo 'bitcoin'
2025-12-11 23:48:46,676 - UNI_v3 - INFO - Google: Iniciando coleta para 'bitcoin' (limite: 100)
2025-12-11 23:48:46,679 - googleapiclient.discovery_cache - INFO - file_cache is only supported with oauth2client<4.0.0
2025-12-11 23:48:46,682 - googleapiclient.discovery - DEBUG - URL being requested: GET https://customsearch.googleapis.com/customsearch/v1?q=bitcoin&cx=f07ccd3b922d6437b&gl=br&lr=lang_pt&start=1&num=10&key=AIzaSyBj80B2fwVvFEMtcQU8tPV_NCNaEmQvzhc&alt=json
2025-12-11 23:48:47,410 - googleapiclient.discovery - DEBUG - URL being requested: GET https://customsearch.googleapis.com/customsearch/v1?q=bitcoin&cx=f07ccd3b922d6437b&gl=br&lr=lang_pt&start=11&num=10&key=AIzaSyBj80B2fwVvFEMtcQU8tPV_NCNaEmQvzhc&alt=json
2025-12-11 23:48:47,862 - googleapiclient.discovery - DEBUG - URL being requested: GET https://customsearch.googleapis.com/customsearch/v1?q=bitcoin&cx=f07ccd3b922d6437b&gl=br&lr=lang_pt&start=21&num=10&key=AIzaSyBj80B2fwVvFEMtcQU8tPV_NCNaEmQvzhc&alt=json
2025-12-11 23:48:48,306 - googleapiclient.discovery - DEBUG - URL being requested: GET https://customsearch.googleapis.com/customsearch/v1?q=bitcoin&cx=f07ccd3b922d6437b&gl=br&lr=lang_pt&start=31&num=10&key=AIzaSyBj80B2fwVvFEMtcQU8tPV_NCNaEmQvzhc&alt=json
2025-12-11 23:48:49,044 - googleapiclient.discovery - DEBUG - URL being requested: GET https://customsearch.googleapis.com/customsearch/v1?q=bitcoin&cx=f07ccd3b922d6437b&gl=br&lr=lang_pt&start=41&num=10&key=AIzaSyBj80B2fwVvFEMtcQU8tPV_NCNaEmQvzhc&alt=json
2025-12-11 23:48:49,542 - googleapiclient.discovery - DEBUG - URL being requested: GET https://customsearch.googleapis.com/customsearch/v1?q=bitcoin&cx=f07ccd3b922d6437b&gl=br&lr=lang_pt&start=51&num=10&key=AIzaSyBj80B2fwVvFEMtcQU8tPV_NCNaEmQvzhc&alt=json
2025-12-11 23:48:50,277 - googleapiclient.discovery - DEBUG - URL being requested: GET https://customsearch.googleapis.com/customsearch/v1?q=bitcoin&cx=f07ccd3b922d6437b&gl=br&lr=lang_pt&start=61&num=10&key=AIzaSyBj80B2fwVvFEMtcQU8tPV_NCNaEmQvzhc&alt=json
2025-12-11 23:48:50,573 - UNI_v3 - INFO - Google: Coletados 66 resultados com sucesso
2025-12-11 23:48:50,574 - UNI_v3 - INFO - SERP - Google: 66/66 itens válidos após validação
2025-12-11 23:48:50,575 - UNI_v3 - INFO - SERP - Google: 66 resultados coletados com sucesso
2025-12-11 23:48:53,022 - UNI_v3 - INFO - Iniciando coleta de SERP - Brave para termo 'bitcoin'
2025-12-11 23:48:53,023 - UNI_v3 - INFO - Brave: Iniciando coleta para 'bitcoin' (limite: 50)
2025-12-11 23:48:53,034 - urllib3.connectionpool - DEBUG - Starting new HTTPS connection (1): api.search.brave.com:443
2025-12-11 23:48:54,124 - urllib3.connectionpool - DEBUG - https://api.search.brave.com:443 "GET /res/v1/web/search?q=bitcoin&count=20&country=br HTTP/1.1" 200 None
2025-12-11 23:48:54,291 - UNI_v3 - INFO - Brave: Coletados 20 resultados com sucesso
2025-12-11 23:48:54,296 - UNI_v3 - INFO - SERP - Brave: 20/20 itens válidos após validação
2025-12-11 23:48:54,296 - UNI_v3 - INFO - SERP - Brave: 20 resultados coletados com sucesso
2025-12-11 23:48:55,180 - UNI_v3 - INFO - Iniciando coleta de SERP - Bing para termo 'bitcoin'
2025-12-11 23:48:55,366 - urllib3.connectionpool - DEBUG - Starting new HTTPS connection (1): serpapi.com:443
2025-12-11 23:48:55,424 - urllib3.connectionpool - DEBUG - https://serpapi.com:443 "GET /search?engine=bing&q=bitcoin&cc=br&count=50&api_key=e71430bcff8bdc906f7a5ed9ae1538355c2efb0fb88ffa071f7125a76cc2b142 HTTP/1.1" 200 None
2025-12-11 23:48:55,428 - UNI_v3 - INFO - Bing: Coletados 10 resultados com sucesso
2025-12-11 23:48:55,429 - UNI_v3 - INFO - SERP - Bing: 10/10 itens válidos após validação
2025-12-11 23:48:55,429 - UNI_v3 - INFO - SERP - Bing: 10 resultados coletados com sucesso
2025-12-11 23:48:55,970 - UNI_v3 - INFO - Iniciando coleta de YouTube para termo 'bitcoin'
2025-12-11 23:48:55,970 - UNI_v3 - INFO - YouTube: Iniciando coleta para 'bitcoin' (limite: 50)
2025-12-11 23:48:55,973 - googleapiclient.discovery_cache - INFO - file_cache is only supported with oauth2client<4.0.0
2025-12-11 23:48:55,981 - googleapiclient.discovery - DEBUG - URL being requested: GET https://youtube.googleapis.com/youtube/v3/search?part=snippet&q=bitcoin&type=video&maxResults=50&order=relevance&regionCode=BR&relevanceLanguage=pt&key=AIzaSyBj80B2fwVvFEMtcQU8tPV_NCNaEmQvzhc&alt=json
2025-12-11 23:48:56,539 - googleapiclient.discovery - DEBUG - URL being requested: GET https://youtube.googleapis.com/youtube/v3/videos?part=statistics%2CcontentDetails%2Csnippet%2Cstatus&id=Gqdi1B7jKsI%2C4r5G_EWUGqM%2CdloBqocJ39I%2CuYro8SWqirM%2CNsX0dhmdGwk%2CrH6PLR7-2ps%2CHU6nJNbjpZc%2CR4dVZbD1ZdI%2CBWaykbR0GVo%2CBgxhP4RA7o4%2CH12gMVRjIns%2CUJ15dLYUFiA%2CeNNxW0kt_h4%2Cu5Rc8Vr8OX4%2Cguyms4R0FeE%2CHheszajURlc%2CP8HTEu7JLfM%2CJWUeyIQ-cb8%2C7w0Ff-nEkGo%2Cfi85Cjczxfo%2CukzSpdw9Mcg%2CwjhM5zV2-0Y%2CHPQeQwPahR0%2C0fYLQPZKnDo%2CRcO312nl2qI%2CqLKADDR7t0E%2CJSHxU-WnibE%2Cu_H9gXNc630%2CH0acCY1kSW8%2Ct8x4Wa0Fmi4%2CuUvllN5pOJw%2C6Fd7GkGi2Qc%2CX5wSL4FTNHk%2CeGj6-KNL3CM%2CMJt1Sro3-GM%2CRn2iEknP9Bc%2Ca8bHspbziR4%2CHeE1ZDKRxR4%2CSBuHxY0g1Sw%2C7rnRJZfwxVE%2C71id6l6hzrI%2C5rpkHa7J5gA%2CxpO-Jrwllo0%2CGN00YmQ8Tv8%2CZ1_Fq5oH0C0%2CtrVmDXMaj-M%2Cs4g1XFU8Gto%2CLbHuQcWZQSE%2Cr1pJwzu9Cho%2ChkO4zzaAs8k&key=AIzaSyBj80B2fwVvFEMtcQU8tPV_NCNaEmQvzhc&alt=json
2025-12-11 23:48:56,986 - UNI_v3 - INFO - YouTube: Coletados 50 resultados com sucesso
2025-12-11 23:48:56,988 - UNI_v3 - INFO - YouTube: 50/50 itens válidos após validação
2025-12-11 23:48:56,988 - UNI_v3 - INFO - YouTube: 50 resultados coletados com sucesso
2025-12-11 23:48:58,888 - UNI_v3 - INFO - Iniciando coleta de Reddit para termo 'bitcoin'
2025-12-11 23:48:58,888 - UNI_v3 - INFO - Reddit: Iniciando coleta para 'bitcoin' (subreddit: all, limite: 100)
2025-12-11 23:48:58,891 - prawcore - DEBUG - Fetching: GET https://oauth.reddit.com/r/all/search/ at 1765507738.891361
2025-12-11 23:48:58,891 - prawcore - DEBUG - Data: None
2025-12-11 23:48:58,891 - prawcore - DEBUG - Params: {'limit': 100,
 'q': 'bitcoin',
 'raw_json': 1,
 'restrict_sr': False,
 'sort': 'relevance',
 'syntax': 'lucene',
 't': 'all'}
2025-12-11 23:48:58,904 - urllib3.connectionpool - DEBUG - Starting new HTTPS connection (1): www.reddit.com:443
2025-12-11 23:48:59,105 - urllib3.connectionpool - DEBUG - https://www.reddit.com:443 "POST /api/v1/access_token HTTP/1.1" 200 654
2025-12-11 23:48:59,113 - urllib3.connectionpool - DEBUG - Starting new HTTPS connection (1): oauth.reddit.com:443
2025-12-11 23:49:00,466 - urllib3.connectionpool - DEBUG - https://oauth.reddit.com:443 "GET /r/all/search/?q=bitcoin&restrict_sr=False&sort=relevance&syntax=lucene&t=all&limit=100&raw_json=1 HTTP/1.1" 200 72958
2025-12-11 23:49:00,601 - prawcore - DEBUG - Response: 200 (72958 bytes) (rst-60:rem-999.0:used-1 ratelimit) at 1765507740.601107
2025-12-11 23:49:00,617 - prawcore - DEBUG - Fetching: GET https://oauth.reddit.com/r/Buttcoin/about/ at 1765507740.617003
2025-12-11 23:49:00,617 - prawcore - DEBUG - Data: None
2025-12-11 23:49:00,617 - prawcore - DEBUG - Params: {'raw_json': 1}
2025-12-11 23:49:00,813 - urllib3.connectionpool - DEBUG - https://oauth.reddit.com:443 "GET /r/Buttcoin/about/?raw_json=1 HTTP/1.1" 200 3588
2025-12-11 23:49:00,815 - prawcore - DEBUG - Response: 200 (3588 bytes) (rst-59:rem-998.0:used-2 ratelimit) at 1765507740.815308
2025-12-11 23:49:00,816 - prawcore - DEBUG - Fetching: GET https://oauth.reddit.com/user/FUMoney/about/ at 1765507740.816299
2025-12-11 23:49:00,816 - prawcore - DEBUG - Data: None
2025-12-11 23:49:00,816 - prawcore - DEBUG - Params: {'raw_json': 1}
2025-12-11 23:49:01,013 - urllib3.connectionpool - DEBUG - https://oauth.reddit.com:443 "GET /user/FUMoney/about/?raw_json=1 HTTP/1.1" 200 852
2025-12-11 23:49:01,015 - prawcore - DEBUG - Response: 200 (852 bytes) (rst-59:rem-997.0:used-3 ratelimit) at 1765507741.0155241
2025-12-11 23:49:01,019 - prawcore - DEBUG - Fetching: GET https://oauth.reddit.com/r/Bitcoin/about/ at 1765507741.0197089
2025-12-11 23:49:01,019 - prawcore - DEBUG - Data: None
2025-12-11 23:49:01,019 - prawcore - DEBUG - Params: {'raw_json': 1}
2025-12-11 23:49:01,219 - urllib3.connectionpool - DEBUG - https://oauth.reddit.com:443 "GET /r/Bitcoin/about/?raw_json=1 HTTP/1.1" 200 5252
2025-12-11 23:49:01,221 - prawcore - DEBUG - Response: 200 (5252 bytes) (rst-58:rem-996.0:used-4 ratelimit) at 1765507741.221184
2025-12-11 23:49:01,222 - prawcore - DEBUG - Fetching: GET https://oauth.reddit.com/user/Green_Candler/about/ at 1765507741.222192
2025-12-11 23:49:01,222 - prawcore - DEBUG - Data: None
2025-12-11 23:49:01,222 - prawcore - DEBUG - Params: {'raw_json': 1}
2025-12-11 23:49:01,428 - urllib3.connectionpool - DEBUG - https://oauth.reddit.com:443 "GET /user/Green_Candler/about/?raw_json=1 HTTP/1.1" 200 844
2025-12-11 23:49:01,430 - prawcore - DEBUG - Response: 200 (844 bytes) (rst-58:rem-995.0:used-5 ratelimit) at 1765507741.43021
2025-12-11 23:49:01,434 - prawcore - DEBUG - Fetching: GET https://oauth.reddit.com/r/Bitcoin/about/ at 1765507741.434616
2025-12-11 23:49:01,435 - prawcore - DEBUG - Data: None
2025-12-11 23:49:01,435 - prawcore - DEBUG - Params: {'raw_json': 1}
2025-12-11 23:49:01,627 - urllib3.connectionpool - DEBUG - https://oauth.reddit.com:443 "GET /r/Bitcoin/about/?raw_json=1 HTTP/1.1" 200 5252
2025-12-11 23:49:01,629 - prawcore - DEBUG - Response: 200 (5252 bytes) (rst-58:rem-994.0:used-6 ratelimit) at 1765507741.629845
2025-12-11 23:49:01,630 - prawcore - DEBUG - Fetching: GET https://oauth.reddit.com/user/Ashamed-Designer-174/about/ at 1765507741.630796
2025-12-11 23:49:01,630 - prawcore - DEBUG - Data: None
2025-12-11 23:49:01,631 - prawcore - DEBUG - Params: {'raw_json': 1}
2025-12-11 23:49:01,830 - urllib3.connectionpool - DEBUG - https://oauth.reddit.com:443 "GET /user/Ashamed-Designer-174/about/?raw_json=1 HTTP/1.1" 200 746
2025-12-11 23:49:01,832 - prawcore - DEBUG - Response: 200 (746 bytes) (rst-58:rem-993.0:used-7 ratelimit) at 1765507741.832355
2025-12-11 23:49:01,836 - prawcore - DEBUG - Fetching: GET https://oauth.reddit.com/r/Bitcoin/about/ at 1765507741.8362172
2025-12-11 23:49:01,836 - prawcore - DEBUG - Data: None
2025-12-11 23:49:01,836 - prawcore - DEBUG - Params: {'raw_json': 1}
2025-12-11 23:49:02,034 - urllib3.connectionpool - DEBUG - https://oauth.reddit.com:443 "GET /r/Bitcoin/about/?raw_json=1 HTTP/1.1" 200 5252
2025-12-11 23:49:02,036 - prawcore - DEBUG - Response: 200 (5252 bytes) (rst-58:rem-992.0:used-8 ratelimit) at 1765507742.036313
2025-12-11 23:49:02,037 - prawcore - DEBUG - Fetching: GET https://oauth.reddit.com/user/I_killed_the_kraken/about/ at 1765507742.037075
2025-12-11 23:49:02,037 - prawcore - DEBUG - Data: None
2025-12-11 23:49:02,037 - prawcore - DEBUG - Params: {'raw_json': 1}
2025-12-11 23:49:02,233 - urllib3.connectionpool - DEBUG - https://oauth.reddit.com:443 "GET /user/I_killed_the_kraken/about/?raw_json=1 HTTP/1.1" 200 1011
2025-12-11 23:49:02,235 - prawcore - DEBUG - Response: 200 (1011 bytes) (rst-57:rem-991.0:used-9 ratelimit) at 1765507742.2358441
2025-12-11 23:49:02,239 - prawcore - DEBUG - Fetching: GET https://oauth.reddit.com/r/Anticonsumption/about/ at 1765507742.2394829
2025-12-11 23:49:02,239 - prawcore - DEBUG - Data: None
2025-12-11 23:49:02,239 - prawcore - DEBUG - Params: {'raw_json': 1}
2025-12-11 23:49:02,434 - urllib3.connectionpool - DEBUG - https://oauth.reddit.com:443 "GET /r/Anticonsumption/about/?raw_json=1 HTTP/1.1" 200 4913
2025-12-11 23:49:02,436 - prawcore - DEBUG - Response: 200 (4913 bytes) (rst-57:rem-990.0:used-10 ratelimit) at 1765507742.4362571
2025-12-11 23:49:02,436 - prawcore - DEBUG - Fetching: GET https://oauth.reddit.com/user/gnarlytabby/about/ at 1765507742.4369578
2025-12-11 23:49:02,437 - prawcore - DEBUG - Data: None
2025-12-11 23:49:02,437 - prawcore - DEBUG - Params: {'raw_json': 1}
2025-12-11 23:49:02,631 - urllib3.connectionpool - DEBUG - https://oauth.reddit.com:443 "GET /user/gnarlytabby/about/?raw_json=1 HTTP/1.1" 200 773
2025-12-11 23:49:02,632 - prawcore - DEBUG - Response: 200 (773 bytes) (rst-57:rem-989.0:used-11 ratelimit) at 1765507742.632766
2025-12-11 23:49:02,636 - prawcore - DEBUG - Fetching: GET https://oauth.reddit.com/r/Bitcoin/about/ at 1765507742.6363058
2025-12-11 23:49:02,636 - prawcore - DEBUG - Data: None
2025-12-11 23:49:02,636 - prawcore - DEBUG - Params: {'raw_json': 1}
2025-12-11 23:49:02,838 - urllib3.connectionpool - DEBUG - https://oauth.reddit.com:443 "GET /r/Bitcoin/about/?raw_json=1 HTTP/1.1" 200 5252
2025-12-11 23:49:02,839 - prawcore - DEBUG - Response: 200 (5252 bytes) (rst-57:rem-988.0:used-12 ratelimit) at 1765507742.83997
2025-12-11 23:49:02,840 - prawcore - DEBUG - Fetching: GET https://oauth.reddit.com/user/Realistts/about/ at 1765507742.840627
2025-12-11 23:49:02,840 - prawcore - DEBUG - Data: None
2025-12-11 23:49:02,840 - prawcore - DEBUG - Params: {'raw_json': 1}
2025-12-11 23:49:03,039 - urllib3.connectionpool - DEBUG - https://oauth.reddit.com:443 "GET /user/Realistts/about/?raw_json=1 HTTP/1.1" 404 None
2025-12-11 23:49:03,040 - prawcore - DEBUG - Response: 404 (None bytes) (rst-57:rem-987.0:used-13 ratelimit) at 1765507743.040491
2025-12-11 23:49:03,040 - UNI_v3 - ERROR - Reddit: Erro na coleta: received 404 HTTP response
2025-12-11 23:49:03,050 - UNI_v3 - DEBUG - Traceback (most recent call last):
  File "/Users/eas/Desktop/github/emersonalmeida/emersonalmeida.github.io/project/uni/uni_v3.py", line 711, in coletar_reddit
    "author_flair": getattr(post.author, 'flair_text', '') if post.author else "",
  File "/Users/eas/Library/Python/3.9/lib/python/site-packages/praw/models/reddit/base.py", line 38, in __getattr__
    self._fetch()
  File "/Users/eas/Library/Python/3.9/lib/python/site-packages/praw/models/reddit/redditor.py", line 181, in _fetch
    data = self._fetch_data()
  File "/Users/eas/Library/Python/3.9/lib/python/site-packages/praw/models/reddit/base.py", line 89, in _fetch_data
    return self._reddit.request(method="GET", params=params, path=path)
  File "/Users/eas/Library/Python/3.9/lib/python/site-packages/praw/util/deprecate_args.py", line 46, in wrapped
    return func(**dict(zip(_old_args, args)), **kwargs)
  File "/Users/eas/Library/Python/3.9/lib/python/site-packages/praw/reddit.py", line 963, in request
    return self._core.request(
  File "/Users/eas/Library/Python/3.9/lib/python/site-packages/prawcore/sessions.py", line 328, in request
    return self._request_with_retries(
  File "/Users/eas/Library/Python/3.9/lib/python/site-packages/prawcore/sessions.py", line 267, in _request_with_retries
    raise self.STATUS_EXCEPTIONS[response.status_code](response)
prawcore.exceptions.NotFound: received 404 HTTP response

2025-12-11 23:49:03,050 - UNI_v3 - INFO - Reddit: 5/5 itens válidos após validação
2025-12-11 23:49:03,050 - UNI_v3 - INFO - Reddit: 5 resultados coletados com sucesso
2025-12-11 23:49:03,431 - UNI_v3 - INFO - Iniciando coleta de Google News para termo 'bitcoin'
2025-12-11 23:49:03,455 - urllib3.connectionpool - DEBUG - Starting new HTTPS connection (1): gnews.io:443
2025-12-11 23:49:04,007 - urllib3.connectionpool - DEBUG - https://gnews.io:443 "GET /api/v4/search?q=bitcoin&lang=pt&country=br&max=100&apikey=91a7bc222ecfdac6c60019c4fb1ec87c HTTP/1.1" 200 None
2025-12-11 23:49:04,009 - UNI_v3 - INFO - Google News: Coletados 10 resultados com sucesso
2025-12-11 23:49:04,010 - UNI_v3 - INFO - Google News: 10/10 itens válidos após validação
2025-12-11 23:49:04,010 - UNI_v3 - INFO - Google News: 10 resultados coletados com sucesso
2025-12-11 23:49:04,555 - UNI_v3 - INFO - Iniciando coleta de Hacker News para termo 'bitcoin'
2025-12-11 23:49:04,556 - UNI_v3 - INFO - Hacker News: Iniciando coleta para 'bitcoin' (limite: 100)
2025-12-11 23:49:04,571 - urllib3.connectionpool - DEBUG - Starting new HTTPS connection (1): hn.algolia.com:443
2025-12-11 23:49:05,018 - urllib3.connectionpool - DEBUG - https://hn.algolia.com:443 "GET /api/v1/search?query=bitcoin&tags=story&hitsPerPage=100&numericFilters= HTTP/1.1" 200 130005
2025-12-11 23:49:05,333 - UNI_v3 - INFO - Hacker News: Coletados 100 resultados com sucesso
2025-12-11 23:49:05,336 - UNI_v3 - INFO - Hacker News: 100/100 itens válidos após validação
2025-12-11 23:49:05,336 - UNI_v3 - INFO - Hacker News: 100 resultados coletados com sucesso
2025-12-11 23:49:08,968 - UNI_v3 - INFO - Iniciando coleta de GitHub para termo 'bitcoin'
2025-12-11 23:49:08,990 - urllib3.connectionpool - DEBUG - Starting new HTTPS connection (1): api.github.com:443
2025-12-11 23:49:11,276 - urllib3.connectionpool - DEBUG - https://api.github.com:443 "GET /search/repositories?q=bitcoin&sort=stars&order=desc&per_page=100 HTTP/1.1" 200 None
2025-12-11 23:49:11,337 - UNI_v3 - INFO - GitHub: Coletados 100 resultados com sucesso
2025-12-11 23:49:11,340 - UNI_v3 - INFO - GitHub: 100/100 itens válidos após validação
2025-12-11 23:49:11,340 - UNI_v3 - INFO - GitHub: 100 resultados coletados com sucesso
2025-12-11 23:49:14,968 - UNI_v3 - INFO - Iniciando coleta de arXiv para termo 'bitcoin'
2025-12-11 23:49:14,969 - UNI_v3 - INFO - arXiv: Iniciando coleta para 'bitcoin' (limite: 100)
2025-12-11 23:49:15,220 - urllib3.connectionpool - DEBUG - Starting new HTTP connection (1): export.arxiv.org:80
2025-12-11 23:49:15,240 - urllib3.connectionpool - DEBUG - http://export.arxiv.org:80 "GET /api/query?search_query=all:bitcoin&start=0&max_results=100&sortBy=relevance HTTP/1.1" 301 0
2025-12-11 23:49:15,249 - urllib3.connectionpool - DEBUG - Starting new HTTPS connection (1): export.arxiv.org:443
2025-12-11 23:49:16,381 - urllib3.connectionpool - DEBUG - https://export.arxiv.org:443 "GET /api/query?search_query=all:bitcoin&start=0&max_results=100&sortBy=relevance HTTP/1.1" 200 197010
2025-12-11 23:49:16,482 - UNI_v3 - INFO - arXiv: Coletados 100 resultados com sucesso
2025-12-11 23:49:16,483 - UNI_v3 - INFO - arXiv: 100/100 itens válidos após validação
2025-12-11 23:49:16,483 - UNI_v3 - INFO - arXiv: 100 resultados coletados com sucesso
2025-12-11 23:49:20,126 - UNI_v3 - INFO - Iniciando coleta de Wikipedia para termo 'bitcoin'
2025-12-11 23:49:20,127 - UNI_v3 - INFO - Wikipedia: Iniciando coleta para 'bitcoin' (limite: 20, lang: pt)
2025-12-11 23:49:20,140 - urllib3.connectionpool - DEBUG - Starting new HTTPS connection (1): pt.wikipedia.org:443
2025-12-11 23:49:20,496 - urllib3.connectionpool - DEBUG - https://pt.wikipedia.org:443 "GET /w/api.php?action=query&format=json&list=search&srsearch=bitcoin&srlimit=20&srnamespace=0 HTTP/1.1" 200 None
2025-12-11 23:49:20,504 - urllib3.connectionpool - DEBUG - Starting new HTTPS connection (1): pt.wikipedia.org:443
2025-12-11 23:49:20,613 - urllib3.connectionpool - DEBUG - https://pt.wikipedia.org:443 "GET /api/rest_v1/page/summary/Bitcoin HTTP/1.1" 200 633
2025-12-11 23:49:20,620 - urllib3.connectionpool - DEBUG - Starting new HTTPS connection (1): pt.wikipedia.org:443
2025-12-11 23:49:20,727 - urllib3.connectionpool - DEBUG - https://pt.wikipedia.org:443 "GET /api/rest_v1/page/summary/Satoshi_Nakamoto HTTP/1.1" 200 996
2025-12-11 23:49:20,734 - urllib3.connectionpool - DEBUG - Starting new HTTPS connection (1): pt.wikipedia.org:443
2025-12-11 23:49:20,846 - urllib3.connectionpool - DEBUG - https://pt.wikipedia.org:443 "GET /api/rest_v1/page/summary/Mercado_Bitcoin HTTP/1.1" 200 779
2025-12-11 23:49:20,855 - urllib3.connectionpool - DEBUG - Starting new HTTPS connection (1): pt.wikipedia.org:443
2025-12-11 23:49:20,963 - urllib3.connectionpool - DEBUG - https://pt.wikipedia.org:443 "GET /api/rest_v1/page/summary/Minera%C3%A7%C3%A3o_de_Bitcoin HTTP/1.1" 200 795
2025-12-11 23:49:20,970 - urllib3.connectionpool - DEBUG - Starting new HTTPS connection (1): pt.wikipedia.org:443
2025-12-11 23:49:21,081 - urllib3.connectionpool - DEBUG - https://pt.wikipedia.org:443 "GET /api/rest_v1/page/summary/Litecoin HTTP/1.1" 200 723
2025-12-11 23:49:21,090 - urllib3.connectionpool - DEBUG - Starting new HTTPS connection (1): pt.wikipedia.org:443
2025-12-11 23:49:21,338 - urllib3.connectionpool - DEBUG - https://pt.wikipedia.org:443 "GET /api/rest_v1/page/summary/Monero HTTP/1.1" 200 656
2025-12-11 23:49:21,348 - urllib3.connectionpool - DEBUG - Starting new HTTPS connection (1): pt.wikipedia.org:443
2025-12-11 23:49:21,454 - urllib3.connectionpool - DEBUG - https://pt.wikipedia.org:443 "GET /api/rest_v1/page/summary/Hal_Finney HTTP/1.1" 200 775
2025-12-11 23:49:21,463 - urllib3.connectionpool - DEBUG - Starting new HTTPS connection (1): pt.wikipedia.org:443
2025-12-11 23:49:21,576 - urllib3.connectionpool - DEBUG - https://pt.wikipedia.org:443 "GET /api/rest_v1/page/summary/Vitalik_Buterin HTTP/1.1" 200 631
2025-12-11 23:49:21,605 - urllib3.connectionpool - DEBUG - Starting new HTTPS connection (1): pt.wikipedia.org:443
2025-12-11 23:49:21,764 - urllib3.connectionpool - DEBUG - https://pt.wikipedia.org:443 "GET /api/rest_v1/page/summary/El_Salvador HTTP/1.1" 200 903
2025-12-11 23:49:21,784 - urllib3.connectionpool - DEBUG - Starting new HTTPS connection (1): pt.wikipedia.org:443
2025-12-11 23:49:21,908 - urllib3.connectionpool - DEBUG - https://pt.wikipedia.org:443 "GET /api/rest_v1/page/summary/Criptomoeda HTTP/1.1" 200 946
2025-12-11 23:49:21,923 - urllib3.connectionpool - DEBUG - Starting new HTTPS connection (1): pt.wikipedia.org:443
2025-12-11 23:49:22,043 - urllib3.connectionpool - DEBUG - https://pt.wikipedia.org:443 "GET /api/rest_v1/page/summary/Lista_de_criptomoedas HTTP/1.1" 200 713
2025-12-11 23:49:22,048 - urllib3.connectionpool - DEBUG - Starting new HTTPS connection (1): pt.wikipedia.org:443
2025-12-11 23:49:22,156 - urllib3.connectionpool - DEBUG - https://pt.wikipedia.org:443 "GET /api/rest_v1/page/summary/Lista_de_portas_dos_protocolos_TCP_e_UDP HTTP/1.1" 200 824
2025-12-11 23:49:22,162 - urllib3.connectionpool - DEBUG - Starting new HTTPS connection (1): pt.wikipedia.org:443
2025-12-11 23:49:22,270 - urllib3.connectionpool - DEBUG - https://pt.wikipedia.org:443 "GET /api/rest_v1/page/summary/Tether_(criptomoeda) HTTP/1.1" 200 683
2025-12-11 23:49:22,278 - urllib3.connectionpool - DEBUG - Starting new HTTPS connection (1): pt.wikipedia.org:443
2025-12-11 23:49:22,529 - urllib3.connectionpool - DEBUG - https://pt.wikipedia.org:443 "GET /api/rest_v1/page/summary/Blockchain HTTP/1.1" 200 None
2025-12-11 23:49:22,539 - urllib3.connectionpool - DEBUG - Starting new HTTPS connection (1): pt.wikipedia.org:443
2025-12-11 23:49:22,644 - urllib3.connectionpool - DEBUG - https://pt.wikipedia.org:443 "GET /api/rest_v1/page/summary/Fazendas_de_Bitcoin HTTP/1.1" 200 732
2025-12-11 23:49:22,651 - urllib3.connectionpool - DEBUG - Starting new HTTPS connection (1): pt.wikipedia.org:443
2025-12-11 23:49:22,757 - urllib3.connectionpool - DEBUG - https://pt.wikipedia.org:443 "GET /api/rest_v1/page/summary/Bitcoin_Cash HTTP/1.1" 200 1160
2025-12-11 23:49:22,763 - urllib3.connectionpool - DEBUG - Starting new HTTPS connection (1): pt.wikipedia.org:443
2025-12-11 23:49:22,869 - urllib3.connectionpool - DEBUG - https://pt.wikipedia.org:443 "GET /api/rest_v1/page/summary/Reserva_estrat%C3%A9gica_de_bitcoin HTTP/1.1" 200 663
2025-12-11 23:49:22,874 - urllib3.connectionpool - DEBUG - Starting new HTTPS connection (1): pt.wikipedia.org:443
2025-12-11 23:49:23,204 - urllib3.connectionpool - DEBUG - https://pt.wikipedia.org:443 "GET /api/rest_v1/page/summary/Nayib_Bukele HTTP/1.1" 200 747
2025-12-11 23:49:23,211 - urllib3.connectionpool - DEBUG - Starting new HTTPS connection (1): pt.wikipedia.org:443
2025-12-11 23:49:23,313 - urllib3.connectionpool - DEBUG - https://pt.wikipedia.org:443 "GET /api/rest_v1/page/summary/Nick_Szabo HTTP/1.1" 200 776
2025-12-11 23:49:23,319 - urllib3.connectionpool - DEBUG - Starting new HTTPS connection (1): pt.wikipedia.org:443
2025-12-11 23:49:23,425 - urllib3.connectionpool - DEBUG - https://pt.wikipedia.org:443 "GET /api/rest_v1/page/summary/Kraken_(empresa) HTTP/1.1" 200 579
2025-12-11 23:49:23,428 - UNI_v3 - INFO - Wikipedia: Coletados 20 resultados com sucesso
2025-12-11 23:49:23,433 - UNI_v3 - INFO - Wikipedia: 20/20 itens válidos após validação
2025-12-11 23:49:23,434 - UNI_v3 - INFO - Wikipedia: 20 resultados coletados com sucesso
2025-12-11 23:49:24,330 - UNI_v3 - INFO - Iniciando coleta de Google Scholar para termo 'bitcoin'
2025-12-11 23:49:24,356 - urllib3.connectionpool - DEBUG - Starting new HTTPS connection (1): api.semanticscholar.org:443
2025-12-11 23:49:25,806 - urllib3.connectionpool - DEBUG - https://api.semanticscholar.org:443 "GET /graph/v1/paper/search?query=bitcoin&limit=100&fields=title%2Cauthors%2Cyear%2Curl%2Cabstract%2CcitationCount%2CreferenceCount%2Cvenue%2CfieldsOfStudy%2CpublicationTypes%2CpublicationDate%2Cjournal%2CexternalIds HTTP/1.1" 200 188433
2025-12-11 23:49:26,132 - UNI_v3 - ERROR - Google Scholar: Erro inesperado: can only join an iterable
2025-12-11 23:49:26,133 - UNI_v3 - DEBUG - Traceback (most recent call last):
  File "/Users/eas/Desktop/github/emersonalmeida/emersonalmeida.github.io/project/uni/uni_v3.py", line 1044, in coletar_scholar
    "fields_of_study": ", ".join(paper.get("fieldsOfStudy", [])),
TypeError: can only join an iterable

2025-12-11 23:49:26,134 - UNI_v3 - WARNING - Google Scholar: Nenhum resultado válido encontrado
2025-12-11 23:49:26,337 - UNI_v3 - INFO - Iniciando coleta de Google Play para termo 'bitcoin'
2025-12-11 23:49:26,338 - UNI_v3 - INFO - Google Play: Iniciando coleta para 'bitcoin' (limite: 50)
2025-12-11 23:49:26,354 - UNI_v3 - ERROR - Google Play: Erro na coleta: search() got an unexpected keyword argument 'n'
2025-12-11 23:49:26,356 - UNI_v3 - DEBUG - Traceback (most recent call last):
  File "/Users/eas/Desktop/github/emersonalmeida/emersonalmeida.github.io/project/uni/uni_v3.py", line 1071, in coletar_google_play
    apps = gplay_search(term, lang=lang, country=country, n=n)
TypeError: search() got an unexpected keyword argument 'n'

2025-12-11 23:49:26,356 - UNI_v3 - WARNING - Google Play: Nenhum resultado válido encontrado
2025-12-11 23:49:26,559 - UNI_v3 - INFO - Iniciando coleta de Apple App Store para termo 'bitcoin'
2025-12-11 23:49:26,560 - UNI_v3 - INFO - Apple App Store: Iniciando coleta para 'bitcoin' (limite: 50)
2025-12-11 23:49:26,560 - UNI_v3 - WARNING - Apple App Store: Biblioteca app_store_scraper não disponível
2025-12-11 23:49:26,561 - UNI_v3 - WARNING - Apple App Store: Nenhum resultado válido encontrado
2025-12-11 23:49:26,767 - UNI_v3 - INFO - : JSON salvo em metadados_coleta.json
2025-12-11 23:49:26,805 - UNI_v3 - INFO - : 15/15 itens válidos após validação
2025-12-11 23:49:26,818 - UNI_v3 - INFO - : Salvo 15 registros com 8 colunas em google_suggest.csv
2025-12-11 23:49:26,818 - UNI_v3 - INFO - : 66/66 itens válidos após validação
2025-12-11 23:49:26,820 - UNI_v3 - INFO - : Salvo 66 registros com 12 colunas em serp___google.csv
2025-12-11 23:49:26,820 - UNI_v3 - INFO - : 20/20 itens válidos após validação
2025-12-11 23:49:26,821 - UNI_v3 - INFO - : Salvo 20 registros com 9 colunas em serp___brave.csv
2025-12-11 23:49:26,821 - UNI_v3 - INFO - : 10/10 itens válidos após validação
2025-12-11 23:49:26,822 - UNI_v3 - INFO - : Salvo 10 registros com 9 colunas em serp___bing.csv
2025-12-11 23:49:26,822 - UNI_v3 - INFO - : 50/50 itens válidos após validação
2025-12-11 23:49:26,824 - UNI_v3 - INFO - : Salvo 50 registros com 21 colunas em youtube.csv
2025-12-11 23:49:26,824 - UNI_v3 - INFO - : 5/5 itens válidos após validação
2025-12-11 23:49:26,826 - UNI_v3 - INFO - : Salvo 5 registros com 25 colunas em reddit.csv
2025-12-11 23:49:26,826 - UNI_v3 - INFO - : 10/10 itens válidos após validação
2025-12-11 23:49:26,827 - UNI_v3 - INFO - : Salvo 10 registros com 12 colunas em google_news.csv
2025-12-11 23:49:26,828 - UNI_v3 - INFO - : 100/100 itens válidos após validação
2025-12-11 23:49:26,829 - UNI_v3 - INFO - : Salvo 100 registros com 18 colunas em hacker_news.csv
2025-12-11 23:49:26,830 - UNI_v3 - INFO - : 100/100 itens válidos após validação
2025-12-11 23:49:26,834 - UNI_v3 - INFO - : Salvo 100 registros com 23 colunas em github.csv
2025-12-11 23:49:26,834 - UNI_v3 - INFO - : 100/100 itens válidos após validação
2025-12-11 23:49:26,838 - UNI_v3 - INFO - : Salvo 100 registros com 16 colunas em arxiv.csv
2025-12-11 23:49:26,838 - UNI_v3 - INFO - : 20/20 itens válidos após validação
2025-12-11 23:49:26,839 - UNI_v3 - INFO - : Salvo 20 registros com 17 colunas em wikipedia.csv
2025-12-11 23:49:26,877 - UNI_v3 - INFO - : JSON salvo em resultados_completos.json
2025-12-11 23:49:51,680 - UNI_v3 - INFO - : JSON salvo em metadados_coleta.json
2025-12-11 23:49:51,681 - UNI_v3 - INFO - Iniciando coleta de Google Suggest para termo 'bitcoin'
2025-12-11 23:49:51,681 - UNI_v3 - INFO - Google Suggest: Iniciando coleta para 'bitcoin' (limite: 15)
2025-12-11 23:49:51,790 - urllib3.connectionpool - DEBUG - https://suggestqueries.google.com:443 "GET /complete/search?q=bitcoin&gl=br&client=chrome&hl=pt HTTP/1.1" 200 None
2025-12-11 23:49:51,793 - UNI_v3 - INFO - Google Suggest: Coletados 15 resultados com sucesso
2025-12-11 23:49:51,794 - UNI_v3 - INFO - Google Suggest: 15/15 itens válidos após validação
2025-12-11 23:49:51,794 - UNI_v3 - INFO - Google Suggest: 15 resultados coletados com sucesso
2025-12-11 23:49:52,508 - UNI_v3 - INFO - Iniciando coleta de SERP - DuckDuckGo para termo 'bitcoin'
2025-12-11 23:49:52,508 - UNI_v3 - INFO - DuckDuckGo: Iniciando coleta para 'bitcoin' (limite: 15)
2025-12-11 23:49:52,510 - primp.utils - DEBUG - Loaded CA certs
2025-12-11 23:49:52,521 - primp.utils - DEBUG - Loaded CA certs
2025-12-11 23:49:52,523 - primp.utils - DEBUG - Loaded CA certs
2025-12-11 23:49:52,523 - primp.utils - DEBUG - Loaded CA certs
2025-12-11 23:49:52,523 - primp.utils - DEBUG - Loaded CA certs
2025-12-11 23:49:52,523 - primp.utils - DEBUG - Loaded CA certs
2025-12-11 23:49:52,523 - primp.utils - DEBUG - Loaded CA certs
2025-12-11 23:49:52,523 - primp.utils - DEBUG - Loaded CA certs
2025-12-11 23:49:52,525 - httpcore.connection - DEBUG - connect_tcp.started host='html.duckduckgo.com' port=443 local_address=None timeout=5 socket_options=None
2025-12-11 23:49:52,526 - ddgs.ddgs - INFO - Error in engine wikipedia: ValueError('not enough values to unpack (expected 2, got 1)')
2025-12-11 23:49:52,526 - ddgs.ddgs - INFO - Error in engine mojeek: ValueError('not enough values to unpack (expected 2, got 1)')
2025-12-11 23:49:52,526 - ddgs.ddgs - INFO - Error in engine bing: ValueError('not enough values to unpack (expected 2, got 1)')
2025-12-11 23:49:52,530 - rquest.connect - DEBUG - starting new connection: https://yandex.com/
2025-12-11 23:49:52,531 - rquest.util.client.connect.dns - DEBUG - resolving yandex.com
2025-12-11 23:49:52,540 - rquest.util.client.connect.http - DEBUG - connecting to 77.88.55.88:443
2025-12-11 23:49:52,562 - httpcore.connection - DEBUG - connect_tcp.complete return_value=<httpcore._backends.sync.SyncStream object at 0x11141a2e0>
2025-12-11 23:49:52,562 - httpcore.connection - DEBUG - start_tls.started ssl_context=<ssl.SSLContext object at 0x110d86f90> server_hostname='html.duckduckgo.com' timeout=5
2025-12-11 23:49:52,600 - httpcore.connection - DEBUG - start_tls.complete return_value=<httpcore._backends.sync.SyncStream object at 0x11141a160>
2025-12-11 23:49:52,601 - httpcore.http2 - DEBUG - send_connection_init.started request=<Request [b'POST']>
2025-12-11 23:49:52,601 - httpcore.http2 - DEBUG - send_connection_init.complete
2025-12-11 23:49:52,602 - httpcore.http2 - DEBUG - send_request_headers.started request=<Request [b'POST']> stream_id=1
2025-12-11 23:49:52,602 - hpack.hpack - DEBUG - Adding (b':method', b'POST') to the header table, sensitive:False, huffman:True
2025-12-11 23:49:52,602 - hpack.hpack - DEBUG - Encoding 3 with 7 bits
2025-12-11 23:49:52,602 - hpack.hpack - DEBUG - Adding (b':authority', b'html.duckduckgo.com') to the header table, sensitive:False, huffman:True
2025-12-11 23:49:52,602 - hpack.hpack - DEBUG - Encoding 1 with 6 bits
2025-12-11 23:49:52,602 - hpack.hpack - DEBUG - Encoding 14 with 7 bits
2025-12-11 23:49:52,602 - hpack.hpack - DEBUG - Adding (b':scheme', b'https') to the header table, sensitive:False, huffman:True
2025-12-11 23:49:52,602 - hpack.hpack - DEBUG - Encoding 7 with 7 bits
2025-12-11 23:49:52,602 - hpack.hpack - DEBUG - Adding (b':path', b'/html/') to the header table, sensitive:False, huffman:True
2025-12-11 23:49:52,602 - hpack.hpack - DEBUG - Encoding 4 with 6 bits
2025-12-11 23:49:52,602 - hpack.hpack - DEBUG - Encoding 5 with 7 bits
2025-12-11 23:49:52,602 - hpack.hpack - DEBUG - Adding (b'accept', b'*/*') to the header table, sensitive:False, huffman:True
2025-12-11 23:49:52,602 - hpack.hpack - DEBUG - Encoding 19 with 6 bits
2025-12-11 23:49:52,602 - hpack.hpack - DEBUG - Encoding 3 with 7 bits
2025-12-11 23:49:52,602 - hpack.hpack - DEBUG - Adding (b'accept-encoding', b'gzip, deflate, br') to the header table, sensitive:False, huffman:True
2025-12-11 23:49:52,602 - hpack.hpack - DEBUG - Encoding 16 with 6 bits
2025-12-11 23:49:52,602 - hpack.hpack - DEBUG - Encoding 13 with 7 bits
2025-12-11 23:49:52,602 - hpack.hpack - DEBUG - Adding (b'user-agent', b'python-httpx/0.28.1') to the header table, sensitive:False, huffman:True
2025-12-11 23:49:52,602 - hpack.hpack - DEBUG - Encoding 58 with 6 bits
2025-12-11 23:49:52,603 - hpack.hpack - DEBUG - Encoding 14 with 7 bits
2025-12-11 23:49:52,603 - hpack.hpack - DEBUG - Adding (b'content-length', b'17') to the header table, sensitive:False, huffman:True
2025-12-11 23:49:52,603 - hpack.hpack - DEBUG - Encoding 28 with 6 bits
2025-12-11 23:49:52,603 - hpack.hpack - DEBUG - Encoding 2 with 7 bits
2025-12-11 23:49:52,603 - hpack.hpack - DEBUG - Adding (b'content-type', b'application/x-www-form-urlencoded') to the header table, sensitive:False, huffman:True
2025-12-11 23:49:52,603 - hpack.hpack - DEBUG - Encoding 31 with 6 bits
2025-12-11 23:49:52,603 - hpack.hpack - DEBUG - Encoding 24 with 7 bits
2025-12-11 23:49:52,603 - hpack.hpack - DEBUG - Encoded header block to b"\x83A\x8e\x9d4\xd0\xbc\x96\x93\xac\x96\x93\xac\xc7\\\x87\xa7\x87D\x85bt\xd3C\x1fS\x83\xf9c\xe7P\x8d\x9b\xd9\xab\xfaRB\xcb@\xd2_\xa5#\xb3z\x8e\xaf\xd2g=KN\x94\xd7\xe5\x80.'\x97\x0f\\\x82\x0b\xbf_\x98\x1du\xd0b\r&=Ly[\xc7\x8f\x0bJ{)Z\xdb(-D<\x85\x93"
2025-12-11 23:49:52,603 - httpcore.http2 - DEBUG - send_request_headers.complete
2025-12-11 23:49:52,603 - httpcore.http2 - DEBUG - send_request_body.started request=<Request [b'POST']> stream_id=1
2025-12-11 23:49:52,603 - httpcore.http2 - DEBUG - send_request_body.complete
2025-12-11 23:49:52,603 - httpcore.http2 - DEBUG - receive_response_headers.started request=<Request [b'POST']> stream_id=1
2025-12-11 23:49:52,603 - httpcore.http2 - DEBUG - receive_remote_settings.started
2025-12-11 23:49:52,604 - httpcore.http2 - DEBUG - receive_remote_settings.complete return_value=<RemoteSettingsChanged changed_settings:{ChangedSetting(setting=SettingCodes.MAX_CONCURRENT_STREAMS, original_value=None, new_value=100), ChangedSetting(setting=SettingCodes.INITIAL_WINDOW_SIZE, original_value=65535, new_value=65536), ChangedSetting(setting=SettingCodes.MAX_FRAME_SIZE, original_value=16384, new_value=16777215)}>
2025-12-11 23:49:52,648 - hpack.hpack - DEBUG - Decoding b' H\x03202v\x84\xaacU\xe7a\x96\xc3a\xbe\x94\x08\x94\xbeR( \t\xb5\x00+\x8d?q\xb1)\x8bF\xff_\x92I|\xa5\x89\xd3M\x1fj\x12q\xd8\x82\xa6\x0e\x1b\xf0\xac\xf7\x00\x8aAl\xee[\x16I\xa95S\x7f\x9eI\xd2:>\xe4\xb6\xc8\x04\xd7\xdc\x85A \xfen\x8c\x9dKT\x8ao:GB\x9f\xfb\xab\xff\x9f\xcf\x00\x04vary\x85\xd5a\xa65_\x00\x91Bl1\x12\xb2l\x1dH\xac\xf6%d\x14\x96\xd8d\xfa\x8c\xa4~V\x1c\xc5\x81\x90\xb6\xcb\x80\x00?\x00\x89\xf2\xb5\x87\x8c\xe9B\xc9\x1c\xdf\x85\xa8\xe6\xaaB\xf9\x00\x8d\xac\xb6Rd \xc7\xa9\x0bVz\x0cO_\x8e5I-\x85BV!\xe7=\x89\x83\xfa\xfe\xff\x00\x90!\xeaIjJ\xc8)-\xb0\xc9\xf4\xb5g\xa0\xc4\xf5\xff\xe4\t\x90\xb2\x8e\xda\x12\xb2,"\x9f\xea\xa3\xd4_\xf4\xa7\xda\x84=U\x14\x89Y\x16\x11E\'JkE\xc6\x18\x92\xd2u\\fRt\xa6\xb4\\a\x8f\x95\xe4\xb4\x9dW\x19\x94\x9d)\xad\x17\x18bKI\xd6KI\xd6c\xaeC\xd2\xa4\xe9Mh\xb8\xc3\x1f+\xc9i:\xc9i:\xccu\xc8zT\x9d)\xad\x17\x18bKI\xd6KI\xd6c\xcd3B\xf3\xd0\xe4t^YGA\xa0\xfe\x0e;%\x8ebS\xdeSR9R\x97\x13\xe0s#\xc7\xb2{\x1c\x8b\x9e\xa3\x1e\xa6\x14\x9d)\xad\x17\x18a\x15\xd8Q\xc9]\x86\xee2z\\\x87\xa5O\xb5)\x1dF\x94\xa8J\xc8\xb0\x8a):SZ.0\xc4\x96\x93\xaa\xe32\x93\xa55\xa2\xe3\x0c|\xaf%\xa4\xea\xb8\xcc\xa4\xe9Mh\xb8\xc3\x12ZN\xb2ZN\xb3\x1dr\x1e\x95\'JkE\xc6\x18\xf9^KI\xd6KI\xd6c\xaeC\xd2\xa4\xe9Mh\xb8\xc3\x12ZN\xb2ZN\xb3\x1ei\x9a\x17\x9e\x87#\xa2\xf2\xca:\r\x07\xf0q\xd9,s\x12\x9e\xf2\x9a\x91\xca\x94\xb8\x9f\x03\x99\x1e=\x93\xd8\xe4\\\xf5\x18\xf50\xa4\xe9Mh\xb8\xc3\x08\xae\xc2\x8eJ\xec7q\x93\xd2\xe4=*}\xa9Id0\xd6E\x84QI\xd2\x9a\xd1q\x86$\xb4\x9dW\x19\x94\x9d)\xad\x17\x18c\xe5y-\'U\xc6e\'JkE\xc6\x18\x92\xd2u\x92\xd2u\x98\xeb\x90\xf4\xa9:SZ.0\xc7\xca\xf2ZN\xb2ZN\xb3\x1dr\x1e\x95\'JkE\xc6\x18\x92\xd2u\x92\xd2u\x98\xf3L\xd0\xbc\xf49\x1d\x17\x96Q\xd0h?\x83\x8e\xc9c\x98\x94\xf7\x94\xd4\x8eT\xa5\xc4\xf8\x1c\xc8\xf1\xec\x9e\xc7"\xe7\xa8\xc7\xa9\x85\'JkE\xc6\x18Ev\x14rWa\xbb\x8c\x9e\x97!\xe9S\xedD\x12\xc3V\x95\x91a\x14\x8e\x83\xc7qE\'JkE\xc6\x18\x92\xd2u\\fRt\xa6\xb4\\a\x8f\x95\xe4\xb4\x9dW\x19\x94\x9d)\xad\x17\x18bKI\xd6KI\xd6c\xaeC\xd2\xa4\xe9Mh\xb8\xc3\x1f+\xc9i:\xc9i:\xccu\xc8zT\x9d)\xad\x17\x18bKI\xd6KI\xd6c\xcd3B\xf3\xd0\xe4t^YGA\xa0\xfe\x0e;%\x8ebS\xdeSR9R\x97\x13\xe0s#\xc7\xb2{\x1c\x8b\x9e\xa3\x1e\xa6\x14\x9d)\xad\x17\x18a\x15\xd8Q\xc9]\x86\xee2z\\\x87\xa5O\xb5%=IY\x16\x11I\x06\x91\xdcQI\xd2\x9a\xd1q\x86$\xb4\x9dW\x19\x94\x9d)\xad\x17\x18c\xe5y-\'U\xc6e\'JkE\xc6\x18\x92\xd2u\x92\xd2u\x98\xeb\x90\xf4\xa9:SZ.0\xc7\xca\xf2ZN\xb2ZN\xb3\x1dr\x1e\x95\'JkE\xc6\x18\x92\xd2u\x92\xd2u\x98\xf3L\xd0\xbc\xf49\x1d\x17\x96Q\xd0h?\x83\x8e\xc9c\x98\x94\xf7\x94\xd4\x8eT\xa5\xc4\xf8\x1c\xc8\xf1\xec\x9e\xc7"\xe7\xa8\xc7\xa9\x85\'JkE\xc6\x18Ev\x14rWa\xbb\x8c\x9e\x97!\xe9S\xedCS2\xc8\xb0\x8aH4\x8e\xe2\x8aN\x94\xd6\x8b\x8c1%\xa4\xea\xb8\xcc\xa4\xe9Mh\xb8\xc3\x1f+\xc9i:\xae3):SZ.0\xc4\x96\x93\xac\x96\x93\xac\xc7\\\x87\xa5I\xd2\x9a\xd1q\x86>W\x92\xd2u\x92\xd2u\x98\xeb\x90\xf4\xa9:SZ.0\xc4\x96\x93\xac\x96\x93\xac\xc7\x9af\x85\xe7\xa1\xc8\xe8\xbc\xb2\x8e\x83A\xfc\x1cvK\x1c\xc4\xa7\xbc\xa6\xa4r\xa5.\'\xc0\xe6G\x8fd\xf69\x17=F=L):SZ.0\xc2+\xb0\xa3\x92\xbb\r\xdcd\xf4\xb9\x0fJ\x9fj!>\xa8*\xc8\xb0\x8a):SZ.0\xc4\x96\x93\xaa\xe32\x93\xa55\xa2\xe3\x0c|\xaf%\xa4\xea\xb8\xcc\xa4\xe9Mh\xb8\xc3\x12ZN\xb2ZN\xb3\x1dr\x1e\x95\'JkE\xc6\x18\xf9^KI\xd6KI\xd6c\xaeC\xd2\xa4\xe9Mh\xb8\xc3\x12ZN\xb2ZN\xb3\x1ei\x9a\x17\x9e\x87#\xa2\xf2\xca:\r\x07\xf0q\xd9,s\x12\x9e\xf2\x9a\x91\xca\x94\xb8\x9f\x03\x99\x1e=\x93\xd8\xe4\\\xf5\x18\xf50\xa4\xe9Mh\xb8\xc3\x08\xae\xc2\x8eJ\xec7q\x93\xd2\xe4=*}\xa8x\xfa\x14\x89Y\x16\x11O\xf5Q\xea/\xfaS\xedO\x07\xb3\xa9lY\x16\x11H\xe8<w\x14\xfbP\x93\x9a\x89\x16E\x84R:\x0f\x1d\xc5\x14\x9d)\xad\x17\x18bKI\xd5q\x99I\xd2\x9a\xd1q\x86>W\x92\xd2u\\fRt\xa6\xb4\\a\x89-\'Y-\'Y\x8e\xb9\x0fJ\x93\xa55\xa2\xe3\x0c|\xaf%\xa4\xeb%\xa4\xeb1\xd7!\xe9Rt\xa6\xb4\\a\x89-\'Y-\'Y\x8f4\xcd\x0b\xcfC\x91\xd1ye\x1d\x06\x83\xf88\xec\x969\x89OyMH\xe5J\\O\x81\xcc\x8f\x1e\xc9\xecr.z\x8cz\x98Rt\xa6\xb4\\a\x84WaG%v\x1b\xb8\xc9\xe9r\x1e\x95>\xd4\x96\xc1\xd2U\x91a\x14\x8e\x83\xc7qE\'JkE\xc6\x18\x92\xd2u\\fRt\xa6\xb4\\a\x8f\x95\xe4\xb4\x9dW\x19\x94\x9d)\xad\x17\x18bKI\xd6KI\xd6c\xaeC\xd2\xa4\xe9Mh\xb8\xc3\x1f+\xc9i:\xc9i:\xccu\xc8zT\x9d)\xad\x17\x18bKI\xd6KI\xd6c\xcd3B\xf3\xd0\xe4t^YGA\xa0\xfe\x0e;%\x8ebS\xdeSR9R\x97\x13\xe0s#\xc7\xb2{\x1c\x8b\x9e\xa3\x1e\xa6\x14\x9d)\xad\x17\x18a\x15\xd8Q\xc9]\x86\xee2z\\\x87\xa5O\xb5%\xb0t\x95a\xd4B\xa1\'\xb1\n\x7f\xa4\x16\x89\x7f\xd2\x9fjF4\x15kl2\x9f\xe9\x05\xa2_\xf4\xa7\xda\x91\xd0ruXtP\xb5&\xf2Y\x16!\xeaIjJ\x9f\x7f\x00\x8b\xf2\xb4\xb6\x0e\x92\xacz\xd2c\xd4\x8f\x89\xdd\x0e\x8c\x1a\xb6\xe4\xc5\x93O\x00\x8c\xf2\xb7\x94!j\xec:JD\x98\xf5\x7f\x89\x0f\xdd\'\x90\xb0GA\xc9\xd7\x00\x90\xf2\xb1\x0fRKRVO\xaa\xca\xb1\xebI\x8fR?\x85\xa8\xe8\xa8\xd2\xcb\x00\x8b\xb0\xb2\x96\xcb\x0bb\xd5\x9e\x83\x13\xd7\x85=\x86\x98\xd5\x7f\x00\x87/\x9a\xcaD\xacD\xff\x87\xa4~V\x1c\xc5\x80\x1f'
2025-12-11 23:49:52,648 - hpack.hpack - DEBUG - Decoded 0, consumed 1 bytes
2025-12-11 23:49:52,648 - hpack.table - DEBUG - Resizing header table to 0 from 4096
2025-12-11 23:49:52,649 - hpack.hpack - DEBUG - Decoded 8, consumed 1 bytes
2025-12-11 23:49:52,649 - hpack.hpack - DEBUG - Decoded 3, consumed 1 bytes
2025-12-11 23:49:52,649 - hpack.hpack - DEBUG - Decoded (b':status', <memory at 0x110d911c0>), total consumed 5 bytes, indexed True
2025-12-11 23:49:52,649 - hpack.hpack - DEBUG - Decoded 54, consumed 1 bytes
2025-12-11 23:49:52,649 - hpack.hpack - DEBUG - Decoded 4, consumed 1 bytes
2025-12-11 23:49:52,649 - hpack.hpack - DEBUG - Decoded (b'server', b'nginx'), total consumed 6 bytes, indexed True
2025-12-11 23:49:52,649 - hpack.hpack - DEBUG - Decoded 33, consumed 1 bytes
2025-12-11 23:49:52,649 - hpack.hpack - DEBUG - Decoded 22, consumed 1 bytes
2025-12-11 23:49:52,649 - hpack.hpack - DEBUG - Decoded (b'date', b'Fri, 12 Dec 2025 02:49:52 GMT'), total consumed 24 bytes, indexed True
2025-12-11 23:49:52,649 - hpack.hpack - DEBUG - Decoded 31, consumed 1 bytes
2025-12-11 23:49:52,649 - hpack.hpack - DEBUG - Decoded 18, consumed 1 bytes
2025-12-11 23:49:52,649 - hpack.hpack - DEBUG - Decoded (b'content-type', b'text/html; charset=UTF-8'), total consumed 20 bytes, indexed True
2025-12-11 23:49:52,649 - hpack.hpack - DEBUG - Decoded 10, consumed 1 bytes
2025-12-11 23:49:52,649 - hpack.hpack - DEBUG - Decoded 30, consumed 1 bytes
2025-12-11 23:49:52,649 - hpack.hpack - DEBUG - Decoded (b'server-timing', b'total;dur=24;desc="Backend Total [n]"'), total consumed 43 bytes, indexed False
2025-12-11 23:49:52,649 - hpack.hpack - DEBUG - Decoded 4, consumed 1 bytes
2025-12-11 23:49:52,649 - hpack.hpack - DEBUG - Decoded 5, consumed 1 bytes
2025-12-11 23:49:52,649 - hpack.hpack - DEBUG - Decoded (<memory at 0x110d91040>, b'Origin'), total consumed 12 bytes, indexed False
2025-12-11 23:49:52,650 - hpack.hpack - DEBUG - Decoded 17, consumed 1 bytes
2025-12-11 23:49:52,650 - hpack.hpack - DEBUG - Decoded 12, consumed 1 bytes
2025-12-11 23:49:52,650 - hpack.hpack - DEBUG - Decoded (b'strict-transport-security', b'max-age=31536000'), total consumed 32 bytes, indexed False
2025-12-11 23:49:52,650 - hpack.hpack - DEBUG - Decoded 9, consumed 1 bytes
2025-12-11 23:49:52,650 - hpack.hpack - DEBUG - Decoded 5, consumed 1 bytes
2025-12-11 23:49:52,650 - hpack.hpack - DEBUG - Decoded (b'x-robots-tag', b'noindex'), total consumed 17 bytes, indexed False
2025-12-11 23:49:52,650 - hpack.hpack - DEBUG - Decoded 13, consumed 1 bytes
2025-12-11 23:49:52,650 - hpack.hpack - DEBUG - Decoded 14, consumed 1 bytes
2025-12-11 23:49:52,650 - hpack.hpack - DEBUG - Decoded (b'permissions-policy', b'interest-cohort=()'), total consumed 30 bytes, indexed False
2025-12-11 23:49:52,650 - hpack.hpack - DEBUG - Decoded 16, consumed 1 bytes
2025-12-11 23:49:52,650 - hpack.hpack - DEBUG - Decoded 1379, consumed 3 bytes
2025-12-11 23:49:52,651 - hpack.hpack - DEBUG - Decoded (b'content-security-policy', b"default-src 'none' ; connect-src  https://duck.ai https://*.duck.ai https://duckduckgo.com https://*.duckduckgo.com https://duckduckgogg42xjoc72x3sjasowoarfbgcmvfimaftt6twagswzczad.onion/ https://spreadprivacy.com ; manifest-src  https://duck.ai https://*.duck.ai https://duckduckgo.com https://*.duckduckgo.com https://duckduckgogg42xjoc72x3sjasowoarfbgcmvfimaftt6twagswzczad.onion/ https://spreadprivacy.com ; media-src  https://duck.ai https://*.duck.ai https://duckduckgo.com https://*.duckduckgo.com https://duckduckgogg42xjoc72x3sjasowoarfbgcmvfimaftt6twagswzczad.onion/ https://spreadprivacy.com ; script-src blob:  https://duck.ai https://*.duck.ai https://duckduckgo.com https://*.duckduckgo.com https://duckduckgogg42xjoc72x3sjasowoarfbgcmvfimaftt6twagswzczad.onion/ https://spreadprivacy.com ; font-src data:  https://duck.ai https://*.duck.ai https://duckduckgo.com https://*.duckduckgo.com https://duckduckgogg42xjoc72x3sjasowoarfbgcmvfimaftt6twagswzczad.onion/ https://spreadprivacy.com ; img-src data:  https://duck.ai https://*.duck.ai https://duckduckgo.com https://*.duckduckgo.com https://duckduckgogg42xjoc72x3sjasowoarfbgcmvfimaftt6twagswzczad.onion/ https://spreadprivacy.com ; style-src  https://duck.ai https://*.duck.ai https://duckduckgo.com https://*.duckduckgo.com https://duckduckgogg42xjoc72x3sjasowoarfbgcmvfimaftt6twagswzczad.onion/ https://spreadprivacy.com ; object-src 'none' ; worker-src blob: ; child-src blob:  https://duck.ai https://*.duck.ai https://duckduckgo.com https://*.duckduckgo.com https://duckduckgogg42xjoc72x3sjasowoarfbgcmvfimaftt6twagswzczad.onion/ https://spreadprivacy.com ; frame-src blob:  https://duck.ai https://*.duck.ai https://duckduckgo.com https://*.duckduckgo.com https://duckduckgogg42xjoc72x3sjasowoarfbgcmvfimaftt6twagswzczad.onion/ https://spreadprivacy.com ; frame-ancestors 'self' ; base-uri 'self' ; block-all-mixed-content ;"), total consumed 1400 bytes, indexed False
2025-12-11 23:49:52,651 - hpack.hpack - DEBUG - Decoded 11, consumed 1 bytes
2025-12-11 23:49:52,651 - hpack.hpack - DEBUG - Decoded 9, consumed 1 bytes
2025-12-11 23:49:52,651 - hpack.hpack - DEBUG - Decoded (b'x-frame-options', b'SAMEORIGIN'), total consumed 23 bytes, indexed False
2025-12-11 23:49:52,651 - hpack.hpack - DEBUG - Decoded 12, consumed 1 bytes
2025-12-11 23:49:52,651 - hpack.hpack - DEBUG - Decoded 9, consumed 1 bytes
2025-12-11 23:49:52,651 - hpack.hpack - DEBUG - Decoded (b'x-xss-protection', b'1;mode=block'), total consumed 24 bytes, indexed False
2025-12-11 23:49:52,651 - hpack.hpack - DEBUG - Decoded 16, consumed 1 bytes
2025-12-11 23:49:52,651 - hpack.hpack - DEBUG - Decoded 5, consumed 1 bytes
2025-12-11 23:49:52,652 - hpack.hpack - DEBUG - Decoded (b'x-content-type-options', b'nosniff'), total consumed 24 bytes, indexed False
2025-12-11 23:49:52,652 - hpack.hpack - DEBUG - Decoded 11, consumed 1 bytes
2025-12-11 23:49:52,652 - hpack.hpack - DEBUG - Decoded 5, consumed 1 bytes
2025-12-11 23:49:52,652 - hpack.hpack - DEBUG - Decoded (b'referrer-policy', b'origin'), total consumed 19 bytes, indexed False
2025-12-11 23:49:52,652 - hpack.hpack - DEBUG - Decoded 7, consumed 1 bytes
2025-12-11 23:49:52,652 - hpack.hpack - DEBUG - Decoded 7, consumed 1 bytes
2025-12-11 23:49:52,652 - hpack.hpack - DEBUG - Decoded (b'expect-ct', b'max-age=0'), total consumed 17 bytes, indexed False
2025-12-11 23:49:52,652 - httpcore.http2 - DEBUG - receive_response_headers.complete return_value=(202, [(b'server', b'nginx'), (b'date', b'Fri, 12 Dec 2025 02:49:52 GMT'), (b'content-type', b'text/html; charset=UTF-8'), (b'server-timing', b'total;dur=24;desc="Backend Total [n]"'), (b'vary', b'Origin'), (b'strict-transport-security', b'max-age=31536000'), (b'x-robots-tag', b'noindex'), (b'permissions-policy', b'interest-cohort=()'), (b'content-security-policy', b"default-src 'none' ; connect-src  https://duck.ai https://*.duck.ai https://duckduckgo.com https://*.duckduckgo.com https://duckduckgogg42xjoc72x3sjasowoarfbgcmvfimaftt6twagswzczad.onion/ https://spreadprivacy.com ; manifest-src  https://duck.ai https://*.duck.ai https://duckduckgo.com https://*.duckduckgo.com https://duckduckgogg42xjoc72x3sjasowoarfbgcmvfimaftt6twagswzczad.onion/ https://spreadprivacy.com ; media-src  https://duck.ai https://*.duck.ai https://duckduckgo.com https://*.duckduckgo.com https://duckduckgogg42xjoc72x3sjasowoarfbgcmvfimaftt6twagswzczad.onion/ https://spreadprivacy.com ; script-src blob:  https://duck.ai https://*.duck.ai https://duckduckgo.com https://*.duckduckgo.com https://duckduckgogg42xjoc72x3sjasowoarfbgcmvfimaftt6twagswzczad.onion/ https://spreadprivacy.com ; font-src data:  https://duck.ai https://*.duck.ai https://duckduckgo.com https://*.duckduckgo.com https://duckduckgogg42xjoc72x3sjasowoarfbgcmvfimaftt6twagswzczad.onion/ https://spreadprivacy.com ; img-src data:  https://duck.ai https://*.duck.ai https://duckduckgo.com https://*.duckduckgo.com https://duckduckgogg42xjoc72x3sjasowoarfbgcmvfimaftt6twagswzczad.onion/ https://spreadprivacy.com ; style-src  https://duck.ai https://*.duck.ai https://duckduckgo.com https://*.duckduckgo.com https://duckduckgogg42xjoc72x3sjasowoarfbgcmvfimaftt6twagswzczad.onion/ https://spreadprivacy.com ; object-src 'none' ; worker-src blob: ; child-src blob:  https://duck.ai https://*.duck.ai https://duckduckgo.com https://*.duckduckgo.com https://duckduckgogg42xjoc72x3sjasowoarfbgcmvfimaftt6twagswzczad.onion/ https://spreadprivacy.com ; frame-src blob:  https://duck.ai https://*.duck.ai https://duckduckgo.com https://*.duckduckgo.com https://duckduckgogg42xjoc72x3sjasowoarfbgcmvfimaftt6twagswzczad.onion/ https://spreadprivacy.com ; frame-ancestors 'self' ; base-uri 'self' ; block-all-mixed-content ;"), (b'x-frame-options', b'SAMEORIGIN'), (b'x-xss-protection', b'1;mode=block'), (b'x-content-type-options', b'nosniff'), (b'referrer-policy', b'origin'), (b'expect-ct', b'max-age=0')])
2025-12-11 23:49:52,653 - httpx - INFO - HTTP Request: POST https://html.duckduckgo.com/html/ "HTTP/2 202 Accepted"
2025-12-11 23:49:52,653 - httpcore.http2 - DEBUG - receive_response_body.started request=<Request [b'POST']> stream_id=1
2025-12-11 23:49:52,665 - httpcore.http2 - DEBUG - receive_response_body.complete
2025-12-11 23:49:52,665 - httpcore.http2 - DEBUG - response_closed.started stream_id=1
2025-12-11 23:49:52,665 - httpcore.http2 - DEBUG - response_closed.complete
2025-12-11 23:49:52,823 - rquest.util.client.connect.http - DEBUG - connected to 77.88.55.88:443
2025-12-11 23:49:53,111 - rquest.util.client.pool - DEBUG - pooling idle connection for PoolKey { uri: https://yandex.com/, alpn_protos: None, network: default }
2025-12-11 23:49:54,056 - cookie_store.cookie_store - DEBUG - inserting secure cookie 'is_gdpr'
2025-12-11 23:49:54,056 - cookie_store.cookie_store - DEBUG - inserting secure cookie 'is_gdpr_b'
2025-12-11 23:49:54,056 - cookie_store.cookie_store - DEBUG - inserting secure cookie '_yasc'
2025-12-11 23:49:54,056 - cookie_store.cookie_store - DEBUG - inserting secure cookie 'i'
2025-12-11 23:49:54,057 - cookie_store.cookie_store - DEBUG - inserting secure cookie 'yandexuid'
2025-12-11 23:49:54,057 - cookie_store.cookie_store - DEBUG - inserting secure cookie 'yashr'
2025-12-11 23:49:54,057 - cookie_store.cookie_store - DEBUG - inserting secure cookie 'bh'
2025-12-11 23:49:54,057 - primp - INFO - response: https://yandex.com/search/site/?text=bitcoin&web=1&searchid=9364879 200
2025-12-11 23:49:54,213 - ddgs.ddgs - INFO - Error in engine brave: ValueError('not enough values to unpack (expected 2, got 1)')
2025-12-11 23:49:54,217 - rquest.connect - DEBUG - starting new connection: https://search.yahoo.com/
2025-12-11 23:49:54,219 - rquest.util.client.connect.dns - DEBUG - resolving search.yahoo.com
2025-12-11 23:49:54,243 - rquest.util.client.connect.http - DEBUG - connecting to 66.218.84.137:443
2025-12-11 23:49:54,442 - rquest.util.client.connect.http - DEBUG - connected to 66.218.84.137:443
2025-12-11 23:49:54,656 - rquest.util.client.pool - DEBUG - pooling idle connection for PoolKey { uri: https://search.yahoo.com/, alpn_protos: None, network: default }
2025-12-11 23:49:55,285 - cookie_store.cookie_store - DEBUG - inserting secure cookie 'lkl'
2025-12-11 23:49:55,285 - cookie_store.cookie_store - DEBUG - inserting secure cookie 'A1'
2025-12-11 23:49:55,285 - cookie_store.cookie_store - DEBUG - inserting secure cookie 'A3'
2025-12-11 23:49:55,285 - cookie_store.cookie_store - DEBUG - inserting secure cookie 'A1S'
2025-12-11 23:49:55,285 - cookie_store.cookie_store - DEBUG - inserting secure cookie 'dflow'
2025-12-11 23:49:55,286 - primp - INFO - response: https://search.yahoo.com/search;_ylt=KWRUpD5hmSOevMpPjC13qaMX;_ylu=cUh2sLhOlz8F0u5CAOrUkPPdv9Qh-lNh0IqTffYVqO56RDA?p=bitcoin 200
2025-12-11 23:49:55,767 - UNI_v3 - INFO - DuckDuckGo: Coletados 15 resultados com sucesso
2025-12-11 23:49:55,767 - UNI_v3 - INFO - SERP - DuckDuckGo: 15/15 itens válidos após validação
2025-12-11 23:49:55,767 - UNI_v3 - INFO - SERP - DuckDuckGo: 15 resultados coletados com sucesso
2025-12-11 23:49:56,481 - UNI_v3 - INFO - Iniciando coleta de SERP - Google para termo 'bitcoin'
2025-12-11 23:49:56,482 - UNI_v3 - INFO - Google: Iniciando coleta para 'bitcoin' (limite: 15)
2025-12-11 23:49:56,488 - googleapiclient.discovery_cache - INFO - file_cache is only supported with oauth2client<4.0.0
2025-12-11 23:49:56,505 - googleapiclient.discovery - DEBUG - URL being requested: GET https://customsearch.googleapis.com/customsearch/v1?q=bitcoin&cx=f07ccd3b922d6437b&gl=br&lr=lang_pt&start=1&num=10&key=AIzaSyBj80B2fwVvFEMtcQU8tPV_NCNaEmQvzhc&alt=json
2025-12-11 23:49:57,056 - googleapiclient.discovery - DEBUG - URL being requested: GET https://customsearch.googleapis.com/customsearch/v1?q=bitcoin&cx=f07ccd3b922d6437b&gl=br&lr=lang_pt&start=11&num=5&key=AIzaSyBj80B2fwVvFEMtcQU8tPV_NCNaEmQvzhc&alt=json
2025-12-11 23:49:57,551 - UNI_v3 - INFO - Google: Coletados 15 resultados com sucesso
2025-12-11 23:49:57,552 - UNI_v3 - INFO - SERP - Google: 15/15 itens válidos após validação
2025-12-11 23:49:57,552 - UNI_v3 - INFO - SERP - Google: 15 resultados coletados com sucesso
2025-12-11 23:49:58,265 - UNI_v3 - INFO - Iniciando coleta de SERP - Brave para termo 'bitcoin'
2025-12-11 23:49:58,265 - UNI_v3 - INFO - Brave: Iniciando coleta para 'bitcoin' (limite: 15)
2025-12-11 23:49:58,271 - urllib3.connectionpool - DEBUG - Starting new HTTPS connection (1): api.search.brave.com:443
2025-12-11 23:49:59,159 - urllib3.connectionpool - DEBUG - https://api.search.brave.com:443 "GET /res/v1/web/search?q=bitcoin&count=15&country=br HTTP/1.1" 200 None
2025-12-11 23:49:59,333 - UNI_v3 - INFO - Brave: Coletados 15 resultados com sucesso
2025-12-11 23:49:59,335 - UNI_v3 - INFO - SERP - Brave: 15/15 itens válidos após validação
2025-12-11 23:49:59,335 - UNI_v3 - INFO - SERP - Brave: 15 resultados coletados com sucesso
2025-12-11 23:50:00,049 - UNI_v3 - INFO - Iniciando coleta de SERP - Bing para termo 'bitcoin'
2025-12-11 23:50:00,055 - urllib3.connectionpool - DEBUG - Starting new HTTPS connection (1): serpapi.com:443
2025-12-11 23:50:00,335 - urllib3.connectionpool - DEBUG - https://serpapi.com:443 "GET /search?engine=bing&q=bitcoin&cc=br&count=15&api_key=e71430bcff8bdc906f7a5ed9ae1538355c2efb0fb88ffa071f7125a76cc2b142 HTTP/1.1" 200 None
2025-12-11 23:50:00,337 - UNI_v3 - INFO - Bing: Coletados 10 resultados com sucesso
2025-12-11 23:50:00,339 - UNI_v3 - INFO - SERP - Bing: 10/10 itens válidos após validação
2025-12-11 23:50:00,339 - UNI_v3 - INFO - SERP - Bing: 10 resultados coletados com sucesso
2025-12-11 23:50:00,878 - UNI_v3 - INFO - YouTube: Iniciando coleta para 'bitcoin' (limite: 15)
2025-12-11 23:50:00,880 - googleapiclient.discovery_cache - INFO - file_cache is only supported with oauth2client<4.0.0
2025-12-11 23:50:00,890 - googleapiclient.discovery - DEBUG - URL being requested: GET https://youtube.googleapis.com/youtube/v3/search?part=snippet&q=bitcoin&type=video&maxResults=15&order=relevance&regionCode=BR&relevanceLanguage=pt&key=AIzaSyBj80B2fwVvFEMtcQU8tPV_NCNaEmQvzhc&alt=json
2025-12-11 23:50:01,450 - googleapiclient.discovery - DEBUG - URL being requested: GET https://youtube.googleapis.com/youtube/v3/videos?part=statistics%2CcontentDetails%2Csnippet%2Cstatus&id=4r5G_EWUGqM%2CdloBqocJ39I%2CuYro8SWqirM%2CNsX0dhmdGwk%2CrH6PLR7-2ps%2CHU6nJNbjpZc%2CR4dVZbD1ZdI%2CBWaykbR0GVo%2CEV_TftnS-dI%2CnrXsD5kJYYs%2CH12gMVRjIns%2C3yuFhsv8FXA%2CUJ15dLYUFiA%2CBgxhP4RA7o4%2CYy4ku6dEPlI&key=AIzaSyBj80B2fwVvFEMtcQU8tPV_NCNaEmQvzhc&alt=json
2025-12-11 23:50:01,770 - UNI_v3 - INFO - YouTube: Coletados 15 resultados com sucesso
2025-12-11 23:50:01,976 - UNI_v3 - INFO - Reddit: Iniciando coleta para 'bitcoin' (subreddit: all, limite: 15)
2025-12-11 23:50:01,979 - prawcore - DEBUG - Fetching: GET https://oauth.reddit.com/r/all/search/ at 1765507801.9797919
2025-12-11 23:50:01,980 - prawcore - DEBUG - Data: None
2025-12-11 23:50:01,980 - prawcore - DEBUG - Params: {'limit': 15,
 'q': 'bitcoin',
 'raw_json': 1,
 'restrict_sr': False,
 'sort': 'relevance',
 'syntax': 'lucene',
 't': 'all'}
2025-12-11 23:50:02,000 - urllib3.connectionpool - DEBUG - Starting new HTTPS connection (1): www.reddit.com:443
2025-12-11 23:50:02,194 - urllib3.connectionpool - DEBUG - https://www.reddit.com:443 "POST /api/v1/access_token HTTP/1.1" 200 656
2025-12-11 23:50:02,200 - urllib3.connectionpool - DEBUG - Starting new HTTPS connection (1): oauth.reddit.com:443
2025-12-11 23:50:02,669 - urllib3.connectionpool - DEBUG - https://oauth.reddit.com:443 "GET /r/all/search/?q=bitcoin&restrict_sr=False&sort=relevance&syntax=lucene&t=all&limit=15&raw_json=1 HTTP/1.1" 200 11849
2025-12-11 23:50:02,672 - prawcore - DEBUG - Response: 200 (11849 bytes) (rst-597:rem-999.0:used-1 ratelimit) at 1765507802.672054
2025-12-11 23:50:02,677 - prawcore - DEBUG - Fetching: GET https://oauth.reddit.com/r/Buttcoin/about/ at 1765507802.6771898
2025-12-11 23:50:02,677 - prawcore - DEBUG - Data: None
2025-12-11 23:50:02,677 - prawcore - DEBUG - Params: {'raw_json': 1}
2025-12-11 23:50:02,878 - urllib3.connectionpool - DEBUG - https://oauth.reddit.com:443 "GET /r/Buttcoin/about/?raw_json=1 HTTP/1.1" 200 3588
2025-12-11 23:50:02,880 - prawcore - DEBUG - Response: 200 (3588 bytes) (rst-597:rem-998.0:used-2 ratelimit) at 1765507802.880311
2025-12-11 23:50:02,881 - prawcore - DEBUG - Fetching: GET https://oauth.reddit.com/user/FUMoney/about/ at 1765507802.881263
2025-12-11 23:50:02,881 - prawcore - DEBUG - Data: None
2025-12-11 23:50:02,881 - prawcore - DEBUG - Params: {'raw_json': 1}
2025-12-11 23:50:03,332 - urllib3.connectionpool - DEBUG - https://oauth.reddit.com:443 "GET /user/FUMoney/about/?raw_json=1 HTTP/1.1" 200 852
2025-12-11 23:50:03,333 - prawcore - DEBUG - Response: 200 (852 bytes) (rst-596:rem-997.0:used-3 ratelimit) at 1765507803.333419
2025-12-11 23:50:03,337 - prawcore - DEBUG - Fetching: GET https://oauth.reddit.com/r/Bitcoin/about/ at 1765507803.3371782
2025-12-11 23:50:03,337 - prawcore - DEBUG - Data: None
2025-12-11 23:50:03,337 - prawcore - DEBUG - Params: {'raw_json': 1}
2025-12-11 23:50:03,523 - urllib3.connectionpool - DEBUG - https://oauth.reddit.com:443 "GET /r/Bitcoin/about/?raw_json=1 HTTP/1.1" 200 5252
2025-12-11 23:50:03,526 - prawcore - DEBUG - Response: 200 (5252 bytes) (rst-596:rem-996.0:used-4 ratelimit) at 1765507803.5262442
2025-12-11 23:50:03,527 - prawcore - DEBUG - Fetching: GET https://oauth.reddit.com/user/Green_Candler/about/ at 1765507803.5272372
2025-12-11 23:50:03,527 - prawcore - DEBUG - Data: None
2025-12-11 23:50:03,527 - prawcore - DEBUG - Params: {'raw_json': 1}
2025-12-11 23:50:03,715 - urllib3.connectionpool - DEBUG - https://oauth.reddit.com:443 "GET /user/Green_Candler/about/?raw_json=1 HTTP/1.1" 200 844
2025-12-11 23:50:03,717 - prawcore - DEBUG - Response: 200 (844 bytes) (rst-596:rem-995.0:used-5 ratelimit) at 1765507803.717319
2025-12-11 23:50:03,720 - prawcore - DEBUG - Fetching: GET https://oauth.reddit.com/r/Bitcoin/about/ at 1765507803.72092
2025-12-11 23:50:03,721 - prawcore - DEBUG - Data: None
2025-12-11 23:50:03,721 - prawcore - DEBUG - Params: {'raw_json': 1}
2025-12-11 23:50:03,910 - urllib3.connectionpool - DEBUG - https://oauth.reddit.com:443 "GET /r/Bitcoin/about/?raw_json=1 HTTP/1.1" 200 5252
2025-12-11 23:50:03,910 - prawcore - DEBUG - Response: 200 (5252 bytes) (rst-596:rem-994.0:used-6 ratelimit) at 1765507803.910825
2025-12-11 23:50:03,911 - prawcore - DEBUG - Fetching: GET https://oauth.reddit.com/user/Ashamed-Designer-174/about/ at 1765507803.911283
2025-12-11 23:50:03,911 - prawcore - DEBUG - Data: None
2025-12-11 23:50:03,911 - prawcore - DEBUG - Params: {'raw_json': 1}
2025-12-11 23:50:04,117 - urllib3.connectionpool - DEBUG - https://oauth.reddit.com:443 "GET /user/Ashamed-Designer-174/about/?raw_json=1 HTTP/1.1" 200 746
2025-12-11 23:50:04,118 - prawcore - DEBUG - Response: 200 (746 bytes) (rst-595:rem-993.0:used-7 ratelimit) at 1765507804.11879
2025-12-11 23:50:04,122 - prawcore - DEBUG - Fetching: GET https://oauth.reddit.com/r/Bitcoin/about/ at 1765507804.122269
2025-12-11 23:50:04,122 - prawcore - DEBUG - Data: None
2025-12-11 23:50:04,123 - prawcore - DEBUG - Params: {'raw_json': 1}
2025-12-11 23:50:04,323 - urllib3.connectionpool - DEBUG - https://oauth.reddit.com:443 "GET /r/Bitcoin/about/?raw_json=1 HTTP/1.1" 200 5252
2025-12-11 23:50:04,325 - prawcore - DEBUG - Response: 200 (5252 bytes) (rst-595:rem-992.0:used-8 ratelimit) at 1765507804.3257039
2025-12-11 23:50:04,326 - prawcore - DEBUG - Fetching: GET https://oauth.reddit.com/user/I_killed_the_kraken/about/ at 1765507804.326826
2025-12-11 23:50:04,327 - prawcore - DEBUG - Data: None
2025-12-11 23:50:04,327 - prawcore - DEBUG - Params: {'raw_json': 1}
2025-12-11 23:50:04,523 - urllib3.connectionpool - DEBUG - https://oauth.reddit.com:443 "GET /user/I_killed_the_kraken/about/?raw_json=1 HTTP/1.1" 200 1011
2025-12-11 23:50:04,525 - prawcore - DEBUG - Response: 200 (1011 bytes) (rst-595:rem-991.0:used-9 ratelimit) at 1765507804.525364
2025-12-11 23:50:04,529 - prawcore - DEBUG - Fetching: GET https://oauth.reddit.com/r/Anticonsumption/about/ at 1765507804.529495
2025-12-11 23:50:04,529 - prawcore - DEBUG - Data: None
2025-12-11 23:50:04,530 - prawcore - DEBUG - Params: {'raw_json': 1}
2025-12-11 23:50:04,530 - prawcore - DEBUG - Sleeping: 0.40 seconds prior to call
2025-12-11 23:50:05,125 - urllib3.connectionpool - DEBUG - https://oauth.reddit.com:443 "GET /r/Anticonsumption/about/?raw_json=1 HTTP/1.1" 200 4913
2025-12-11 23:50:05,127 - prawcore - DEBUG - Response: 200 (4913 bytes) (rst-594:rem-990.0:used-10 ratelimit) at 1765507805.12729
2025-12-11 23:50:05,128 - prawcore - DEBUG - Fetching: GET https://oauth.reddit.com/user/gnarlytabby/about/ at 1765507805.128334
2025-12-11 23:50:05,128 - prawcore - DEBUG - Data: None
2025-12-11 23:50:05,128 - prawcore - DEBUG - Params: {'raw_json': 1}
2025-12-11 23:50:05,323 - urllib3.connectionpool - DEBUG - https://oauth.reddit.com:443 "GET /user/gnarlytabby/about/?raw_json=1 HTTP/1.1" 200 773
2025-12-11 23:50:05,324 - prawcore - DEBUG - Response: 200 (773 bytes) (rst-594:rem-989.0:used-11 ratelimit) at 1765507805.324342
2025-12-11 23:50:05,329 - prawcore - DEBUG - Fetching: GET https://oauth.reddit.com/r/Bitcoin/about/ at 1765507805.329355
2025-12-11 23:50:05,329 - prawcore - DEBUG - Data: None
2025-12-11 23:50:05,329 - prawcore - DEBUG - Params: {'raw_json': 1}
2025-12-11 23:50:05,330 - prawcore - DEBUG - Sleeping: 0.59 seconds prior to call
2025-12-11 23:50:06,139 - urllib3.connectionpool - DEBUG - https://oauth.reddit.com:443 "GET /r/Bitcoin/about/?raw_json=1 HTTP/1.1" 200 5252
2025-12-11 23:50:06,141 - prawcore - DEBUG - Response: 200 (5252 bytes) (rst-593:rem-988.0:used-12 ratelimit) at 1765507806.141484
2025-12-11 23:50:06,143 - prawcore - DEBUG - Fetching: GET https://oauth.reddit.com/user/Realistts/about/ at 1765507806.142976
2025-12-11 23:50:06,143 - prawcore - DEBUG - Data: None
2025-12-11 23:50:06,143 - prawcore - DEBUG - Params: {'raw_json': 1}
2025-12-11 23:50:06,143 - prawcore - DEBUG - Sleeping: 0.20 seconds prior to call
2025-12-11 23:50:06,543 - urllib3.connectionpool - DEBUG - https://oauth.reddit.com:443 "GET /user/Realistts/about/?raw_json=1 HTTP/1.1" 404 None
2025-12-11 23:50:06,544 - prawcore - DEBUG - Response: 404 (None bytes) (rst-593:rem-987.0:used-13 ratelimit) at 1765507806.54418
2025-12-11 23:50:06,544 - UNI_v3 - ERROR - Reddit: Erro na coleta: received 404 HTTP response
2025-12-11 23:50:06,545 - UNI_v3 - DEBUG - Traceback (most recent call last):
  File "/Users/eas/Desktop/github/emersonalmeida/emersonalmeida.github.io/project/uni/uni_v3.py", line 711, in coletar_reddit
    "author_flair": getattr(post.author, 'flair_text', '') if post.author else "",
  File "/Users/eas/Library/Python/3.9/lib/python/site-packages/praw/models/reddit/base.py", line 38, in __getattr__
    self._fetch()
  File "/Users/eas/Library/Python/3.9/lib/python/site-packages/praw/models/reddit/redditor.py", line 181, in _fetch
    data = self._fetch_data()
  File "/Users/eas/Library/Python/3.9/lib/python/site-packages/praw/models/reddit/base.py", line 89, in _fetch_data
    return self._reddit.request(method="GET", params=params, path=path)
  File "/Users/eas/Library/Python/3.9/lib/python/site-packages/praw/util/deprecate_args.py", line 46, in wrapped
    return func(**dict(zip(_old_args, args)), **kwargs)
  File "/Users/eas/Library/Python/3.9/lib/python/site-packages/praw/reddit.py", line 963, in request
    return self._core.request(
  File "/Users/eas/Library/Python/3.9/lib/python/site-packages/prawcore/sessions.py", line 328, in request
    return self._request_with_retries(
  File "/Users/eas/Library/Python/3.9/lib/python/site-packages/prawcore/sessions.py", line 267, in _request_with_retries
    raise self.STATUS_EXCEPTIONS[response.status_code](response)
prawcore.exceptions.NotFound: received 404 HTTP response

2025-12-11 23:50:06,750 - UNI_v3 - INFO - Iniciando coleta de Google News para termo 'bitcoin'
2025-12-11 23:50:06,754 - urllib3.connectionpool - DEBUG - Starting new HTTPS connection (1): gnews.io:443
2025-12-11 23:50:07,310 - urllib3.connectionpool - DEBUG - https://gnews.io:443 "GET /api/v4/search?q=bitcoin&lang=pt&country=br&max=15&apikey=91a7bc222ecfdac6c60019c4fb1ec87c HTTP/1.1" 200 None
2025-12-11 23:50:07,312 - UNI_v3 - INFO - Google News: Coletados 10 resultados com sucesso
2025-12-11 23:50:07,314 - UNI_v3 - INFO - Google News: 10/10 itens válidos após validação
2025-12-11 23:50:07,314 - UNI_v3 - INFO - Google News: 10 resultados coletados com sucesso
2025-12-11 23:50:07,860 - UNI_v3 - INFO - Iniciando coleta de Hacker News para termo 'bitcoin'
2025-12-11 23:50:07,861 - UNI_v3 - INFO - Hacker News: Iniciando coleta para 'bitcoin' (limite: 15)
2025-12-11 23:50:07,866 - urllib3.connectionpool - DEBUG - Starting new HTTPS connection (1): hn.algolia.com:443
2025-12-11 23:50:08,280 - urllib3.connectionpool - DEBUG - https://hn.algolia.com:443 "GET /api/v1/search?query=bitcoin&tags=story&hitsPerPage=15&numericFilters= HTTP/1.1" 200 20755
2025-12-11 23:50:08,309 - UNI_v3 - INFO - Hacker News: Coletados 15 resultados com sucesso
2025-12-11 23:50:08,311 - UNI_v3 - INFO - Hacker News: 15/15 itens válidos após validação
2025-12-11 23:50:08,311 - UNI_v3 - INFO - Hacker News: 15 resultados coletados com sucesso
2025-12-11 23:50:09,026 - UNI_v3 - INFO - Iniciando coleta de GitHub para termo 'bitcoin'
2025-12-11 23:50:09,047 - urllib3.connectionpool - DEBUG - Starting new HTTPS connection (1): api.github.com:443
2025-12-11 23:50:09,629 - urllib3.connectionpool - DEBUG - https://api.github.com:443 "GET /search/repositories?q=bitcoin&sort=stars&order=desc&per_page=15 HTTP/1.1" 200 None
2025-12-11 23:50:09,630 - UNI_v3 - INFO - GitHub: Coletados 15 resultados com sucesso
2025-12-11 23:50:09,630 - UNI_v3 - INFO - GitHub: 15/15 itens válidos após validação
2025-12-11 23:50:09,630 - UNI_v3 - INFO - GitHub: 15 resultados coletados com sucesso
2025-12-11 23:50:10,383 - UNI_v3 - INFO - Iniciando coleta de arXiv para termo 'bitcoin'
2025-12-11 23:50:10,383 - UNI_v3 - INFO - arXiv: Iniciando coleta para 'bitcoin' (limite: 15)
2025-12-11 23:50:10,398 - urllib3.connectionpool - DEBUG - Starting new HTTP connection (1): export.arxiv.org:80
2025-12-11 23:50:10,425 - urllib3.connectionpool - DEBUG - http://export.arxiv.org:80 "GET /api/query?search_query=all:bitcoin&start=0&max_results=15&sortBy=relevance HTTP/1.1" 301 0
2025-12-11 23:50:10,439 - urllib3.connectionpool - DEBUG - Starting new HTTPS connection (1): export.arxiv.org:443
2025-12-11 23:50:11,581 - urllib3.connectionpool - DEBUG - https://export.arxiv.org:443 "GET /api/query?search_query=all:bitcoin&start=0&max_results=15&sortBy=relevance HTTP/1.1" 200 30047
2025-12-11 23:50:11,603 - UNI_v3 - INFO - arXiv: Coletados 15 resultados com sucesso
2025-12-11 23:50:11,604 - UNI_v3 - INFO - arXiv: 15/15 itens válidos após validação
2025-12-11 23:50:11,604 - UNI_v3 - INFO - arXiv: 15 resultados coletados com sucesso
2025-12-11 23:50:12,311 - UNI_v3 - INFO - Iniciando coleta de Wikipedia para termo 'bitcoin'
2025-12-11 23:50:12,312 - UNI_v3 - INFO - Wikipedia: Iniciando coleta para 'bitcoin' (limite: 15, lang: pt)
2025-12-11 23:50:12,316 - urllib3.connectionpool - DEBUG - Starting new HTTPS connection (1): pt.wikipedia.org:443
2025-12-11 23:50:12,660 - urllib3.connectionpool - DEBUG - https://pt.wikipedia.org:443 "GET /w/api.php?action=query&format=json&list=search&srsearch=bitcoin&srlimit=15&srnamespace=0 HTTP/1.1" 200 None
2025-12-11 23:50:12,667 - urllib3.connectionpool - DEBUG - Starting new HTTPS connection (1): pt.wikipedia.org:443
2025-12-11 23:50:12,769 - urllib3.connectionpool - DEBUG - https://pt.wikipedia.org:443 "GET /api/rest_v1/page/summary/Bitcoin HTTP/1.1" 200 633
2025-12-11 23:50:12,775 - urllib3.connectionpool - DEBUG - Starting new HTTPS connection (1): pt.wikipedia.org:443
2025-12-11 23:50:12,877 - urllib3.connectionpool - DEBUG - https://pt.wikipedia.org:443 "GET /api/rest_v1/page/summary/Satoshi_Nakamoto HTTP/1.1" 200 996
2025-12-11 23:50:12,883 - urllib3.connectionpool - DEBUG - Starting new HTTPS connection (1): pt.wikipedia.org:443
2025-12-11 23:50:12,987 - urllib3.connectionpool - DEBUG - https://pt.wikipedia.org:443 "GET /api/rest_v1/page/summary/Mercado_Bitcoin HTTP/1.1" 200 779
2025-12-11 23:50:12,996 - urllib3.connectionpool - DEBUG - Starting new HTTPS connection (1): pt.wikipedia.org:443
2025-12-11 23:50:13,098 - urllib3.connectionpool - DEBUG - https://pt.wikipedia.org:443 "GET /api/rest_v1/page/summary/Minera%C3%A7%C3%A3o_de_Bitcoin HTTP/1.1" 200 795
2025-12-11 23:50:13,104 - urllib3.connectionpool - DEBUG - Starting new HTTPS connection (1): pt.wikipedia.org:443
2025-12-11 23:50:13,353 - urllib3.connectionpool - DEBUG - https://pt.wikipedia.org:443 "GET /api/rest_v1/page/summary/Litecoin HTTP/1.1" 200 None
2025-12-11 23:50:13,363 - urllib3.connectionpool - DEBUG - Starting new HTTPS connection (1): pt.wikipedia.org:443
2025-12-11 23:50:13,466 - urllib3.connectionpool - DEBUG - https://pt.wikipedia.org:443 "GET /api/rest_v1/page/summary/Monero HTTP/1.1" 200 656
2025-12-11 23:50:13,474 - urllib3.connectionpool - DEBUG - Starting new HTTPS connection (1): pt.wikipedia.org:443
2025-12-11 23:50:13,584 - urllib3.connectionpool - DEBUG - https://pt.wikipedia.org:443 "GET /api/rest_v1/page/summary/Hal_Finney HTTP/1.1" 200 775
2025-12-11 23:50:13,594 - urllib3.connectionpool - DEBUG - Starting new HTTPS connection (1): pt.wikipedia.org:443
2025-12-11 23:50:13,694 - urllib3.connectionpool - DEBUG - https://pt.wikipedia.org:443 "GET /api/rest_v1/page/summary/Vitalik_Buterin HTTP/1.1" 200 631
2025-12-11 23:50:13,700 - urllib3.connectionpool - DEBUG - Starting new HTTPS connection (1): pt.wikipedia.org:443
2025-12-11 23:50:13,805 - urllib3.connectionpool - DEBUG - https://pt.wikipedia.org:443 "GET /api/rest_v1/page/summary/El_Salvador HTTP/1.1" 200 903
2025-12-11 23:50:13,814 - urllib3.connectionpool - DEBUG - Starting new HTTPS connection (1): pt.wikipedia.org:443
2025-12-11 23:50:13,917 - urllib3.connectionpool - DEBUG - https://pt.wikipedia.org:443 "GET /api/rest_v1/page/summary/Criptomoeda HTTP/1.1" 200 946
2025-12-11 23:50:13,922 - urllib3.connectionpool - DEBUG - Starting new HTTPS connection (1): pt.wikipedia.org:443
2025-12-11 23:50:14,022 - urllib3.connectionpool - DEBUG - https://pt.wikipedia.org:443 "GET /api/rest_v1/page/summary/Lista_de_criptomoedas HTTP/1.1" 200 713
2025-12-11 23:50:14,027 - urllib3.connectionpool - DEBUG - Starting new HTTPS connection (1): pt.wikipedia.org:443
2025-12-11 23:50:14,130 - urllib3.connectionpool - DEBUG - https://pt.wikipedia.org:443 "GET /api/rest_v1/page/summary/Lista_de_portas_dos_protocolos_TCP_e_UDP HTTP/1.1" 200 824
2025-12-11 23:50:14,138 - urllib3.connectionpool - DEBUG - Starting new HTTPS connection (1): pt.wikipedia.org:443
2025-12-11 23:50:14,381 - urllib3.connectionpool - DEBUG - https://pt.wikipedia.org:443 "GET /api/rest_v1/page/summary/Blockchain HTTP/1.1" 200 1002
2025-12-11 23:50:14,391 - urllib3.connectionpool - DEBUG - Starting new HTTPS connection (1): pt.wikipedia.org:443
2025-12-11 23:50:14,500 - urllib3.connectionpool - DEBUG - https://pt.wikipedia.org:443 "GET /api/rest_v1/page/summary/Tether_(criptomoeda) HTTP/1.1" 200 683
2025-12-11 23:50:14,506 - urllib3.connectionpool - DEBUG - Starting new HTTPS connection (1): pt.wikipedia.org:443
2025-12-11 23:50:14,616 - urllib3.connectionpool - DEBUG - https://pt.wikipedia.org:443 "GET /api/rest_v1/page/summary/Bitcoin_Cash HTTP/1.1" 200 1160
2025-12-11 23:50:14,621 - UNI_v3 - INFO - Wikipedia: Coletados 15 resultados com sucesso
2025-12-11 23:50:14,625 - UNI_v3 - INFO - Wikipedia: 15/15 itens válidos após validação
2025-12-11 23:50:14,625 - UNI_v3 - INFO - Wikipedia: 15 resultados coletados com sucesso
2025-12-11 23:50:15,342 - UNI_v3 - INFO - Iniciando coleta de Google Scholar para termo 'bitcoin'
2025-12-11 23:50:15,347 - urllib3.connectionpool - DEBUG - Starting new HTTPS connection (1): api.semanticscholar.org:443
2025-12-11 23:50:15,981 - urllib3.connectionpool - DEBUG - https://api.semanticscholar.org:443 "GET /graph/v1/paper/search?query=bitcoin&limit=15&fields=title%2Cauthors%2Cyear%2Curl%2Cabstract%2CcitationCount%2CreferenceCount%2Cvenue%2CfieldsOfStudy%2CpublicationTypes%2CpublicationDate%2Cjournal%2CexternalIds HTTP/1.1" 429 174
2025-12-11 23:50:15,982 - UNI_v3 - ERROR - Google Scholar: Erro de requisição: 429 Client Error:  for url: https://api.semanticscholar.org/graph/v1/paper/search?query=bitcoin&limit=15&fields=title%2Cauthors%2Cyear%2Curl%2Cabstract%2CcitationCount%2CreferenceCount%2Cvenue%2CfieldsOfStudy%2CpublicationTypes%2CpublicationDate%2Cjournal%2CexternalIds
2025-12-11 23:50:15,984 - UNI_v3 - WARNING - Google Scholar: Nenhum resultado válido encontrado
2025-12-11 23:50:16,185 - UNI_v3 - INFO - Iniciando coleta de Google Play para termo 'bitcoin'
2025-12-11 23:50:16,185 - UNI_v3 - INFO - Google Play: Iniciando coleta para 'bitcoin' (limite: 15)
2025-12-11 23:50:16,186 - UNI_v3 - ERROR - Google Play: Erro na coleta: search() got an unexpected keyword argument 'n'
2025-12-11 23:50:16,186 - UNI_v3 - DEBUG - Traceback (most recent call last):
  File "/Users/eas/Desktop/github/emersonalmeida/emersonalmeida.github.io/project/uni/uni_v3.py", line 1071, in coletar_google_play
    apps = gplay_search(term, lang=lang, country=country, n=n)
TypeError: search() got an unexpected keyword argument 'n'

2025-12-11 23:50:16,186 - UNI_v3 - WARNING - Google Play: Nenhum resultado válido encontrado
2025-12-11 23:50:16,391 - UNI_v3 - INFO - Iniciando coleta de Apple App Store para termo 'bitcoin'
2025-12-11 23:50:16,391 - UNI_v3 - INFO - Apple App Store: Iniciando coleta para 'bitcoin' (limite: 15)
2025-12-11 23:50:16,392 - UNI_v3 - WARNING - Apple App Store: Biblioteca app_store_scraper não disponível
2025-12-11 23:50:16,392 - UNI_v3 - WARNING - Apple App Store: Nenhum resultado válido encontrado
2025-12-11 23:50:16,613 - UNI_v3 - INFO - : 15/15 itens válidos após validação
2025-12-11 23:50:16,621 - UNI_v3 - INFO - : Salvo 15 registros com 8 colunas em google_suggest.csv
2025-12-11 23:50:16,621 - UNI_v3 - INFO - : 15/15 itens válidos após validação
2025-12-11 23:50:16,624 - UNI_v3 - INFO - : Salvo 15 registros com 7 colunas em serp___duckduckgo.csv
2025-12-11 23:50:16,624 - UNI_v3 - INFO - : 15/15 itens válidos após validação
2025-12-11 23:50:16,627 - UNI_v3 - INFO - : Salvo 15 registros com 12 colunas em serp___google.csv
2025-12-11 23:50:16,627 - UNI_v3 - INFO - : 15/15 itens válidos após validação
2025-12-11 23:50:16,633 - UNI_v3 - INFO - : Salvo 15 registros com 9 colunas em serp___brave.csv
2025-12-11 23:50:16,633 - UNI_v3 - INFO - : 10/10 itens válidos após validação
2025-12-11 23:50:16,635 - UNI_v3 - INFO - : Salvo 10 registros com 9 colunas em serp___bing.csv
2025-12-11 23:50:16,635 - UNI_v3 - INFO - : 15/15 itens válidos após validação
2025-12-11 23:50:16,637 - UNI_v3 - INFO - : Salvo 15 registros com 21 colunas em youtube.csv
2025-12-11 23:50:16,637 - UNI_v3 - INFO - : 5/5 itens válidos após validação
2025-12-11 23:50:16,639 - UNI_v3 - INFO - : Salvo 5 registros com 25 colunas em reddit.csv
2025-12-11 23:50:16,639 - UNI_v3 - INFO - : 10/10 itens válidos após validação
2025-12-11 23:50:16,641 - UNI_v3 - INFO - : Salvo 10 registros com 12 colunas em google_news.csv
2025-12-11 23:50:16,641 - UNI_v3 - INFO - : 15/15 itens válidos após validação
2025-12-11 23:50:16,642 - UNI_v3 - INFO - : Salvo 15 registros com 18 colunas em hacker_news.csv
2025-12-11 23:50:16,643 - UNI_v3 - INFO - : 15/15 itens válidos após validação
2025-12-11 23:50:16,645 - UNI_v3 - INFO - : Salvo 15 registros com 23 colunas em github.csv
2025-12-11 23:50:16,645 - UNI_v3 - INFO - : 15/15 itens válidos após validação
2025-12-11 23:50:16,647 - UNI_v3 - INFO - : Salvo 15 registros com 16 colunas em arxiv.csv
2025-12-11 23:50:16,648 - UNI_v3 - INFO - : 15/15 itens válidos após validação
2025-12-11 23:50:16,649 - UNI_v3 - INFO - : Salvo 15 registros com 17 colunas em wikipedia.csv
2025-12-11 23:50:16,667 - UNI_v3 - INFO - : JSON salvo em resultados_completos.json
2025-12-12 00:00:12,422 - UNI_v3 - INFO - Aplicação encerrada pelo usuário
